build	Set up job	∩╗┐2026-04-28T11:24:51.9394609Z Current runner version: '2.334.0'
build	Set up job	2026-04-28T11:24:51.9417985Z ##[group]Runner Image Provisioner
build	Set up job	2026-04-28T11:24:51.9418912Z Hosted Compute Agent
build	Set up job	2026-04-28T11:24:51.9419519Z Version: 20260213.493
build	Set up job	2026-04-28T11:24:51.9420143Z Commit: 5c115507f6dd24b8de37d8bbe0bb4509d0cc0fa3
build	Set up job	2026-04-28T11:24:51.9420899Z Build Date: 2026-02-13T00:28:41Z
build	Set up job	2026-04-28T11:24:51.9421583Z Worker ID: {aa3082d6-461d-433e-9c8d-86f3c1ee6e99}
build	Set up job	2026-04-28T11:24:51.9422516Z Azure Region: westus3
build	Set up job	2026-04-28T11:24:51.9423069Z ##[endgroup]
build	Set up job	2026-04-28T11:24:51.9424876Z ##[group]Operating System
build	Set up job	2026-04-28T11:24:51.9425514Z Ubuntu
build	Set up job	2026-04-28T11:24:51.9426085Z 24.04.4
build	Set up job	2026-04-28T11:24:51.9426536Z LTS
build	Set up job	2026-04-28T11:24:51.9427047Z ##[endgroup]
build	Set up job	2026-04-28T11:24:51.9427625Z ##[group]Runner Image
build	Set up job	2026-04-28T11:24:51.9428185Z Image: ubuntu-24.04
build	Set up job	2026-04-28T11:24:51.9428704Z Version: 20260413.86.1
build	Set up job	2026-04-28T11:24:51.9429755Z Included Software: https://github.com/actions/runner-images/blob/ubuntu24/20260413.86/images/ubuntu/Ubuntu2404-Readme.md
build	Set up job	2026-04-28T11:24:51.9431492Z Image Release: https://github.com/actions/runner-images/releases/tag/ubuntu24%2F20260413.86
build	Set up job	2026-04-28T11:24:51.9432683Z ##[endgroup]
build	Set up job	2026-04-28T11:24:51.9433671Z ##[group]GITHUB_TOKEN Permissions
build	Set up job	2026-04-28T11:24:51.9436131Z Contents: write
build	Set up job	2026-04-28T11:24:51.9436742Z Metadata: read
build	Set up job	2026-04-28T11:24:51.9437220Z ##[endgroup]
build	Set up job	2026-04-28T11:24:51.9439286Z Secret source: Actions
build	Set up job	2026-04-28T11:24:51.9440030Z Prepare workflow directory
build	Set up job	2026-04-28T11:24:51.9780327Z Prepare all required actions
build	Set up job	2026-04-28T11:24:51.9818264Z Getting action download info
build	Set up job	2026-04-28T11:24:52.6563086Z Download action repository 'actions/checkout@v4' (SHA:34e114876b0b11c390a56381ad16ebd13914f8d5)
build	Set up job	2026-04-28T11:24:52.7728550Z Download action repository 'actions/setup-java@v4' (SHA:c1e323688fd81a25caa38c78aa6df2d33d3e20d9)
build	Set up job	2026-04-28T11:24:53.9994400Z Download action repository 'android-actions/setup-android@v3' (SHA:9fc6c4e9069bf8d3d10b2204b1fb8f6ef7065407)
build	Set up job	2026-04-28T11:24:54.8149994Z Download action repository 'gradle/actions@v3' (SHA:d9c87d481d55275bb5441eef3fe0e46805f9ef70)
build	Set up job	2026-04-28T11:24:56.4733522Z Download action repository 'actions/upload-artifact@v4' (SHA:ea165f8d65b6e75b540449e92b4886f43607fa02)
build	Set up job	2026-04-28T11:24:56.5706180Z Download action repository 'softprops/action-gh-release@v2' (SHA:3bb12739c298aeb8a4eeaf626c5b8d85266b0e65)
build	Set up job	2026-04-28T11:24:57.4448229Z Complete job name: build
build	Checkout	∩╗┐2026-04-28T11:24:57.5189794Z ##[group]Run actions/checkout@v4
build	Checkout	2026-04-28T11:24:57.5190392Z with:
build	Checkout	2026-04-28T11:24:57.5190625Z   repository: LiptontechDesign/StockWatchdog
build	Checkout	2026-04-28T11:24:57.5191063Z   token: ***
build	Checkout	2026-04-28T11:24:57.5191257Z   ssh-strict: true
build	Checkout	2026-04-28T11:24:57.5191447Z   ssh-user: git
build	Checkout	2026-04-28T11:24:57.5191644Z   persist-credentials: true
build	Checkout	2026-04-28T11:24:57.5192217Z   clean: true
build	Checkout	2026-04-28T11:24:57.5192431Z   sparse-checkout-cone-mode: true
build	Checkout	2026-04-28T11:24:57.5192672Z   fetch-depth: 1
build	Checkout	2026-04-28T11:24:57.5192866Z   fetch-tags: false
build	Checkout	2026-04-28T11:24:57.5193058Z   show-progress: true
build	Checkout	2026-04-28T11:24:57.5193261Z   lfs: false
build	Checkout	2026-04-28T11:24:57.5193433Z   submodules: false
build	Checkout	2026-04-28T11:24:57.5193628Z   set-safe-directory: true
build	Checkout	2026-04-28T11:24:57.5194112Z ##[endgroup]
build	Checkout	2026-04-28T11:24:57.6279182Z Syncing repository: LiptontechDesign/StockWatchdog
build	Checkout	2026-04-28T11:24:57.6280554Z ##[group]Getting Git version info
build	Checkout	2026-04-28T11:24:57.6281031Z Working directory is '/home/runner/work/StockWatchdog/StockWatchdog'
build	Checkout	2026-04-28T11:24:57.6281678Z [command]/usr/bin/git version
build	Checkout	2026-04-28T11:24:57.6321024Z git version 2.53.0
build	Checkout	2026-04-28T11:24:57.6346974Z ##[endgroup]
build	Checkout	2026-04-28T11:24:57.6360559Z Temporarily overriding HOME='/home/runner/work/_temp/58233cf5-fa01-4d8a-ae33-a08cc05ac6e3' before making global git config changes
build	Checkout	2026-04-28T11:24:57.6361477Z Adding repository directory to the temporary git global config as a safe directory
build	Checkout	2026-04-28T11:24:57.6373560Z [command]/usr/bin/git config --global --add safe.directory /home/runner/work/StockWatchdog/StockWatchdog
build	Checkout	2026-04-28T11:24:57.6404362Z Deleting the contents of '/home/runner/work/StockWatchdog/StockWatchdog'
build	Checkout	2026-04-28T11:24:57.6407813Z ##[group]Initializing the repository
build	Checkout	2026-04-28T11:24:57.6411662Z [command]/usr/bin/git init /home/runner/work/StockWatchdog/StockWatchdog
build	Checkout	2026-04-28T11:24:57.6500729Z hint: Using 'master' as the name for the initial branch. This default branch name
build	Checkout	2026-04-28T11:24:57.6501975Z hint: will change to "main" in Git 3.0. To configure the initial branch name
build	Checkout	2026-04-28T11:24:57.6502860Z hint: to use in all of your new repositories, which will suppress this warning,
build	Checkout	2026-04-28T11:24:57.6503472Z hint: call:
build	Checkout	2026-04-28T11:24:57.6503658Z hint:
build	Checkout	2026-04-28T11:24:57.6504080Z hint: 	git config --global init.defaultBranch <name>
build	Checkout	2026-04-28T11:24:57.6504395Z hint:
build	Checkout	2026-04-28T11:24:57.6504698Z hint: Names commonly chosen instead of 'master' are 'main', 'trunk' and
build	Checkout	2026-04-28T11:24:57.6505194Z hint: 'development'. The just-created branch can be renamed via this command:
build	Checkout	2026-04-28T11:24:57.6505569Z hint:
build	Checkout	2026-04-28T11:24:57.6505760Z hint: 	git branch -m <name>
build	Checkout	2026-04-28T11:24:57.6505991Z hint:
build	Checkout	2026-04-28T11:24:57.6506298Z hint: Disable this message with "git config set advice.defaultBranchName false"
build	Checkout	2026-04-28T11:24:57.6506872Z Initialized empty Git repository in /home/runner/work/StockWatchdog/StockWatchdog/.git/
build	Checkout	2026-04-28T11:24:57.6513196Z [command]/usr/bin/git remote add origin https://github.com/LiptontechDesign/StockWatchdog
build	Checkout	2026-04-28T11:24:57.6542605Z ##[endgroup]
build	Checkout	2026-04-28T11:24:57.6543116Z ##[group]Disabling automatic garbage collection
build	Checkout	2026-04-28T11:24:57.6546356Z [command]/usr/bin/git config --local gc.auto 0
build	Checkout	2026-04-28T11:24:57.6573246Z ##[endgroup]
build	Checkout	2026-04-28T11:24:57.6573746Z ##[group]Setting up auth
build	Checkout	2026-04-28T11:24:57.6579811Z [command]/usr/bin/git config --local --name-only --get-regexp core\.sshCommand
build	Checkout	2026-04-28T11:24:57.6612831Z [command]/usr/bin/git submodule foreach --recursive sh -c "git config --local --name-only --get-regexp 'core\.sshCommand' && git config --local --unset-all 'core.sshCommand' || :"
build	Checkout	2026-04-28T11:24:57.6890014Z [command]/usr/bin/git config --local --name-only --get-regexp http\.https\:\/\/github\.com\/\.extraheader
build	Checkout	2026-04-28T11:24:57.6918512Z [command]/usr/bin/git submodule foreach --recursive sh -c "git config --local --name-only --get-regexp 'http\.https\:\/\/github\.com\/\.extraheader' && git config --local --unset-all 'http.https://github.com/.extraheader' || :"
build	Checkout	2026-04-28T11:24:57.7130188Z [command]/usr/bin/git config --local --name-only --get-regexp ^includeIf\.gitdir:
build	Checkout	2026-04-28T11:24:57.7166604Z [command]/usr/bin/git submodule foreach --recursive git config --local --show-origin --name-only --get-regexp remote.origin.url
build	Checkout	2026-04-28T11:24:57.7377195Z [command]/usr/bin/git config --local http.https://github.com/.extraheader AUTHORIZATION: basic ***
build	Checkout	2026-04-28T11:24:57.7409196Z ##[endgroup]
build	Checkout	2026-04-28T11:24:57.7409619Z ##[group]Fetching the repository
build	Checkout	2026-04-28T11:24:57.7418003Z [command]/usr/bin/git -c protocol.version=2 fetch --no-tags --prune --no-recurse-submodules --depth=1 origin +64d1279197b49aff606c4906d58c392ad6e2a179:refs/remotes/origin/main
build	Checkout	2026-04-28T11:24:58.2543346Z From https://github.com/LiptontechDesign/StockWatchdog
build	Checkout	2026-04-28T11:24:58.2544679Z  * [new ref]         64d1279197b49aff606c4906d58c392ad6e2a179 -> origin/main
build	Checkout	2026-04-28T11:24:58.2573255Z ##[endgroup]
build	Checkout	2026-04-28T11:24:58.2573845Z ##[group]Determining the checkout info
build	Checkout	2026-04-28T11:24:58.2575852Z ##[endgroup]
build	Checkout	2026-04-28T11:24:58.2581032Z [command]/usr/bin/git sparse-checkout disable
build	Checkout	2026-04-28T11:24:58.2617535Z [command]/usr/bin/git config --local --unset-all extensions.worktreeConfig
build	Checkout	2026-04-28T11:24:58.2641949Z ##[group]Checking out the ref
build	Checkout	2026-04-28T11:24:58.2646005Z [command]/usr/bin/git checkout --progress --force -B main refs/remotes/origin/main
build	Checkout	2026-04-28T11:24:58.2768022Z Switched to a new branch 'main'
build	Checkout	2026-04-28T11:24:58.2771296Z branch 'main' set up to track 'origin/main'.
build	Checkout	2026-04-28T11:24:58.2778145Z ##[endgroup]
build	Checkout	2026-04-28T11:24:58.2812647Z [command]/usr/bin/git log -1 --format=%H
build	Checkout	2026-04-28T11:24:58.2834515Z 64d1279197b49aff606c4906d58c392ad6e2a179
build	Set up JDK 17	∩╗┐2026-04-28T11:24:58.3076647Z ##[group]Run actions/setup-java@v4
build	Set up JDK 17	2026-04-28T11:24:58.3076957Z with:
build	Set up JDK 17	2026-04-28T11:24:58.3077148Z   distribution: temurin
build	Set up JDK 17	2026-04-28T11:24:58.3077368Z   java-version: 17
build	Set up JDK 17	2026-04-28T11:24:58.3077558Z   java-package: jdk
build	Set up JDK 17	2026-04-28T11:24:58.3077755Z   check-latest: false
build	Set up JDK 17	2026-04-28T11:24:58.3077958Z   server-id: github
build	Set up JDK 17	2026-04-28T11:24:58.3078159Z   server-username: GITHUB_ACTOR
build	Set up JDK 17	2026-04-28T11:24:58.3078394Z   server-password: GITHUB_TOKEN
build	Set up JDK 17	2026-04-28T11:24:58.3078636Z   overwrite-settings: true
build	Set up JDK 17	2026-04-28T11:24:58.3078853Z   job-status: success
build	Set up JDK 17	2026-04-28T11:24:58.3079173Z   token: ***
build	Set up JDK 17	2026-04-28T11:24:58.3079356Z ##[endgroup]
build	Set up JDK 17	2026-04-28T11:24:58.5107755Z ##[group]Installed distributions
build	Set up JDK 17	2026-04-28T11:24:58.5170232Z Resolved Java 17.0.18+8 from tool-cache
build	Set up JDK 17	2026-04-28T11:24:58.5171153Z Setting Java 17.0.18+8 as the default
build	Set up JDK 17	2026-04-28T11:24:58.5184479Z Creating toolchains.xml for JDK version 17 from temurin
build	Set up JDK 17	2026-04-28T11:24:58.5262060Z Writing to /home/runner/.m2/toolchains.xml
build	Set up JDK 17	2026-04-28T11:24:58.5262758Z 
build	Set up JDK 17	2026-04-28T11:24:58.5263015Z Java configuration:
build	Set up JDK 17	2026-04-28T11:24:58.5264362Z   Distribution: temurin
build	Set up JDK 17	2026-04-28T11:24:58.5264787Z   Version: 17.0.18+8
build	Set up JDK 17	2026-04-28T11:24:58.5265615Z   Path: /opt/hostedtoolcache/Java_Temurin-Hotspot_jdk/17.0.18-8/x64
build	Set up JDK 17	2026-04-28T11:24:58.5266164Z 
build	Set up JDK 17	2026-04-28T11:24:58.5266537Z ##[endgroup]
build	Set up JDK 17	2026-04-28T11:24:58.5280350Z Creating settings.xml with server-id: github
build	Set up JDK 17	2026-04-28T11:24:58.5293745Z Writing to /home/runner/.m2/settings.xml
build	Set up Android SDK	∩╗┐2026-04-28T11:24:58.5420499Z ##[group]Run android-actions/setup-android@v3
build	Set up Android SDK	2026-04-28T11:24:58.5420835Z with:
build	Set up Android SDK	2026-04-28T11:24:58.5421027Z   cmdline-tools-version: 12266719
build	Set up Android SDK	2026-04-28T11:24:58.5421299Z   accept-android-sdk-licenses: true
build	Set up Android SDK	2026-04-28T11:24:58.5421590Z   log-accepted-android-sdk-licenses: true
build	Set up Android SDK	2026-04-28T11:24:58.5422204Z   packages: tools platform-tools
build	Set up Android SDK	2026-04-28T11:24:58.5422443Z env:
build	Set up Android SDK	2026-04-28T11:24:58.5422739Z   JAVA_HOME: /opt/hostedtoolcache/Java_Temurin-Hotspot_jdk/17.0.18-8/x64
build	Set up Android SDK	2026-04-28T11:24:58.5423235Z   JAVA_HOME_17_X64: /opt/hostedtoolcache/Java_Temurin-Hotspot_jdk/17.0.18-8/x64
build	Set up Android SDK	2026-04-28T11:24:58.5423605Z ##[endgroup]
build	Set up Android SDK	2026-04-28T11:24:58.6200626Z Found preinstalled sdkmanager in /usr/local/lib/android/sdk/cmdline-tools/latest with following source.properties:
build	Set up Android SDK	2026-04-28T11:24:58.6201975Z Pkg.Revision=12.0
build	Set up Android SDK	2026-04-28T11:24:58.6202478Z Pkg.Path=cmdline-tools;12.0
build	Set up Android SDK	2026-04-28T11:24:58.6203003Z Pkg.Desc=Android SDK Command-line Tools
build	Set up Android SDK	2026-04-28T11:24:58.6203396Z 
build	Set up Android SDK	2026-04-28T11:24:58.6203652Z Wrong version in preinstalled sdkmanager
build	Set up Android SDK	2026-04-28T11:24:58.6204861Z Downloading commandline tools from https://dl.google.com/android/repository/commandlinetools-linux-12266719_latest.zip
build	Set up Android SDK	2026-04-28T11:24:59.6847324Z [command]/usr/bin/unzip -o -q /home/runner/work/_temp/32844b4e-1005-4aba-b17a-1c253ef4ca36
build	Set up Android SDK	2026-04-28T11:25:00.4470898Z Accepting Android SDK licenses
build	Set up Android SDK	2026-04-28T11:25:00.4477020Z [command]/usr/local/lib/android/sdk/cmdline-tools/16.0/bin/sdkmanager --licenses
build	Set up Android SDK	2026-04-28T11:25:01.7292517Z Loading local repository...                                                     
build	Set up Android SDK	2026-04-28T11:25:01.7293982Z [=========                              ] 25% Loading local repository...       
build	Set up Android SDK	2026-04-28T11:25:04.1002845Z [=========                              ] 25% Fetch remote repository...        
build	Set up Android SDK	2026-04-28T11:25:04.4305644Z [==========                             ] 26% Fetch remote repository...        
build	Set up Android SDK	2026-04-28T11:25:04.4322023Z [============                           ] 31% Fetch remote repository...        
build	Set up Android SDK	2026-04-28T11:25:04.4518581Z [============                           ] 32% Fetch remote repository...        
build	Set up Android SDK	2026-04-28T11:25:04.4519874Z [=============                          ] 33% Fetch remote repository...        
build	Set up Android SDK	2026-04-28T11:25:04.4643137Z [=============                          ] 35% Fetch remote repository...        
build	Set up Android SDK	2026-04-28T11:25:04.4654447Z [==============                         ] 36% Fetch remote repository...        
build	Set up Android SDK	2026-04-28T11:25:04.4816265Z [==============                         ] 37% Fetch remote repository...        
build	Set up Android SDK	2026-04-28T11:25:04.4818138Z [===============                        ] 38% Fetch remote repository...        
build	Set up Android SDK	2026-04-28T11:25:04.4992347Z [===============                        ] 39% Fetch remote repository...        
build	Set up Android SDK	2026-04-28T11:25:04.4993561Z [================                       ] 40% Fetch remote repository...        
build	Set up Android SDK	2026-04-28T11:25:04.5382567Z [================                       ] 41% Fetch remote repository...        
build	Set up Android SDK	2026-04-28T11:25:04.5392701Z [================                       ] 42% Fetch remote repository...        
build	Set up Android SDK	2026-04-28T11:25:04.5512268Z [=================                      ] 44% Fetch remote repository...        
build	Set up Android SDK	2026-04-28T11:25:04.5513795Z [=================                      ] 45% Fetch remote repository...        
build	Set up Android SDK	2026-04-28T11:25:04.5618003Z [==================                     ] 46% Fetch remote repository...        
build	Set up Android SDK	2026-04-28T11:25:04.5621182Z [==================                     ] 47% Fetch remote repository...        
build	Set up Android SDK	2026-04-28T11:25:04.5720415Z [===================                    ] 48% Fetch remote repository...        
build	Set up Android SDK	2026-04-28T11:25:04.5722899Z [===================                    ] 49% Fetch remote repository...        
build	Set up Android SDK	2026-04-28T11:25:04.5840123Z [====================                   ] 50% Fetch remote repository...        
build	Set up Android SDK	2026-04-28T11:25:04.5842548Z [====================                   ] 51% Fetch remote repository...        
build	Set up Android SDK	2026-04-28T11:25:04.5926372Z [====================                   ] 53% Fetch remote repository...        
build	Set up Android SDK	2026-04-28T11:25:04.5932245Z [=====================                  ] 54% Fetch remote repository...        
build	Set up Android SDK	2026-04-28T11:25:04.6086342Z [=====================                  ] 55% Fetch remote repository...        
build	Set up Android SDK	2026-04-28T11:25:04.6088701Z [======================                 ] 56% Fetch remote repository...        
build	Set up Android SDK	2026-04-28T11:25:04.6172798Z [======================                 ] 57% Fetch remote repository...        
build	Set up Android SDK	2026-04-28T11:25:04.6185294Z [=======================                ] 58% Fetch remote repository...        
build	Set up Android SDK	2026-04-28T11:25:04.7265437Z [=======================                ] 59% Fetch remote repository...        
build	Set up Android SDK	2026-04-28T11:25:04.7266337Z [========================               ] 60% Fetch remote repository...        
build	Set up Android SDK	2026-04-28T11:25:04.7386821Z [========================               ] 61% Fetch remote repository...        
build	Set up Android SDK	2026-04-28T11:25:04.7388890Z [=========================              ] 63% Fetch remote repository...        
build	Set up Android SDK	2026-04-28T11:25:04.7479377Z [=========================              ] 64% Fetch remote repository...        
build	Set up Android SDK	2026-04-28T11:25:04.7481596Z [=========================              ] 65% Fetch remote repository...        
build	Set up Android SDK	2026-04-28T11:25:04.7727462Z [==========================             ] 66% Fetch remote repository...        
build	Set up Android SDK	2026-04-28T11:25:04.7732827Z [==========================             ] 67% Fetch remote repository...        
build	Set up Android SDK	2026-04-28T11:25:04.7963244Z [===========================            ] 68% Fetch remote repository...        
build	Set up Android SDK	2026-04-28T11:25:04.7965893Z [===========================            ] 69% Fetch remote repository...        
build	Set up Android SDK	2026-04-28T11:25:04.8133492Z [============================           ] 70% Fetch remote repository...        
build	Set up Android SDK	2026-04-28T11:25:04.8134481Z [============================           ] 72% Fetch remote repository...        
build	Set up Android SDK	2026-04-28T11:25:04.8717803Z [=============================          ] 73% Fetch remote repository...        
build	Set up Android SDK	2026-04-28T11:25:04.8718879Z [=============================          ] 74% Fetch remote repository...        
build	Set up Android SDK	2026-04-28T11:25:04.8807849Z [=============================          ] 75% Fetch remote repository...        
build	Set up Android SDK	2026-04-28T11:25:04.8955569Z [=============================          ] 75% Computing updates...              
build	Set up Android SDK	2026-04-28T11:25:04.8956771Z [=======================================] 100% Computing updates...             
build	Set up Android SDK	2026-04-28T11:25:04.9233692Z 6 of 7 SDK package licenses not accepted.
build	Set up Android SDK	2026-04-28T11:25:04.9242919Z Review licenses that have not been accepted (y/N)? 
build	Set up Android SDK	2026-04-28T11:25:04.9244365Z 1/6: License android-googletv-license:
build	Set up Android SDK	2026-04-28T11:25:04.9245197Z ---------------------------------------
build	Set up Android SDK	2026-04-28T11:25:04.9245923Z Terms and Conditions
build	Set up Android SDK	2026-04-28T11:25:04.9246386Z 
build	Set up Android SDK	2026-04-28T11:25:04.9246985Z This is the Google TV Add-on for the Android Software Development Kit License Agreement.
build	Set up Android SDK	2026-04-28T11:25:04.9247747Z 
build	Set up Android SDK	2026-04-28T11:25:04.9248041Z 1. Introduction
build	Set up Android SDK	2026-04-28T11:25:04.9248399Z 
build	Set up Android SDK	2026-04-28T11:25:04.9250948Z 1.1 The Google TV Add-on for the Android Software Development Kit (referred to in this License Agreement as the "Google TV Add-on" and specifically including the Android system files, packaged APIs, and Google APIs add-ons) is licensed to you subject to the terms of this License Agreement. This License Agreement forms a legally binding contract between you and Google in relation to your use of the Google TV Add-on.
build	Set up Android SDK	2026-04-28T11:25:04.9253929Z 
build	Set up Android SDK	2026-04-28T11:25:04.9254985Z 1.2 "Google" means Google Inc., a Delaware corporation with principal place of business at 1600 Amphitheatre Parkway, Mountain View, CA 94043, United States.
build	Set up Android SDK	2026-04-28T11:25:04.9256260Z 
build	Set up Android SDK	2026-04-28T11:25:04.9256676Z 2. Accepting this License Agreement
build	Set up Android SDK	2026-04-28T11:25:04.9257253Z 
build	Set up Android SDK	2026-04-28T11:25:04.9258350Z 2.1 In order to use the Google TV Add-on, you must first agree to this License Agreement. You may not use the Google TV Add-on if you do not accept this License Agreement.
build	Set up Android SDK	2026-04-28T11:25:04.9259617Z 
build	Set up Android SDK	2026-04-28T11:25:04.9259905Z 2.2 You can accept this License Agreement by:
build	Set up Android SDK	2026-04-28T11:25:04.9260523Z 
build	Set up Android SDK	2026-04-28T11:25:04.9260968Z (A) clicking to accept or agree to this License Agreement, where this option is made available to you; or
build	Set up Android SDK	2026-04-28T11:25:04.9261713Z 
build	Set up Android SDK	2026-04-28T11:25:04.9272094Z (B) by actually using the Google TV Add-on. In this case, you agree that use of the Google TV Add-on constitutes acceptance of the License Agreement from that point onwards.
build	Set up Android SDK	2026-04-28T11:25:04.9273412Z 
build	Set up Android SDK	2026-04-28T11:25:04.9275177Z 2.3 You may not use the Google TV Add-on and may not accept the Licensing Agreement if you are a person barred from receiving the Google TV Add-on under the laws of the United States or other countries including the country in which you are resident or from which you use the Google TV Add-on.
build	Set up Android SDK	2026-04-28T11:25:04.9283852Z 
build	Set up Android SDK	2026-04-28T11:25:04.9286649Z 2.4 If you are agreeing to be bound by this License Agreement on behalf of your employer or other entity, you represent and warrant that you have full legal authority to bind your employer or such entity to this License Agreement. If you do not have the requisite authority, you may not accept the Licensing Agreement or use the Google TV Add-on on behalf of your employer or other entity.
build	Set up Android SDK	2026-04-28T11:25:04.9296233Z 
build	Set up Android SDK	2026-04-28T11:25:04.9296665Z 3. Google TV Add-on License from Google
build	Set up Android SDK	2026-04-28T11:25:04.9297191Z 
build	Set up Android SDK	2026-04-28T11:25:04.9298697Z 3.1 Subject to the terms of this License Agreement, Google grants you a limited, worldwide, royalty-free, non- assignable and non-exclusive license to use the Google TV Add-on solely to develop applications to run on the Google TV platform.
build	Set up Android SDK	2026-04-28T11:25:04.9306316Z 
build	Set up Android SDK	2026-04-28T11:25:04.9308932Z 3.2 You agree that Google or third parties own all legal right, title and interest in and to the Google TV Add-on, including any Intellectual Property Rights that subsist in the Google TV Add-on. "Intellectual Property Rights" means any and all rights under patent law, copyright law, trade secret law, trademark law, and any and all other proprietary rights. Google reserves all rights not expressly granted to you.
build	Set up Android SDK	2026-04-28T11:25:04.9311953Z 
build	Set up Android SDK	2026-04-28T11:25:04.9315735Z 3.3 Except to the extent required by applicable third party licenses, you may not copy (except for backup purposes), modify, adapt, redistribute, decompile, reverse engineer, disassemble, or create derivative works of the Google TV Add-on or any part of the Google TV Add-on. Except to the extent required by applicable third party licenses, you may not load any part of the Google TV Add-on onto a mobile handset, television, or any other hardware device except a personal computer, combine any part of the Google TV Add-on with other software, or distribute any software or device incorporating a part of the Google TV Add-on.
build	Set up Android SDK	2026-04-28T11:25:04.9323309Z 
build	Set up Android SDK	2026-04-28T11:25:04.9324808Z 3.4 Use, reproduction and distribution of components of the Google TV Add-on licensed under an open source software license are governed solely by the terms of that open source software license and not this License Agreement.
build	Set up Android SDK	2026-04-28T11:25:04.9326474Z 
build	Set up Android SDK	2026-04-28T11:25:04.9329419Z 3.5 You agree that the form and nature of the Google TV Add-on that Google provides may change without prior notice to you and that future versions of the Google TV Add-on may be incompatible with applications developed on previous versions of the Google TV Add-on. You agree that Google may stop (permanently or temporarily) providing the Google TV Add-on (or any features within the Google TV Add-on) to you or to users generally at Google's sole discretion, without prior notice to you.
build	Set up Android SDK	2026-04-28T11:25:04.9332759Z 
build	Set up Android SDK	2026-04-28T11:25:04.9334936Z 3.6 Nothing in this License Agreement gives you a right to use any of Google's or itΓÇÖs licensorsΓÇÖ trade names, trademarks, service marks, logos, domain names, or other distinctive brand features.
build	Set up Android SDK	2026-04-28T11:25:04.9343939Z 
build	Set up Android SDK	2026-04-28T11:25:04.9345263Z 3.7 You agree that you will not remove, obscure, or alter any proprietary rights notices (including copyright and trademark notices) that may be affixed to or contained within the Google TV Add-on.
build	Set up Android SDK	2026-04-28T11:25:04.9346941Z 
build	Set up Android SDK	2026-04-28T11:25:04.9347268Z 4. Use of the Google TV Add-on by You
build	Set up Android SDK	2026-04-28T11:25:04.9347750Z 
build	Set up Android SDK	2026-04-28T11:25:04.9349428Z 4.1 Google agrees that it obtains no right, title or interest from you (or your licensors) under this License Agreement in or to any software applications that you develop using the Google TV Add-on, including any intellectual property rights that subsist in those applications.
build	Set up Android SDK	2026-04-28T11:25:04.9351440Z 
build	Set up Android SDK	2026-04-28T11:25:04.9353953Z 4.2 You agree to use the Google TV Add-on and write applications only for purposes that are permitted by (a) this License Agreement and (b) any applicable law, regulation or generally accepted practices or guidelines in the relevant jurisdictions (including any laws regarding the export of data or software to and from the United States or other relevant countries).
build	Set up Android SDK	2026-04-28T11:25:04.9360749Z 
build	Set up Android SDK	2026-04-28T11:25:04.9366007Z 4.3 You agree that if you use the Google TV Add-on to develop applications for general public users, you will protect the privacy and legal rights of those users. If the users provide you with user names, passwords, or other login information or personal information, your must make the users aware that the information will be available to your application, and you must provide legally adequate privacy notice and protection for those users. If your application stores personal or sensitive information provided by users, it must do so securely. If the user provides your application with Google Account information, your application may only use that information to access the user's Google Account when, and for the limited purposes for which, the user has given you explicit permission to do so.
build	Set up Android SDK	2026-04-28T11:25:04.9371113Z 
build	Set up Android SDK	2026-04-28T11:25:04.9373764Z 4.4 You agree that you will not engage in any activity with the Google TV Add-on, including the development or distribution of an application, that interferes with, disrupts, damages, or accesses in an unauthorized manner the servers, networks, or other properties or services of any third party including, but not limited to, Google, Multichannel Video Program Distributors or any mobile communications carrier.
build	Set up Android SDK	2026-04-28T11:25:04.9376555Z 
build	Set up Android SDK	2026-04-28T11:25:04.9378914Z 4.5 You agree that you are solely responsible for (and that Google has no responsibility to you or to any third party for) any data, content, or resources that you create, transmit or display through the Google TV platform and/or applications for the Google TV platform, and for the consequences of your actions (including any loss or damage which Google may suffer) by doing so.
build	Set up Android SDK	2026-04-28T11:25:04.9392202Z 
build	Set up Android SDK	2026-04-28T11:25:04.9394699Z 4.6 You agree that you are solely responsible for (and that Google has no responsibility to you or to any third party for) any breach of your obligations under this License Agreement, any applicable third party contract or Terms of Service, or any applicable law or regulation, and for the consequences (including any loss or damage which Google or any third party may suffer) of any such breach.
build	Set up Android SDK	2026-04-28T11:25:04.9397464Z 
build	Set up Android SDK	2026-04-28T11:25:04.9397864Z 5. Your Developer Credentials
build	Set up Android SDK	2026-04-28T11:25:04.9402503Z 
build	Set up Android SDK	2026-04-28T11:25:04.9404326Z 5.1 You agree that you are responsible for maintaining the confidentiality of any developer credentials that may be issued to you by Google or which you may choose yourself and that you will be solely responsible for all applications that are developed under your developer credentials.
build	Set up Android SDK	2026-04-28T11:25:04.9408797Z 
build	Set up Android SDK	2026-04-28T11:25:04.9409211Z 6. Privacy and Information
build	Set up Android SDK	2026-04-28T11:25:04.9409681Z 
build	Set up Android SDK	2026-04-28T11:25:04.9413020Z 6.1 In order to continually innovate and improve the Google TV Add-on, Google may collect certain usage statistics from the software including but not limited to a unique identifier, associated IP address, version number of the software, and information on which tools and/or services in the Google TV Add-on are being used and how they are being used. Before any of this information is collected, the Google TV Add-on will notify you and seek your consent. If you withhold consent, the information will not be collected.
build	Set up Android SDK	2026-04-28T11:25:04.9427750Z 
build	Set up Android SDK	2026-04-28T11:25:04.9428567Z 6.2 The data collected is examined in the aggregate to improve the Google TV Add-on and is maintained in accordance with Google's Privacy Policy.
build	Set up Android SDK	2026-04-28T11:25:04.9429393Z 
build	Set up Android SDK	2026-04-28T11:25:04.9429719Z 7. Third Party Applications for the Google TV Platform
build	Set up Android SDK	2026-04-28T11:25:04.9430114Z 
build	Set up Android SDK	2026-04-28T11:25:04.9433974Z 7.1 If you use the Google TV Add-on to run applications developed by a third party or that access data, content or resources provided by a third party, you agree that Google is not responsible for those applications, data, content, or resources. You understand that all data, content or resources which you may access through such third party applications are the sole responsibility of the person from which they originated and that Google is not liable for any loss or damage that you may experience as a result of the use or access of any of those third party applications, data, content, or resources.
build	Set up Android SDK	2026-04-28T11:25:04.9436366Z 
build	Set up Android SDK	2026-04-28T11:25:04.9438072Z 7.2 You should be aware the data, content, and resources presented to you through such a third party application may be protected by intellectual property rights which are owned by the providers (or by other persons or companies on their behalf). You may not modify, rent, lease, loan, sell, distribute or create derivative works based on these data, content, or resources (either in whole or in part) unless you have been specifically given permission to do so by the relevant owners.
build	Set up Android SDK	2026-04-28T11:25:04.9439871Z 
build	Set up Android SDK	2026-04-28T11:25:04.9440859Z 7.3 You acknowledge that your use of such third party applications, data, content, or resources may be subject to separate terms between you and the relevant third party. In that case, this License Agreement does not affect your legal relationship with these third parties.
build	Set up Android SDK	2026-04-28T11:25:04.9447525Z 
build	Set up Android SDK	2026-04-28T11:25:04.9447734Z 8. Using Google TV APIs
build	Set up Android SDK	2026-04-28T11:25:04.9447939Z 
build	Set up Android SDK	2026-04-28T11:25:04.9450579Z 8.1 If you use any Google TV API to retrieve data from Google, you acknowledge that the data (ΓÇ£Google TV API ContentΓÇ¥) may be protected by intellectual property rights which are owned by Google or those parties that provide the data (or by other persons or companies on their behalf). Your use of any such API may be subject to additional Terms of Service. You may not modify, rent, lease, loan, sell, distribute or create derivative works based on this data (either in whole or in part) unless allowed by the relevant Terms of Service. Some portions of the Google TV API Content are licensed to Google by third parties, including but not limited to Tribune Media Services
build	Set up Android SDK	2026-04-28T11:25:04.9453303Z 
build	Set up Android SDK	2026-04-28T11:25:04.9455273Z 8.2 If you use any API to retrieve a user's data from Google, you acknowledge and agree that you shall retrieve data only with the user's explicit consent and only when, and for the limited purposes for which, the user has given you permission to do so.
build	Set up Android SDK	2026-04-28T11:25:04.9458618Z 
build	Set up Android SDK	2026-04-28T11:25:04.9458934Z 8.3 Except as explicitly permitted in Section 3 (Google TV Add-on License from Google), you must:
build	Set up Android SDK	2026-04-28T11:25:04.9459320Z 
build	Set up Android SDK	2026-04-28T11:25:04.9459876Z (a) not modify nor format the Google TV API Content except to the extent reasonably and technically necessary to optimize the display such Google TV API Content in your application;
build	Set up Android SDK	2026-04-28T11:25:04.9460535Z 
build	Set up Android SDK	2026-04-28T11:25:04.9461143Z (b) not edit the Google TV API Content in a manner that renders the Google TV API Content inaccurate of alters its inherent meaning (provided that displaying excerpts will not violate the foregoing); or
build	Set up Android SDK	2026-04-28T11:25:04.9462135Z 
build	Set up Android SDK	2026-04-28T11:25:04.9462420Z (c) not create any commercial audience measurement tool or service using the Google TV API Content
build	Set up Android SDK	2026-04-28T11:25:04.9462806Z 
build	Set up Android SDK	2026-04-28T11:25:04.9462909Z 9. Terminating this License Agreement
build	Set up Android SDK	2026-04-28T11:25:04.9463087Z 
build	Set up Android SDK	2026-04-28T11:25:04.9463584Z 9.1 This License Agreement will continue to apply until terminated by either you or Google as set out below.
build	Set up Android SDK	2026-04-28T11:25:04.9463993Z 
build	Set up Android SDK	2026-04-28T11:25:04.9464413Z 9.2 If you want to terminate this License Agreement, you may do so by ceasing your use of the Google TV Add-on and any relevant developer credentials.
build	Set up Android SDK	2026-04-28T11:25:04.9464932Z 
build	Set up Android SDK	2026-04-28T11:25:04.9465108Z 9.3 Google may at any time, terminate this License Agreement with you if:
build	Set up Android SDK	2026-04-28T11:25:04.9465391Z 
build	Set up Android SDK	2026-04-28T11:25:04.9465550Z (A) you have breached any provision of this License Agreement; or
build	Set up Android SDK	2026-04-28T11:25:04.9465799Z 
build	Set up Android SDK	2026-04-28T11:25:04.9465907Z (B) Google is required to do so by law; or
build	Set up Android SDK	2026-04-28T11:25:04.9466086Z 
build	Set up Android SDK	2026-04-28T11:25:04.9466704Z (C) the partner with whom Google offered certain parts of Google TV Add-on (such as APIs) to you has terminated its relationship with Google or ceased to offer certain parts of the Google TV Add-on to you; or
build	Set up Android SDK	2026-04-28T11:25:04.9467405Z 
build	Set up Android SDK	2026-04-28T11:25:04.9468450Z (D) Google decides to no longer providing the Google TV Add-on or certain parts of the Google TV Add-on to users in the country in which you are resident or from which you use the service, or the provision of the Google TV Add-on or certain Google TV Add-on services to you by Google is, in Google's sole discretion, no longer commercially viable.
build	Set up Android SDK	2026-04-28T11:25:04.9469597Z 
build	Set up Android SDK	2026-04-28T11:25:04.9471005Z 9.4 When this License Agreement comes to an end, all of the legal rights, obligations and liabilities that you and Google have benefited from, been subject to (or which have accrued over time whilst this License Agreement has been in force) or which are expressed to continue indefinitely, shall be unaffected by this cessation, and the provisions of paragraph 14.7 shall continue to apply to such rights, obligations and liabilities indefinitely.
build	Set up Android SDK	2026-04-28T11:25:04.9473395Z 
build	Set up Android SDK	2026-04-28T11:25:04.9473570Z 10. DISCLAIMER OF WARRANTIES
build	Set up Android SDK	2026-04-28T11:25:04.9473885Z 
build	Set up Android SDK	2026-04-28T11:25:04.9474921Z 10.1 YOU EXPRESSLY UNDERSTAND AND AGREE THAT YOUR USE OF THE GOOGLE TV ADD-ON IS AT YOUR SOLE RISK AND THAT THE GOOGLE TV ADD-ON IS PROVIDED "AS IS" AND "AS AVAILABLE" WITHOUT WARRANTY OF ANY KIND FROM GOOGLE.
build	Set up Android SDK	2026-04-28T11:25:04.9475794Z 
build	Set up Android SDK	2026-04-28T11:25:04.9476684Z 10.2 YOUR USE OF THE GOOGLE TV ADD-ON AND ANY MATERIAL DOWNLOADED OR OTHERWISE OBTAINED THROUGH THE USE OF THE GOOGLE TV ADD-ON IS AT YOUR OWN DISCRETION AND RISK AND YOU ARE SOLELY RESPONSIBLE FOR ANY DAMAGE TO YOUR COMPUTER SYSTEM OR OTHER DEVICE OR LOSS OF DATA THAT RESULTS FROM SUCH USE.
build	Set up Android SDK	2026-04-28T11:25:04.9477846Z 
build	Set up Android SDK	2026-04-28T11:25:04.9478664Z 10.3 GOOGLE FURTHER EXPRESSLY DISCLAIMS ALL WARRANTIES AND CONDITIONS OF ANY KIND, WHETHER EXPRESS OR IMPLIED, INCLUDING, BUT NOT LIMITED TO THE IMPLIED WARRANTIES AND CONDITIONS OF MERCHANTABILITY, FITNESS FOR A PARTICULAR PURPOSE AND NON-INFRINGEMENT.
build	Set up Android SDK	2026-04-28T11:25:04.9479553Z 
build	Set up Android SDK	2026-04-28T11:25:04.9479648Z 11. LIMITATION OF LIABILITY
build	Set up Android SDK	2026-04-28T11:25:04.9479794Z 
build	Set up Android SDK	2026-04-28T11:25:04.9481180Z 11.1 YOU EXPRESSLY UNDERSTAND AND AGREE THAT GOOGLE, ITS SUBSIDIARIES AND AFFILIATES, AND ITS LICENSORS SHALL NOT BE LIABLE TO YOU UNDER ANY THEORY OF LIABILITY FOR ANY DIRECT, INDIRECT, INCIDENTAL, SPECIAL CONSEQUENTIAL OR EXEMPLARY DAMAGES THAT MAY BE INCURRED BY YOU, INCLUDING ANY LOSS OF DATA, WHETHER OR NOT GOOGLE OR ITS REPRESENTATIVES HAVE BEEN ADVISED OF OR SHOULD HAVE BEEN AWARE OF THE POSSIBILITY OF ANY SUCH LOSSES ARISING.
build	Set up Android SDK	2026-04-28T11:25:04.9483492Z 
build	Set up Android SDK	2026-04-28T11:25:04.9483593Z 12. Indemnification
build	Set up Android SDK	2026-04-28T11:25:04.9483735Z 
build	Set up Android SDK	2026-04-28T11:25:04.9486136Z 12.1 To the maximum extent permitted by law, you agree to defend, indemnify and hold harmless Google, its affiliates and their respective directors, officers, employees and agents from and against any and all claims, actions, suits or proceedings, as well as any and all losses, liabilities, damages, costs and expenses (including reasonable attorneys fees) arising out of or accruing from (a) your use of the Google TV Add-on, (b) any application you develop on the Google TV Add-on that infringes any copyright, trademark, trade secret, trade dress, patent or other intellectual property right of any person or defames any person or violates their rights of publicity or privacy, and (c) any non-compliance by you with this License Agreement.
build	Set up Android SDK	2026-04-28T11:25:04.9488725Z 
build	Set up Android SDK	2026-04-28T11:25:04.9488826Z 13. Changes to the License Agreement
build	Set up Android SDK	2026-04-28T11:25:04.9488995Z 
build	Set up Android SDK	2026-04-28T11:25:04.9489296Z 13.1 Google may make changes to the License Agreement as it distributes new versions of the Google TV Add-on.
build	Set up Android SDK	2026-04-28T11:25:04.9489694Z 
build	Set up Android SDK	2026-04-28T11:25:04.9489776Z 14. General Legal Terms
build	Set up Android SDK	2026-04-28T11:25:04.9490106Z 
build	Set up Android SDK	2026-04-28T11:25:04.9491165Z 14.1 This License Agreement constitute the whole legal agreement between you and Google and govern your use of the Google TV Add-on (excluding any services which Google may provide to you under a separate written agreement), and completely replace any prior agreements between you and Google in relation to the Google TV Add-on.
build	Set up Android SDK	2026-04-28T11:25:04.9493072Z 
build	Set up Android SDK	2026-04-28T11:25:04.9494314Z 14.2 You agree that if Google does not exercise or enforce any legal right or remedy which is contained in this License Agreement (or which Google has the benefit of under any applicable law), this will not be taken to be a formal waiver of Google's rights and that those rights or remedies will still be available to Google.
build	Set up Android SDK	2026-04-28T11:25:04.9495448Z 
build	Set up Android SDK	2026-04-28T11:25:04.9496639Z 14.3 If any court of law, having the jurisdiction to decide on this matter, rules that any provision of this License Agreement is invalid, then that provision will be removed from this License Agreement without affecting the rest of this License Agreement. The remaining provisions of this License Agreement will continue to be valid and enforceable.
build	Set up Android SDK	2026-04-28T11:25:04.9497937Z 
build	Set up Android SDK	2026-04-28T11:25:04.9499903Z 14.4 You acknowledge and agree that GoogleΓÇÖs API data licensors and each member of the group of companies of which Google is the parent shall be third party beneficiaries to this License Agreement and that such other companies shall be entitled to directly enforce, and rely upon, any provision of this License Agreement that confers a benefit on (or rights in favor of) them. Other than this, no other person or company shall be third party beneficiaries to this License Agreement.
build	Set up Android SDK	2026-04-28T11:25:04.9501602Z 
build	Set up Android SDK	2026-04-28T11:25:04.9502752Z 14.5 EXPORT RESTRICTIONS. THE GOOGLE TV ADD-ON IS SUBJECT TO UNITED STATES EXPORT LAWS AND REGULATIONS. YOU MUST COMPLY WITH ALL DOMESTIC AND INTERNATIONAL EXPORT LAWS AND REGULATIONS THAT APPLY TO THE GOOGLE TV ADD-ON. THESE LAWS INCLUDE RESTRICTIONS ON DESTINATIONS, END USERS AND END USE.
build	Set up Android SDK	2026-04-28T11:25:04.9504035Z 
build	Set up Android SDK	2026-04-28T11:25:04.9505180Z 14.6 The rights granted in this License Agreement may not be assigned or transferred by either you or Google without the prior written approval of the other party. Neither you nor Google shall be permitted to delegate their responsibilities or obligations under this License Agreement without the prior written approval of the other party.
build	Set up Android SDK	2026-04-28T11:25:04.9506430Z 
build	Set up Android SDK	2026-04-28T11:25:04.9508251Z 14.7 This License Agreement, and your relationship with Google under this License Agreement, shall be governed by the laws of the State of California without regard to its conflict of laws provisions. You and Google agree to submit to the exclusive jurisdiction of the courts located within the county of Santa Clara, California to resolve any legal matter arising from this License Agreement. Notwithstanding this, you agree that Google shall still be allowed to apply for injunctive remedies (or an equivalent type of urgent legal relief) in any jurisdiction.
build	Set up Android SDK	2026-04-28T11:25:04.9510195Z 
build	Set up Android SDK	2026-04-28T11:25:04.9510200Z 
build	Set up Android SDK	2026-04-28T11:25:04.9510415Z August 15, 2011
build	Set up Android SDK	2026-04-28T11:25:04.9510683Z ---------------------------------------
build	Set up Android SDK	2026-04-28T11:25:04.9511023Z Accept? (y/N): 
build	Set up Android SDK	2026-04-28T11:25:04.9511351Z 2/6: License android-googlexr-license:
build	Set up Android SDK	2026-04-28T11:25:04.9511892Z ---------------------------------------
build	Set up Android SDK	2026-04-28T11:25:04.9513152Z To get started with the Android XR Emulator System Image SDK, you must agree to the following terms and conditions. As described below, please note that this is a preview, emulated version of the Android XR OS, subject to change, that you use at your own risk.
build	Set up Android SDK	2026-04-28T11:25:04.9514111Z 
build	Set up Android SDK	2026-04-28T11:25:04.9514368Z This is the Android XR Emulator System Image SDK License Agreement
build	Set up Android SDK	2026-04-28T11:25:04.9514710Z 
build	Set up Android SDK	2026-04-28T11:25:04.9514810Z 1. Introduction
build	Set up Android SDK	2026-04-28T11:25:04.9514993Z 
build	Set up Android SDK	2026-04-28T11:25:04.9516424Z 1.1 The Android Android XR Emulator System Image SDK (referred to in the License Agreement as the "SDK" and specifically including the Android system files,, packaged APIs, library files (if and when they are made available), and Google applications and APIs add-ons) is licensed to you subject to the terms of the License Agreement. The License Agreement forms a legally binding contract between you and Google in relation to your use of the SDK.
build	Set up Android SDK	2026-04-28T11:25:04.9517996Z 
build	Set up Android SDK	2026-04-28T11:25:04.9518707Z 1.2 "Android" means the Android software stack for devices, as made available under the Android Open Source Project, which is located at the following URL: https://source.android.com/, as updated from time to time.
build	Set up Android SDK	2026-04-28T11:25:04.9519520Z 
build	Set up Android SDK	2026-04-28T11:25:04.9520188Z 1.3 "Google" means Google LLC, organized under the laws of the State of Delaware, USA, and operating under the laws of the USA with principal place of business at 1600 Amphitheatre Parkway, Mountain View, CA 94043, USA.
build	Set up Android SDK	2026-04-28T11:25:04.9521014Z 
build	Set up Android SDK	2026-04-28T11:25:04.9521119Z 2. Accepting this License Agreement
build	Set up Android SDK	2026-04-28T11:25:04.9521401Z 
build	Set up Android SDK	2026-04-28T11:25:04.9522063Z 2.1 In order to use the SDK, you must first agree to the License Agreement. You may not use the SDK if you do not accept the License Agreement.
build	Set up Android SDK	2026-04-28T11:25:04.9522632Z 
build	Set up Android SDK	2026-04-28T11:25:04.9522936Z 2.2 By clicking to accept and/or using this SDK, you hereby agree to the terms of the License Agreement.
build	Set up Android SDK	2026-04-28T11:25:04.9523333Z 
build	Set up Android SDK	2026-04-28T11:25:04.9524183Z 2.3 You may not use the SDK and may not accept the License Agreement if you are a person barred from receiving the SDK under the laws of the United States or other countries, including the country in which you are resident or from which you use the SDK.
build	Set up Android SDK	2026-04-28T11:25:04.9525079Z 
build	Set up Android SDK	2026-04-28T11:25:04.9526269Z 2.4 If you are agreeing to be bound by the License Agreement on behalf of your employer or other entity, you represent and warrant that you have full legal authority to bind your employer or such entity to the License Agreement. If you do not have the requisite authority, you may not accept the License Agreement or use the SDK on behalf of your employer or other entity.
build	Set up Android SDK	2026-04-28T11:25:04.9527678Z 
build	Set up Android SDK	2026-04-28T11:25:04.9527828Z 3. SDK License from Google
build	Set up Android SDK	2026-04-28T11:25:04.9527986Z 
build	Set up Android SDK	2026-04-28T11:25:04.9528815Z 3.1 Subject to the terms of the License Agreement, Google grants you a limited, worldwide, royalty-free, non-assignable, non-exclusive, and non-sublicensable license to use the SDK solely to develop applications for Android XR.
build	Set up Android SDK	2026-04-28T11:25:04.9529652Z 
build	Set up Android SDK	2026-04-28T11:25:04.9530373Z 3.2 You may not use this SDK to develop applications for other platforms or to develop another SDK. You are of course free to develop applications for other platforms provided that this SDK is not used for that purpose.
build	Set up Android SDK	2026-04-28T11:25:04.9531148Z 
build	Set up Android SDK	2026-04-28T11:25:04.9532772Z 3.3 You agree that Google or third parties own all legal right, title and interest in and to the SDK, including any Intellectual Property Rights that subsist in the SDK. "Intellectual Property Rights" means any and all rights under patent law, copyright law, trade secret law, trademark law, and any and all other proprietary rights. Google reserves all rights not expressly granted to you.
build	Set up Android SDK	2026-04-28T11:25:04.9534209Z 
build	Set up Android SDK	2026-04-28T11:25:04.9536103Z 3.4 You may not use the SDK for any purpose not expressly permitted by the License Agreement. Except to the extent required by applicable third party licenses, you may not (a) copy (except for backup purposes), modify, adapt, redistribute, decompile, reverse engineer, disassemble, or create derivative works of the SDK or any part of the SDK; or (b) load any part of the SDK onto a mobile handset or any other hardware device except a personal computer, combine any part of the SDK with other software, or distribute any software or device incorporating a part of the SDK.
build	Set up Android SDK	2026-04-28T11:25:04.9538228Z 
build	Set up Android SDK	2026-04-28T11:25:04.9539573Z 3.5 Use, reproduction and distribution of components of the SDK licensed under an open source software license are governed solely by the terms of that open source software license and not the License Agreement. You agree to remain a licensee in good standing in regard to such open source software licenses under all the rights granted and to refrain from any actions that may terminate, suspend, or breach such rights.
build	Set up Android SDK	2026-04-28T11:25:04.9541041Z 
build	Set up Android SDK	2026-04-28T11:25:04.9542721Z 3.6 You agree that the form and nature of the SDK that Google provides may change without prior notice to you and that future versions of the SDK may be incompatible with applications developed on previous versions of the SDK. You agree that Google may stop (permanently or temporarily) providing the SDK (or any features within the SDK) to you or to users generally at Google's sole discretion, without prior notice to you.
build	Set up Android SDK	2026-04-28T11:25:04.9544236Z 
build	Set up Android SDK	2026-04-28T11:25:04.9544781Z 3.7 Nothing in the License Agreement gives you a right to use any of Google's trade names, trademarks, service marks, logos, domain names, or other distinctive brand features.
build	Set up Android SDK	2026-04-28T11:25:04.9545450Z 
build	Set up Android SDK	2026-04-28T11:25:04.9546026Z 3.8 You agree that you will not remove, obscure, or alter any proprietary rights notices (including copyright and trademark notices) that may be affixed to or contained within the SDK.
build	Set up Android SDK	2026-04-28T11:25:04.9546759Z 
build	Set up Android SDK	2026-04-28T11:25:04.9546886Z 4. Use of the SDK by You
build	Set up Android SDK	2026-04-28T11:25:04.9547083Z 
build	Set up Android SDK	2026-04-28T11:25:04.9547948Z 4.1 Google agrees that it obtains no right, title or interest from you (or your licensors) under the License Agreement in or to any software applications that you develop using the SDK, including any intellectual property rights that subsist in those applications.
build	Set up Android SDK	2026-04-28T11:25:04.9548876Z 
build	Set up Android SDK	2026-04-28T11:25:04.9550019Z 4.2 You agree to use the SDK and write applications only for purposes that are permitted by (a) the License Agreement and (b) any applicable law, regulation or generally accepted practices or guidelines in the relevant jurisdictions (including any laws regarding the export of data or software to and from the United States or other relevant countries).
build	Set up Android SDK	2026-04-28T11:25:04.9551461Z 
build	Set up Android SDK	2026-04-28T11:25:04.9554165Z 4.3 You agree that if you use the SDK to develop applications for general public users, you will protect the privacy and legal rights of those users. If the users provide you with user names, passwords, or other login information or personal information, you must make the users aware that the information will be available to your application, and you must provide legally adequate privacy notice and protection for those users. If your application stores personal or sensitive information provided by users, it must do so securely. If the user provides your application with Google Account information, your application may only use that information to access the user's Google Account when, and for the limited purposes for which, the user has given you permission to do so.
build	Set up Android SDK	2026-04-28T11:25:04.9556825Z 
build	Set up Android SDK	2026-04-28T11:25:04.9557964Z 4.4 You agree that you will not engage in any activity with the SDK, including the development or distribution of an application, that interferes with, disrupts, damages, or accesses in an unauthorized manner the servers, networks, or other properties or services of any third party including, but not limited to, Google or any mobile communications carrier.
build	Set up Android SDK	2026-04-28T11:25:04.9559853Z 
build	Set up Android SDK	2026-04-28T11:25:04.9561095Z 4.5 You agree that you are solely responsible for (and that Google has no responsibility to you or to any third party for) any data, content, or resources that you create, transmit or display through Android and/or applications for Android, and for the consequences of your actions (including any loss or damage which Google may suffer) by doing so.
build	Set up Android SDK	2026-04-28T11:25:04.9562810Z 
build	Set up Android SDK	2026-04-28T11:25:04.9564083Z 4.6 You agree that you are solely responsible for (and that Google has no responsibility to you or to any third party for) any breach of your obligations under the License Agreement, any applicable third party contract or Terms of Service, or any applicable law or regulation, and for the consequences (including any loss or damage which Google or any third party may suffer) of any such breach.
build	Set up Android SDK	2026-04-28T11:25:04.9565497Z 
build	Set up Android SDK	2026-04-28T11:25:04.9566443Z 4.7 The SDK is in development, and your testing and feedback are an important part of the development process. By using the SDK, you acknowledge that implementation of some features are still under development and that you should not rely on the SDK having the full functionality of a stable release.
build	Set up Android SDK	2026-04-28T11:25:04.9567572Z 
build	Set up Android SDK	2026-04-28T11:25:04.9567745Z 5. Your Developer Credentials
build	Set up Android SDK	2026-04-28T11:25:04.9567931Z 
build	Set up Android SDK	2026-04-28T11:25:04.9568835Z 5.1 You agree that you are responsible for maintaining the confidentiality of any developer credentials that may be issued to you by Google or which you may choose yourself and that you will be solely responsible for all applications that are developed under your developer credentials.
build	Set up Android SDK	2026-04-28T11:25:04.9569975Z 
build	Set up Android SDK	2026-04-28T11:25:04.9570087Z 6. Privacy and Information
build	Set up Android SDK	2026-04-28T11:25:04.9570400Z 
build	Set up Android SDK	2026-04-28T11:25:04.9572170Z 6.1 In order to continually innovate and improve the SDK, Google may collect certain usage statistics from the software including but not limited to a unique identifier, associated IP address, version number of the software, and information on which tools and/or services in the SDK are being used and how they are being used. Before any of this information is collected, the SDK will notify you and seek your consent. If you withhold consent, the information will not be collected.
build	Set up Android SDK	2026-04-28T11:25:04.9574362Z 
build	Set up Android SDK	2026-04-28T11:25:04.9575509Z 6.2 The data collected is examined in the aggregate to improve the SDK and is maintained in accordance with Google's Privacy Policy, which is located at the following URL: https://policies.google.com/privacy
build	Set up Android SDK	2026-04-28T11:25:04.9576875Z 
build	Set up Android SDK	2026-04-28T11:25:04.9577457Z 6.3 Anonymized and aggregated sets of the data may be shared with Google partners to improve the SDK.
build	Set up Android SDK	2026-04-28T11:25:04.9578394Z 
build	Set up Android SDK	2026-04-28T11:25:04.9578611Z 7. Third Party Applications
build	Set up Android SDK	2026-04-28T11:25:04.9578945Z 
build	Set up Android SDK	2026-04-28T11:25:04.9582567Z 7.1 If you use the SDK to run applications developed by a third party or that access data, content or resources provided by a third party, you agree that Google is not responsible for those applications, data, content, or resources. You understand that all data, content or resources which you may access through such third party applications are the sole responsibility of the person from which they originated and that Google is not liable for any loss or damage that you may experience as a result of the use or access of any of those third party applications, data, content, or resources.
build	Set up Android SDK	2026-04-28T11:25:04.9586295Z 
build	Set up Android SDK	2026-04-28T11:25:04.9589115Z 7.2 You should be aware that the data, content, and resources presented to you through such a third party application may be protected by intellectual property rights which are owned by the providers (or by other persons or companies on their behalf). You may not modify, rent, lease, loan, sell, distribute or create derivative works based on these data, content, or resources (either in whole or in part) unless you have been specifically given permission to do so by the relevant owners.
build	Set up Android SDK	2026-04-28T11:25:04.9592404Z 
build	Set up Android SDK	2026-04-28T11:25:04.9593963Z 7.3 You acknowledge that your use of such third party applications, data, content, or resources may be subject to separate terms between you and the relevant third party. In that case, the License Agreement does not affect your legal relationship with these third parties.
build	Set up Android SDK	2026-04-28T11:25:04.9595892Z 
build	Set up Android SDK	2026-04-28T11:25:04.9596047Z 8. Using Android APIs
build	Set up Android SDK	2026-04-28T11:25:04.9596441Z 
build	Set up Android SDK	2026-04-28T11:25:04.9596603Z 8.1 Google Data APIs
build	Set up Android SDK	2026-04-28T11:25:04.9596885Z 
build	Set up Android SDK	2026-04-28T11:25:04.9599787Z 8.1.1 If you use any API to retrieve data from Google, you acknowledge that the data may be protected by intellectual property rights which are owned by Google or those parties that provide the data (or by other persons or companies on their behalf). Your use of any such API may be subject to additional Terms of Service. You may not modify, rent, lease, loan, sell, distribute or create derivative works based on this data (either in whole or in part) unless allowed by the relevant Terms of Service.
build	Set up Android SDK	2026-04-28T11:25:04.9602985Z 
build	Set up Android SDK	2026-04-28T11:25:04.9608003Z 8.1.2 If you use any API to retrieve a user's data from Google, you acknowledge and agree that you shall retrieve data only with the user's explicit consent and only when, and for the limited purposes for which, the user has given you permission to do so. If you use the Android Recognition Service API, documented at the following URL: https://developer.android.com/reference/android/speech/RecognitionService, as updated from time to time, you acknowledge that the use of the API is subject to the Data Processing Addendum for Products where Google is a Data Processor, which is located at the following URL: https://privacy.google.com/businesses/gdprprocessorterms/, as updated from time to time. By clicking to accept, you hereby agree to the terms of the Data Processing Addendum for Products where Google is a Data Processor.
build	Set up Android SDK	2026-04-28T11:25:04.9613285Z 
build	Set up Android SDK	2026-04-28T11:25:04.9613532Z 9. Terminating this License Agreement
build	Set up Android SDK	2026-04-28T11:25:04.9613872Z 
build	Set up Android SDK	2026-04-28T11:25:04.9614428Z 9.1 The License Agreement will continue to apply until terminated by either you or Google as set out below.
build	Set up Android SDK	2026-04-28T11:25:04.9615257Z 
build	Set up Android SDK	2026-04-28T11:25:04.9615978Z 9.2 If you want to terminate the License Agreement, you may do so by ceasing your use of the SDK and any relevant developer credentials.
build	Set up Android SDK	2026-04-28T11:25:04.9617630Z 
build	Set up Android SDK	2026-04-28T11:25:04.9621311Z 9.3 Google may at any time, terminate the License Agreement with you if: (A) you have breached any provision of the License Agreement; or (B) Google is required to do so by law; or (C) the partner with whom Google offered certain parts of SDK (such as APIs) to you has terminated its relationship with Google or ceased to offer certain parts of the SDK to you; or (D) Google decides to no longer provide the SDK or certain parts of the SDK to users in the country in which you are resident or from which you use the service, or the provision of the SDK or certain SDK services to you by Google is, in Google's sole discretion, no longer commercially viable.
build	Set up Android SDK	2026-04-28T11:25:04.9625433Z 
build	Set up Android SDK	2026-04-28T11:25:04.9627940Z 9.4 When the License Agreement comes to an end, all of the legal rights, obligations and liabilities that you and Google have benefited from, been subject to (or which have accrued over time whilst the License Agreement has been in force) or which are expressed to continue indefinitely, shall be unaffected by this cessation, and the provisions of paragraph 14.7 shall continue to apply to such rights, obligations and liabilities indefinitely.
build	Set up Android SDK	2026-04-28T11:25:04.9630749Z 
build	Set up Android SDK	2026-04-28T11:25:04.9630977Z 10. DISCLAIMER OF WARRANTIES
build	Set up Android SDK	2026-04-28T11:25:04.9631274Z 
build	Set up Android SDK	2026-04-28T11:25:04.9632387Z 10.1 YOU EXPRESSLY UNDERSTAND AND AGREE THAT YOUR USE OF THE SDK IS AT YOUR SOLE RISK AND THAT THE SDK IS PROVIDED "AS IS" AND "AS AVAILABLE" WITHOUT WARRANTY OF ANY KIND FROM GOOGLE.
build	Set up Android SDK	2026-04-28T11:25:04.9633551Z 
build	Set up Android SDK	2026-04-28T11:25:04.9635051Z 10.2 YOUR USE OF THE SDK AND ANY MATERIAL DOWNLOADED OR OTHERWISE OBTAINED THROUGH THE USE OF THE SDK IS AT YOUR OWN DISCRETION AND RISK AND YOU ARE SOLELY RESPONSIBLE FOR ANY DAMAGE TO YOUR COMPUTER SYSTEM OR OTHER DEVICE OR LOSS OF DATA THAT RESULTS FROM SUCH USE.
build	Set up Android SDK	2026-04-28T11:25:04.9636713Z 
build	Set up Android SDK	2026-04-28T11:25:04.9638184Z 10.3 GOOGLE FURTHER EXPRESSLY DISCLAIMS ALL WARRANTIES AND CONDITIONS OF ANY KIND, WHETHER EXPRESS OR IMPLIED, INCLUDING, BUT NOT LIMITED TO THE IMPLIED WARRANTIES AND CONDITIONS OF MERCHANTABILITY, FITNESS FOR A PARTICULAR PURPOSE AND NON-INFRINGEMENT.
build	Set up Android SDK	2026-04-28T11:25:04.9640134Z 
build	Set up Android SDK	2026-04-28T11:25:04.9640319Z 11. LIMITATION OF LIABILITY
build	Set up Android SDK	2026-04-28T11:25:04.9640697Z 
build	Set up Android SDK	2026-04-28T11:25:04.9643427Z 11.1 YOU EXPRESSLY UNDERSTAND AND AGREE THAT GOOGLE, ITS SUBSIDIARIES AND AFFILIATES, AND ITS LICENSORS SHALL NOT BE LIABLE TO YOU UNDER ANY THEORY OF LIABILITY FOR ANY DIRECT, INDIRECT, INCIDENTAL, SPECIAL, CONSEQUENTIAL OR EXEMPLARY DAMAGES THAT MAY BE INCURRED BY YOU, INCLUDING ANY LOSS OF DATA, WHETHER OR NOT GOOGLE OR ITS REPRESENTATIVES HAVE BEEN ADVISED OF OR SHOULD HAVE BEEN AWARE OF THE POSSIBILITY OF ANY SUCH LOSSES ARISING.
build	Set up Android SDK	2026-04-28T11:25:04.9646193Z 
build	Set up Android SDK	2026-04-28T11:25:04.9646358Z 12. Indemnification
build	Set up Android SDK	2026-04-28T11:25:04.9646643Z 
build	Set up Android SDK	2026-04-28T11:25:04.9650843Z 12.1 To the maximum extent permitted by law, you agree to defend, indemnify and hold harmless Google, its affiliates and their respective directors, officers, employees and agents from and against any and all claims, actions, suits or proceedings, as well as any and all losses, liabilities, damages, costs and expenses (including reasonable attorneys fees) arising out of or accruing from (a) your use of the SDK, (b) any application you develop on the SDK that infringes any copyright, trademark, trade secret, trade dress, patent or other intellectual property right of any person or defames any person or violates their rights of publicity or privacy, and (c) any non-compliance by you with the License Agreement.
build	Set up Android SDK	2026-04-28T11:25:04.9655492Z 
build	Set up Android SDK	2026-04-28T11:25:04.9655694Z 13. Changes to the License Agreement
build	Set up Android SDK	2026-04-28T11:25:04.9656113Z 
build	Set up Android SDK	2026-04-28T11:25:04.9657465Z 13.1 Google may make changes to the License Agreement as it distributes new versions of the SDK. When these changes are made, Google will make a new version of the License Agreement available on the website where the SDK is made available.
build	Set up Android SDK	2026-04-28T11:25:04.9658999Z 
build	Set up Android SDK	2026-04-28T11:25:04.9659233Z 14. General Legal Terms
build	Set up Android SDK	2026-04-28T11:25:04.9659554Z 
build	Set up Android SDK	2026-04-28T11:25:04.9661355Z 14.1 The License Agreement constitutes the whole legal agreement between you and Google and governs your use of the SDK (excluding any services which Google may provide to you under a separate written agreement), and completely replaces any prior agreements between you and Google in relation to the SDK.
build	Set up Android SDK	2026-04-28T11:25:04.9663482Z 
build	Set up Android SDK	2026-04-28T11:25:04.9665438Z 14.2 You agree that if Google does not exercise or enforce any legal right or remedy which is contained in the License Agreement (or which Google has the benefit of under any applicable law), this will not be taken to be a formal waiver of Google's rights and that those rights or remedies will still be available to Google.
build	Set up Android SDK	2026-04-28T11:25:04.9667490Z 
build	Set up Android SDK	2026-04-28T11:25:04.9669560Z 14.3 If any court of law, having the jurisdiction to decide on this matter, rules that any provision of the License Agreement is invalid, then that provision will be removed from the License Agreement without affecting the rest of the License Agreement. The remaining provisions of the License Agreement will continue to be valid and enforceable.
build	Set up Android SDK	2026-04-28T11:25:04.9671937Z 
build	Set up Android SDK	2026-04-28T11:25:04.9674511Z 14.4 You acknowledge and agree that each member of the group of companies of which Google is the parent shall be third party beneficiaries to the License Agreement and that such other companies shall be entitled to directly enforce, and rely upon, any provision of the License Agreement that confers a benefit on (or rights in favor of) them. Other than this, no other person or company shall be third party beneficiaries to the License Agreement.
build	Set up Android SDK	2026-04-28T11:25:04.9677344Z 
build	Set up Android SDK	2026-04-28T11:25:04.9678873Z 14.5 EXPORT RESTRICTIONS. THE SDK IS SUBJECT TO UNITED STATES EXPORT LAWS AND REGULATIONS. YOU MUST COMPLY WITH ALL DOMESTIC AND INTERNATIONAL EXPORT LAWS AND REGULATIONS THAT APPLY TO THE SDK. THESE LAWS INCLUDE RESTRICTIONS ON DESTINATIONS, END USERS AND END USE.
build	Set up Android SDK	2026-04-28T11:25:04.9680884Z 
build	Set up Android SDK	2026-04-28T11:25:04.9683043Z 14.6 The rights granted in the License Agreement may not be assigned or transferred by either you or Google without the prior written approval of the other party. Neither you nor Google shall be permitted to delegate their responsibilities or obligations under the License Agreement without the prior written approval of the other party.
build	Set up Android SDK	2026-04-28T11:25:04.9685088Z 
build	Set up Android SDK	2026-04-28T11:25:04.9688266Z 14.7 The License Agreement, and your relationship with Google under the License Agreement, shall be governed by the laws of the State of California without regard to its conflict of laws provisions. You and Google agree to submit to the exclusive jurisdiction of the courts located within the county of Santa Clara, California to resolve any legal matter arising from the License Agreement. Notwithstanding this, you agree that Google shall still be allowed to apply for injunctive remedies (or an equivalent type of urgent legal relief) in any jurisdiction.
build	Set up Android SDK	2026-04-28T11:25:04.9692375Z ---------------------------------------
build	Set up Android SDK	2026-04-28T11:25:04.9692914Z Accept? (y/N): 
build	Set up Android SDK	2026-04-28T11:25:04.9693432Z 3/6: License android-sdk-arm-dbt-license:
build	Set up Android SDK	2026-04-28T11:25:04.9694140Z ---------------------------------------
build	Set up Android SDK	2026-04-28T11:25:04.9694677Z Terms and Conditions
build	Set up Android SDK	2026-04-28T11:25:04.9694931Z 
build	Set up Android SDK	2026-04-28T11:25:04.9695241Z This is the Android Software Development Kit License Agreement
build	Set up Android SDK	2026-04-28T11:25:04.9695873Z 
build	Set up Android SDK	2026-04-28T11:25:04.9696072Z 1. Introduction
build	Set up Android SDK	2026-04-28T11:25:04.9696348Z 
build	Set up Android SDK	2026-04-28T11:25:04.9698403Z 1.1 The Android Software Development Kit (referred to in the License Agreement as the "SDK" and specifically including the Android system files, packaged APIs, and Google APIs add-ons) is licensed to you subject to the terms of the License Agreement. The License Agreement forms a legally binding contract between you and Google in relation to your use of the SDK.
build	Set up Android SDK	2026-04-28T11:25:04.9700789Z 
build	Set up Android SDK	2026-04-28T11:25:04.9702254Z 1.2 "Android" means the Android software stack for devices, as made available under the Android Open Source Project, which is located at the following URL: http://source.android.com/, as updated from time to time.
build	Set up Android SDK	2026-04-28T11:25:04.9703848Z 
build	Set up Android SDK	2026-04-28T11:25:04.9705895Z 1.3 A "compatible implementation" means any Android device that (i) complies with the Android Compatibility Definition document, which can be found at the Android compatibility website (http://source.android.com/compatibility) and which may be updated from time to time; and (ii) successfully passes the Android Compatibility Test Suite (CTS).
build	Set up Android SDK	2026-04-28T11:25:04.9708225Z 
build	Set up Android SDK	2026-04-28T11:25:04.9708762Z 1.4 "Google" means Google Inc., a Delaware corporation with principal place of business at 1600 Amphitheatre Parkway, Mountain View, CA 94043, United States.
build	Set up Android SDK	2026-04-28T11:25:04.9709425Z 
build	Set up Android SDK	2026-04-28T11:25:04.9709430Z 
build	Set up Android SDK	2026-04-28T11:25:04.9709639Z 2. Accepting the License Agreement
build	Set up Android SDK	2026-04-28T11:25:04.9709899Z 
build	Set up Android SDK	2026-04-28T11:25:04.9710326Z 2.1 In order to use the SDK, you must first agree to the License Agreement. You may not use the SDK if you do not accept the License Agreement.
build	Set up Android SDK	2026-04-28T11:25:04.9710891Z 
build	Set up Android SDK	2026-04-28T11:25:04.9711124Z 2.2 By clicking to accept, you hereby agree to the terms of the License Agreement.
build	Set up Android SDK	2026-04-28T11:25:04.9711444Z 
build	Set up Android SDK	2026-04-28T11:25:04.9712600Z 2.3 You may not use the SDK and may not accept the License Agreement if you are a person barred from receiving the SDK under the laws of the United States or other countries, including the country in which you are resident or from which you use the SDK.
build	Set up Android SDK	2026-04-28T11:25:04.9713782Z 
build	Set up Android SDK	2026-04-28T11:25:04.9714990Z 2.4 If you are agreeing to be bound by the License Agreement on behalf of your employer or other entity, you represent and warrant that you have full legal authority to bind your employer or such entity to the License Agreement. If you do not have the requisite authority, you may not accept the License Agreement or use the SDK on behalf of your employer or other entity.
build	Set up Android SDK	2026-04-28T11:25:04.9716283Z 
build	Set up Android SDK	2026-04-28T11:25:04.9716444Z 
build	Set up Android SDK	2026-04-28T11:25:04.9716577Z 3. SDK License from Google
build	Set up Android SDK	2026-04-28T11:25:04.9740839Z 
build	Set up Android SDK	2026-04-28T11:25:04.9742168Z 3.1 Subject to the terms of the License Agreement, Google grants you a limited, worldwide, royalty-free, non-assignable, non-exclusive, and non-sublicensable license to use the SDK solely to develop applications for compatible implementations of Android.
build	Set up Android SDK	2026-04-28T11:25:04.9743864Z 
build	Set up Android SDK	2026-04-28T11:25:04.9745911Z 3.2 You may not use this SDK to develop applications for other platforms (including non-compatible implementations of Android) or to develop another SDK. You are of course free to develop applications for other platforms, including non-compatible implementations of Android, provided that this SDK is not used for that purpose.
build	Set up Android SDK	2026-04-28T11:25:04.9747989Z 
build	Set up Android SDK	2026-04-28T11:25:04.9749978Z 3.3 You agree that Google or third parties own all legal right, title and interest in and to the SDK, including any Intellectual Property Rights that subsist in the SDK. "Intellectual Property Rights" means any and all rights under patent law, copyright law, trade secret law, trademark law, and any and all other proprietary rights. Google reserves all rights not expressly granted to you.
build	Set up Android SDK	2026-04-28T11:25:04.9752008Z 
build	Set up Android SDK	2026-04-28T11:25:04.9753515Z 3.4 You may not use the SDK for any purpose not expressly permitted by the License Agreement. Except to the extent required by applicable third party licenses, you may not copy (except for backup purposes), modify, adapt, redistribute, decompile, reverse engineer, disassemble, or create derivative works of the SDK or any part of the SDK.
build	Set up Android SDK	2026-04-28T11:25:04.9754723Z 
build	Set up Android SDK	2026-04-28T11:25:04.9755373Z 3.5 Use, reproduction and distribution of components of the SDK licensed under an open source software license are governed solely by the terms of that open source software license and not the License Agreement.
build	Set up Android SDK	2026-04-28T11:25:04.9756110Z 
build	Set up Android SDK	2026-04-28T11:25:04.9757424Z 3.6 You agree that the form and nature of the SDK that Google provides may change without prior notice to you and that future versions of the SDK may be incompatible with applications developed on previous versions of the SDK. You agree that Google may stop (permanently or temporarily) providing the SDK (or any features within the SDK) to you or to users generally at Google's sole discretion, without prior notice to you.
build	Set up Android SDK	2026-04-28T11:25:04.9758849Z 
build	Set up Android SDK	2026-04-28T11:25:04.9759360Z 3.7 Nothing in the License Agreement gives you a right to use any of Google's trade names, trademarks, service marks, logos, domain names, or other distinctive brand features.
build	Set up Android SDK	2026-04-28T11:25:04.9760285Z 
build	Set up Android SDK	2026-04-28T11:25:04.9760883Z 3.8 You agree that you will not remove, obscure, or alter any proprietary rights notices (including copyright and trademark notices) that may be affixed to or contained within the SDK.
build	Set up Android SDK	2026-04-28T11:25:04.9762337Z 
build	Set up Android SDK	2026-04-28T11:25:04.9762353Z 
build	Set up Android SDK	2026-04-28T11:25:04.9762504Z 4. Use of the SDK by You
build	Set up Android SDK	2026-04-28T11:25:04.9762678Z 
build	Set up Android SDK	2026-04-28T11:25:04.9763587Z 4.1 Google agrees that it obtains no right, title or interest from you (or your licensors) under the License Agreement in or to any software applications that you develop using the SDK, including any intellectual property rights that subsist in those applications.
build	Set up Android SDK	2026-04-28T11:25:04.9765206Z 
build	Set up Android SDK	2026-04-28T11:25:04.9766356Z 4.2 You agree to use the SDK and write applications only for purposes that are permitted by (a) the License Agreement and (b) any applicable law, regulation or generally accepted practices or guidelines in the relevant jurisdictions (including any laws regarding the export of data or software to and from the United States or other relevant countries).
build	Set up Android SDK	2026-04-28T11:25:04.9767572Z 
build	Set up Android SDK	2026-04-28T11:25:04.9770074Z 4.3 You agree that if you use the SDK to develop applications for general public users, you will protect the privacy and legal rights of those users. If the users provide you with user names, passwords, or other login information or personal information, you must make the users aware that the information will be available to your application, and you must provide legally adequate privacy notice and protection for those users. If your application stores personal or sensitive information provided by users, it must do so securely. If the user provides your application with Google Account information, your application may only use that information to access the user's Google Account when, and for the limited purposes for which, the user has given you permission to do so.
build	Set up Android SDK	2026-04-28T11:25:04.9773357Z 
build	Set up Android SDK	2026-04-28T11:25:04.9775306Z 4.4 You agree that you will not engage in any activity with the SDK, including the development or distribution of an application, that interferes with, disrupts, damages, or accesses in an unauthorized manner the servers, networks, or other properties or services of any third party including, but not limited to, Google or any mobile communications carrier.
build	Set up Android SDK	2026-04-28T11:25:04.9776792Z 
build	Set up Android SDK	2026-04-28T11:25:04.9777882Z 4.5 You agree that you are solely responsible for (and that Google has no responsibility to you or to any third party for) any data, content, or resources that you create, transmit or display through Android and/or applications for Android, and for the consequences of your actions (including any loss or damage which Google may suffer) by doing so.
build	Set up Android SDK	2026-04-28T11:25:04.9779137Z 
build	Set up Android SDK	2026-04-28T11:25:04.9780359Z 4.6 You agree that you are solely responsible for (and that Google has no responsibility to you or to any third party for) any breach of your obligations under the License Agreement, any applicable third party contract or Terms of Service, or any applicable law or regulation, and for the consequences (including any loss or damage which Google or any third party may suffer) of any such breach.
build	Set up Android SDK	2026-04-28T11:25:04.9782138Z 
build	Set up Android SDK	2026-04-28T11:25:04.9784196Z 4.7 This software enables the execution of intellectual property owned by Arm Limited. You agree that your use of the software, that allows execution of ARM Instruction Set Architecture (ΓÇ£ISAΓÇ¥) compliant executables for application development and debug only on x86 desktop, laptop, customer on-premise servers, and customer-procured cloud-based environments.
build	Set up Android SDK	2026-04-28T11:25:04.9786043Z 
build	Set up Android SDK	2026-04-28T11:25:04.9786164Z 5. Your Developer Credentials
build	Set up Android SDK	2026-04-28T11:25:04.9786397Z 
build	Set up Android SDK	2026-04-28T11:25:04.9788027Z 5.1 You agree that you are responsible for maintaining the confidentiality of any developer credentials that may be issued to you by Google or which you may choose yourself and that you will be solely responsible for all applications that are developed under your developer credentials.
build	Set up Android SDK	2026-04-28T11:25:04.9789329Z 
build	Set up Android SDK	2026-04-28T11:25:04.9789434Z 6. Privacy and Information
build	Set up Android SDK	2026-04-28T11:25:04.9789599Z 
build	Set up Android SDK	2026-04-28T11:25:04.9791505Z 6.1 In order to continually innovate and improve the SDK, Google may collect certain usage statistics from the software including but not limited to a unique identifier, associated IP address, version number of the software, and information on which tools and/or services in the SDK are being used and how they are being used. Before any of this information is collected, the SDK will notify you and seek your consent. If you withhold consent, the information will not be collected.
build	Set up Android SDK	2026-04-28T11:25:04.9793669Z 
build	Set up Android SDK	2026-04-28T11:25:04.9794064Z 6.2 The data collected is examined in the aggregate to improve the SDK and is maintained in accordance with Google's Privacy Policy.
build	Set up Android SDK	2026-04-28T11:25:04.9794542Z 
build	Set up Android SDK	2026-04-28T11:25:04.9794547Z 
build	Set up Android SDK	2026-04-28T11:25:04.9794635Z 7. Third Party Applications
build	Set up Android SDK	2026-04-28T11:25:04.9794802Z 
build	Set up Android SDK	2026-04-28T11:25:04.9796679Z 7.1 If you use the SDK to run applications developed by a third party or that access data, content or resources provided by a third party, you agree that Google is not responsible for those applications, data, content, or resources. You understand that all data, content or resources which you may access through such third party applications are the sole responsibility of the person from which they originated and that Google is not liable for any loss or damage that you may experience as a result of the use or access of any of those third party applications, data, content, or resources.
build	Set up Android SDK	2026-04-28T11:25:04.9798844Z 
build	Set up Android SDK	2026-04-28T11:25:04.9800420Z 7.2 You should be aware the data, content, and resources presented to you through such a third party application may be protected by intellectual property rights which are owned by the providers (or by other persons or companies on their behalf). You may not modify, rent, lease, loan, sell, distribute or create derivative works based on these data, content, or resources (either in whole or in part) unless you have been specifically given permission to do so by the relevant owners.
build	Set up Android SDK	2026-04-28T11:25:04.9802436Z 
build	Set up Android SDK	2026-04-28T11:25:04.9803965Z 7.3 You acknowledge that your use of such third party applications, data, content, or resources may be subject to separate terms between you and the relevant third party. In that case, the License Agreement does not affect your legal relationship with these third parties.
build	Set up Android SDK	2026-04-28T11:25:04.9804938Z 
build	Set up Android SDK	2026-04-28T11:25:04.9804944Z 
build	Set up Android SDK	2026-04-28T11:25:04.9805040Z 8. Using Android APIs
build	Set up Android SDK	2026-04-28T11:25:04.9805171Z 
build	Set up Android SDK	2026-04-28T11:25:04.9805255Z 8.1 Google Data APIs
build	Set up Android SDK	2026-04-28T11:25:04.9805377Z 
build	Set up Android SDK	2026-04-28T11:25:04.9806938Z 8.1.1 If you use any API to retrieve data from Google, you acknowledge that the data may be protected by intellectual property rights which are owned by Google or those parties that provide the data (or by other persons or companies on their behalf). Your use of any such API may be subject to additional Terms of Service. You may not modify, rent, lease, loan, sell, distribute or create derivative works based on this data (either in whole or in part) unless allowed by the relevant Terms of Service.
build	Set up Android SDK	2026-04-28T11:25:04.9808610Z 
build	Set up Android SDK	2026-04-28T11:25:04.9811323Z 8.1.2 If you use any API to retrieve a user's data from Google, you acknowledge and agree that you shall retrieve data only with the user's explicit consent and only when, and for the limited purposes for which, the user has given you permission to do so. If you use the Android Recognition Service API, documented at the following URL: https://developer.android.com/reference/android/speech/RecognitionService, as updated from time to time, you acknowledge that the use of the API is subject to the Data Processing Addendum for Products where Google is a Data Processor, which is located at the following URL: https://privacy.google.com/businesses/gdprprocessorterms/, as updated from time to time. By clicking to accept, you hereby agree to the terms of the Data Processing Addendum for Products where Google is a Data Processor.
build	Set up Android SDK	2026-04-28T11:25:04.9814614Z 
build	Set up Android SDK	2026-04-28T11:25:04.9814621Z 
build	Set up Android SDK	2026-04-28T11:25:04.9814724Z 9. Terminating the License Agreement
build	Set up Android SDK	2026-04-28T11:25:04.9814907Z 
build	Set up Android SDK	2026-04-28T11:25:04.9815217Z 9.1 The License Agreement will continue to apply until terminated by either you or Google as set out below.
build	Set up Android SDK	2026-04-28T11:25:04.9815625Z 
build	Set up Android SDK	2026-04-28T11:25:04.9815996Z 9.2 If you want to terminate the License Agreement, you may do so by ceasing your use of the SDK and any relevant developer credentials.
build	Set up Android SDK	2026-04-28T11:25:04.9816480Z 
build	Set up Android SDK	2026-04-28T11:25:04.9820290Z 9.3 Google may at any time, terminate the License Agreement with you if: (A) you have breached any provision of the License Agreement; or (B) Google is required to do so by law; or (C) the partner with whom Google offered certain parts of SDK (such as APIs) to you has terminated its relationship with Google or ceased to offer certain parts of the SDK to you; or (D) Google decides to no longer provide the SDK or certain parts of the SDK to users in the country in which you are resident or from which you use the service, or the provision of the SDK or certain SDK services to you by Google is, in Google's sole discretion, no longer commercially viable.
build	Set up Android SDK	2026-04-28T11:25:04.9824418Z 
build	Set up Android SDK	2026-04-28T11:25:04.9826994Z 9.4 When the License Agreement comes to an end, all of the legal rights, obligations and liabilities that you and Google have benefited from, been subject to (or which have accrued over time whilst the License Agreement has been in force) or which are expressed to continue indefinitely, shall be unaffected by this cessation, and the provisions of paragraph 14.7 shall continue to apply to such rights, obligations and liabilities indefinitely.
build	Set up Android SDK	2026-04-28T11:25:04.9829961Z 
build	Set up Android SDK	2026-04-28T11:25:04.9829976Z 
build	Set up Android SDK	2026-04-28T11:25:04.9830138Z 10. DISCLAIMER OF WARRANTIES
build	Set up Android SDK	2026-04-28T11:25:04.9830425Z 
build	Set up Android SDK	2026-04-28T11:25:04.9831384Z 10.1 YOU EXPRESSLY UNDERSTAND AND AGREE THAT YOUR USE OF THE SDK IS AT YOUR SOLE RISK AND THAT THE SDK IS PROVIDED "AS IS" AND "AS AVAILABLE" WITHOUT WARRANTY OF ANY KIND FROM GOOGLE.
build	Set up Android SDK	2026-04-28T11:25:04.9832800Z 
build	Set up Android SDK	2026-04-28T11:25:04.9834253Z 10.2 YOUR USE OF THE SDK AND ANY MATERIAL DOWNLOADED OR OTHERWISE OBTAINED THROUGH THE USE OF THE SDK IS AT YOUR OWN DISCRETION AND RISK AND YOU ARE SOLELY RESPONSIBLE FOR ANY DAMAGE TO YOUR COMPUTER SYSTEM OR OTHER DEVICE OR LOSS OF DATA THAT RESULTS FROM SUCH USE.
build	Set up Android SDK	2026-04-28T11:25:04.9835898Z 
build	Set up Android SDK	2026-04-28T11:25:04.9836976Z 10.3 GOOGLE FURTHER EXPRESSLY DISCLAIMS ALL WARRANTIES AND CONDITIONS OF ANY KIND, WHETHER EXPRESS OR IMPLIED, INCLUDING, BUT NOT LIMITED TO THE IMPLIED WARRANTIES AND CONDITIONS OF MERCHANTABILITY, FITNESS FOR A PARTICULAR PURPOSE AND NON-INFRINGEMENT.
build	Set up Android SDK	2026-04-28T11:25:04.9837927Z 
build	Set up Android SDK	2026-04-28T11:25:04.9837932Z 
build	Set up Android SDK	2026-04-28T11:25:04.9838025Z 11. LIMITATION OF LIABILITY
build	Set up Android SDK	2026-04-28T11:25:04.9838177Z 
build	Set up Android SDK	2026-04-28T11:25:04.9839597Z 11.1 YOU EXPRESSLY UNDERSTAND AND AGREE THAT GOOGLE, ITS SUBSIDIARIES AND AFFILIATES, AND ITS LICENSORS SHALL NOT BE LIABLE TO YOU UNDER ANY THEORY OF LIABILITY FOR ANY DIRECT, INDIRECT, INCIDENTAL, SPECIAL, CONSEQUENTIAL OR EXEMPLARY DAMAGES THAT MAY BE INCURRED BY YOU, INCLUDING ANY LOSS OF DATA, WHETHER OR NOT GOOGLE OR ITS REPRESENTATIVES HAVE BEEN ADVISED OF OR SHOULD HAVE BEEN AWARE OF THE POSSIBILITY OF ANY SUCH LOSSES ARISING.
build	Set up Android SDK	2026-04-28T11:25:04.9841103Z 
build	Set up Android SDK	2026-04-28T11:25:04.9841108Z 
build	Set up Android SDK	2026-04-28T11:25:04.9841186Z 12. Indemnification
build	Set up Android SDK	2026-04-28T11:25:04.9841308Z 
build	Set up Android SDK	2026-04-28T11:25:04.9843880Z 12.1 To the maximum extent permitted by law, you agree to defend, indemnify and hold harmless Google, its affiliates and their respective directors, officers, employees and agents from and against any and all claims, actions, suits or proceedings, as well as any and all losses, liabilities, damages, costs and expenses (including reasonable attorneys fees) arising out of or accruing from (a) your use of the SDK, (b) any application you develop on the SDK that infringes any copyright, trademark, trade secret, trade dress, patent or other intellectual property right of any person or defames any person or violates their rights of publicity or privacy, and (c) any non-compliance by you with the License Agreement.
build	Set up Android SDK	2026-04-28T11:25:04.9846484Z 
build	Set up Android SDK	2026-04-28T11:25:04.9846490Z 
build	Set up Android SDK	2026-04-28T11:25:04.9846584Z 13. Changes to the License Agreement
build	Set up Android SDK	2026-04-28T11:25:04.9846763Z 
build	Set up Android SDK	2026-04-28T11:25:04.9847491Z 13.1 Google may make changes to the License Agreement as it distributes new versions of the SDK. When these changes are made, Google will make a new version of the License Agreement available on the website where the SDK is made available.
build	Set up Android SDK	2026-04-28T11:25:04.9848321Z 
build	Set up Android SDK	2026-04-28T11:25:04.9848325Z 
build	Set up Android SDK	2026-04-28T11:25:04.9848409Z 14. General Legal Terms
build	Set up Android SDK	2026-04-28T11:25:04.9848541Z 
build	Set up Android SDK	2026-04-28T11:25:04.9849508Z 14.1 The License Agreement constitutes the whole legal agreement between you and Google and governs your use of the SDK (excluding any services which Google may provide to you under a separate written agreement), and completely replaces any prior agreements between you and Google in relation to the SDK.
build	Set up Android SDK	2026-04-28T11:25:04.9850567Z 
build	Set up Android SDK	2026-04-28T11:25:04.9851565Z 14.2 You agree that if Google does not exercise or enforce any legal right or remedy which is contained in the License Agreement (or which Google has the benefit of under any applicable law), this will not be taken to be a formal waiver of Google's rights and that those rights or remedies will still be available to Google.
build	Set up Android SDK	2026-04-28T11:25:04.9852963Z 
build	Set up Android SDK	2026-04-28T11:25:04.9854075Z 14.3 If any court of law, having the jurisdiction to decide on this matter, rules that any provision of the License Agreement is invalid, then that provision will be removed from the License Agreement without affecting the rest of the License Agreement. The remaining provisions of the License Agreement will continue to be valid and enforceable.
build	Set up Android SDK	2026-04-28T11:25:04.9855396Z 
build	Set up Android SDK	2026-04-28T11:25:04.9856831Z 14.4 You acknowledge and agree that each member of the group of companies of which Google is the parent shall be third party beneficiaries to the License Agreement and that such other companies shall be entitled to directly enforce, and rely upon, any provision of the License Agreement that confers a benefit on (or rights in favor of) them. Other than this, no other person or company shall be third party beneficiaries to the License Agreement.
build	Set up Android SDK	2026-04-28T11:25:04.9858344Z 
build	Set up Android SDK	2026-04-28T11:25:04.9859172Z 14.5 EXPORT RESTRICTIONS. THE SDK IS SUBJECT TO UNITED STATES EXPORT LAWS AND REGULATIONS. YOU MUST COMPLY WITH ALL DOMESTIC AND INTERNATIONAL EXPORT LAWS AND REGULATIONS THAT APPLY TO THE SDK. THESE LAWS INCLUDE RESTRICTIONS ON DESTINATIONS, END USERS AND END USE.
build	Set up Android SDK	2026-04-28T11:25:04.9860100Z 
build	Set up Android SDK	2026-04-28T11:25:04.9861171Z 14.6 The rights granted in the License Agreement may not be assigned or transferred by either you or Google without the prior written approval of the other party. Neither you nor Google shall be permitted to delegate their responsibilities or obligations under the License Agreement without the prior written approval of the other party.
build	Set up Android SDK	2026-04-28T11:25:04.9862643Z 
build	Set up Android SDK	2026-04-28T11:25:04.9864465Z 14.7 The License Agreement, and your relationship with Google under the License Agreement, shall be governed by the laws of the State of California without regard to its conflict of laws provisions. You and Google agree to submit to the exclusive jurisdiction of the courts located within the county of Santa Clara, California to resolve any legal matter arising from the License Agreement. Notwithstanding this, you agree that Google shall still be allowed to apply for injunctive remedies (or an equivalent type of urgent legal relief) in any jurisdiction.
build	Set up Android SDK	2026-04-28T11:25:04.9866371Z 
build	Set up Android SDK	2026-04-28T11:25:04.9866376Z 
build	Set up Android SDK	2026-04-28T11:25:04.9866449Z January 16, 2019
build	Set up Android SDK	2026-04-28T11:25:04.9866650Z ---------------------------------------
build	Set up Android SDK	2026-04-28T11:25:04.9866894Z Accept? (y/N): 
build	Set up Android SDK	2026-04-28T11:25:04.9867117Z 4/6: License android-sdk-preview-license:
build	Set up Android SDK	2026-04-28T11:25:04.9867386Z ---------------------------------------
build	Set up Android SDK	2026-04-28T11:25:04.9868918Z To get started with the Android SDK Preview, you must agree to the following terms and conditions. As described below, please note that this is a preview version of the Android SDK, subject to change, that you use at your own risk. The Android SDK Preview is not a stable release, and may contain errors and defects that can result in serious damage to your computer systems, devices and data.
build	Set up Android SDK	2026-04-28T11:25:04.9870236Z 
build	Set up Android SDK	2026-04-28T11:25:04.9870428Z This is the Android SDK Preview License Agreement (the "License Agreement").
build	Set up Android SDK	2026-04-28T11:25:04.9870733Z 
build	Set up Android SDK	2026-04-28T11:25:04.9870803Z 1. Introduction
build	Set up Android SDK	2026-04-28T11:25:04.9870912Z 
build	Set up Android SDK	2026-04-28T11:25:04.9872776Z 1.1 The Android SDK Preview (referred to in the License Agreement as the ΓÇ£PreviewΓÇ¥ and specifically including the Android system files, packaged APIs, and Preview library files, if and when they are made available) is licensed to you subject to the terms of the License Agreement. The License Agreement forms a legally binding contract between you and Google in relation to your use of the Preview.
build	Set up Android SDK	2026-04-28T11:25:04.9874181Z 
build	Set up Android SDK	2026-04-28T11:25:04.9874856Z 1.2 "Android" means the Android software stack for devices, as made available under the Android Open Source Project, which is located at the following URL: http://source.android.com/, as updated from time to time.
build	Set up Android SDK	2026-04-28T11:25:04.9875606Z 
build	Set up Android SDK	2026-04-28T11:25:04.9876077Z 1.3 "Google" means Google Inc., a Delaware corporation with principal place of business at 1600 Amphitheatre Parkway, Mountain View, CA 94043, United States.
build	Set up Android SDK	2026-04-28T11:25:04.9876778Z 
build	Set up Android SDK	2026-04-28T11:25:04.9876879Z 2. Accepting the License Agreement
build	Set up Android SDK	2026-04-28T11:25:04.9877043Z 
build	Set up Android SDK	2026-04-28T11:25:04.9877469Z 2.1 In order to use the Preview, you must first agree to the License Agreement. You may not use the Preview if you do not accept the License Agreement.
build	Set up Android SDK	2026-04-28T11:25:04.9877986Z 
build	Set up Android SDK	2026-04-28T11:25:04.9878272Z 2.2 By clicking to accept and/or using the Preview, you hereby agree to the terms of the License Agreement.
build	Set up Android SDK	2026-04-28T11:25:04.9878672Z 
build	Set up Android SDK	2026-04-28T11:25:04.9879474Z 2.3 You may not use the Preview and may not accept the License Agreement if you are a person barred from receiving the Preview under the laws of the United States or other countries including the country in which you are resident or from which you use the Preview.
build	Set up Android SDK	2026-04-28T11:25:04.9880382Z 
build	Set up Android SDK	2026-04-28T11:25:04.9882001Z 2.4 If you will use the Preview internally within your company or organization you agree to be bound by the License Agreement on behalf of your employer or other entity, and you represent and warrant that you have full legal authority to bind your employer or such entity to the License Agreement. If you do not have the requisite authority, you may not accept the License Agreement or use the Preview on behalf of your employer or other entity.
build	Set up Android SDK	2026-04-28T11:25:04.9883530Z 
build	Set up Android SDK	2026-04-28T11:25:04.9883621Z 3. Preview License from Google
build	Set up Android SDK	2026-04-28T11:25:04.9883790Z 
build	Set up Android SDK	2026-04-28T11:25:04.9884789Z 3.1 Subject to the terms of the License Agreement, Google grants you a royalty-free, non-assignable, non-exclusive, non-sublicensable, limited, revocable license to use the Preview, personally or internally within your company or organization, solely to develop applications to run on the Android platform.
build	Set up Android SDK	2026-04-28T11:25:04.9885886Z 
build	Set up Android SDK	2026-04-28T11:25:04.9887165Z 3.2 You agree that Google or third parties owns all legal right, title and interest in and to the Preview, including any Intellectual Property Rights that subsist in the Preview. "Intellectual Property Rights" means any and all rights under patent law, copyright law, trade secret law, trademark law, and any and all other proprietary rights. Google reserves all rights not expressly granted to you.
build	Set up Android SDK	2026-04-28T11:25:04.9888538Z 
build	Set up Android SDK	2026-04-28T11:25:04.9890464Z 3.3 You may not use the Preview for any purpose not expressly permitted by the License Agreement. Except to the extent required by applicable third party licenses, you may not: (a) copy (except for backup purposes), modify, adapt, redistribute, decompile, reverse engineer, disassemble, or create derivative works of the Preview or any part of the Preview; or (b) load any part of the Preview onto a mobile handset or any other hardware device except a personal computer, combine any part of the Preview with other software, or distribute any software or device incorporating a part of the Preview.
build	Set up Android SDK	2026-04-28T11:25:04.9892811Z 
build	Set up Android SDK	2026-04-28T11:25:04.9893618Z 3.4 You agree that you will not take any actions that may cause or result in the fragmentation of Android, including but not limited to distributing, participating in the creation of, or promoting in any way a software development kit derived from the Preview.
build	Set up Android SDK	2026-04-28T11:25:04.9894520Z 
build	Set up Android SDK	2026-04-28T11:25:04.9895875Z 3.5 Use, reproduction and distribution of components of the Preview licensed under an open source software license are governed solely by the terms of that open source software license and not the License Agreement. You agree to remain a licensee in good standing in regard to such open source software licenses under all the rights granted and to refrain from any actions that may terminate, suspend, or breach such rights.
build	Set up Android SDK	2026-04-28T11:25:04.9897314Z 
build	Set up Android SDK	2026-04-28T11:25:04.9898732Z 3.6 You agree that the form and nature of the Preview that Google provides may change without prior notice to you and that future versions of the Preview may be incompatible with applications developed on previous versions of the Preview. You agree that Google may stop (permanently or temporarily) providing the Preview (or any features within the Preview) to you or to users generally at Google's sole discretion, without prior notice to you.
build	Set up Android SDK	2026-04-28T11:25:04.9900439Z 
build	Set up Android SDK	2026-04-28T11:25:04.9900957Z 3.7 Nothing in the License Agreement gives you a right to use any of Google's trade names, trademarks, service marks, logos, domain names, or other distinctive brand features.
build	Set up Android SDK	2026-04-28T11:25:04.9901563Z 
build	Set up Android SDK	2026-04-28T11:25:04.9902358Z 3.8 You agree that you will not remove, obscure, or alter any proprietary rights notices (including copyright and trademark notices) that may be affixed to or contained within the Preview.
build	Set up Android SDK	2026-04-28T11:25:04.9903042Z 
build	Set up Android SDK	2026-04-28T11:25:04.9903137Z 4. Use of the Preview by You
build	Set up Android SDK	2026-04-28T11:25:04.9903289Z 
build	Set up Android SDK	2026-04-28T11:25:04.9904242Z 4.1 Google agrees that nothing in the License Agreement gives Google any right, title or interest from you (or your licensors) under the License Agreement in or to any software applications that you develop using the Preview, including any intellectual property rights that subsist in those applications.
build	Set up Android SDK	2026-04-28T11:25:04.9905301Z 
build	Set up Android SDK	2026-04-28T11:25:04.9906417Z 4.2 You agree to use the Preview and write applications only for purposes that are permitted by (a) the License Agreement, and (b) any applicable law, regulation or generally accepted practices or guidelines in the relevant jurisdictions (including any laws regarding the export of data or software to and from the United States or other relevant countries).
build	Set up Android SDK	2026-04-28T11:25:04.9907637Z 
build	Set up Android SDK	2026-04-28T11:25:04.9910005Z 4.3 You agree that if you use the Preview to develop applications, you will protect the privacy and legal rights of users. If users provide you with user names, passwords, or other login information or personal information, you must make the users aware that the information will be available to your application, and you must provide legally adequate privacy notice and protection for those users. If your application stores personal or sensitive information provided by users, it must do so securely. If users provide you with Google Account information, your application may only use that information to access the user's Google Account when, and for the limited purposes for which, each user has given you permission to do so.
build	Set up Android SDK	2026-04-28T11:25:04.9912650Z 
build	Set up Android SDK	2026-04-28T11:25:04.9913583Z 4.4 You agree that you will not engage in any activity with the Preview, including the development or distribution of an application, that interferes with, disrupts, damages, or accesses in an unauthorized manner the servers, networks, or other properties or services of Google or any third party.
build	Set up Android SDK	2026-04-28T11:25:04.9914730Z 
build	Set up Android SDK	2026-04-28T11:25:04.9915812Z 4.5 You agree that you are solely responsible for (and that Google has no responsibility to you or to any third party for) any data, content, or resources that you create, transmit or display through Android and/or applications for Android, and for the consequences of your actions (including any loss or damage which Google may suffer) by doing so.
build	Set up Android SDK	2026-04-28T11:25:04.9916980Z 
build	Set up Android SDK	2026-04-28T11:25:04.9918210Z 4.6 You agree that you are solely responsible for (and that Google has no responsibility to you or to any third party for) any breach of your obligations under the License Agreement, any applicable third party contract or Terms of Service, or any applicable law or regulation, and for the consequences (including any loss or damage which Google or any third party may suffer) of any such breach.
build	Set up Android SDK	2026-04-28T11:25:04.9919539Z 
build	Set up Android SDK	2026-04-28T11:25:04.9921054Z 4.7 The Preview is in development, and your testing and feedback are an important part of the development process. By using the Preview, you acknowledge that implementation of some features are still under development and that you should not rely on the Preview having the full functionality of a stable release. You agree not to publicly distribute or ship any application using this Preview as this Preview will no longer be supported after the official Android SDK is released.
build	Set up Android SDK	2026-04-28T11:25:04.9922866Z 
build	Set up Android SDK	2026-04-28T11:25:04.9922961Z 5. Your Developer Credentials
build	Set up Android SDK	2026-04-28T11:25:04.9923233Z 
build	Set up Android SDK	2026-04-28T11:25:04.9924116Z 5.1 You agree that you are responsible for maintaining the confidentiality of any developer credentials that may be issued to you by Google or which you may choose yourself and that you will be solely responsible for all applications that are developed under your developer credentials.
build	Set up Android SDK	2026-04-28T11:25:04.9925094Z 
build	Set up Android SDK	2026-04-28T11:25:04.9925183Z 6. Privacy and Information
build	Set up Android SDK	2026-04-28T11:25:04.9925326Z 
build	Set up Android SDK	2026-04-28T11:25:04.9926885Z 6.1 In order to continually innovate and improve the Preview, Google may collect certain usage statistics from the software including but not limited to a unique identifier, associated IP address, version number of the software, and information on which tools and/or services in the Preview are being used and how they are being used. Before any of this information is collected, the Preview will notify you and seek your consent. If you withhold consent, the information will not be collected.
build	Set up Android SDK	2026-04-28T11:25:04.9928529Z 
build	Set up Android SDK	2026-04-28T11:25:04.9929120Z 6.2 The data collected is examined in the aggregate to improve the Preview and is maintained in accordance with Google's Privacy Policy located at http://www.google.com/policies/privacy/.
build	Set up Android SDK	2026-04-28T11:25:04.9929785Z 
build	Set up Android SDK	2026-04-28T11:25:04.9929877Z 7. Third Party Applications
build	Set up Android SDK	2026-04-28T11:25:04.9930022Z 
build	Set up Android SDK	2026-04-28T11:25:04.9932181Z 7.1 If you use the Preview to run applications developed by a third party or that access data, content or resources provided by a third party, you agree that Google is not responsible for those applications, data, content, or resources. You understand that all data, content or resources which you may access through such third party applications are the sole responsibility of the person from which they originated and that Google is not liable for any loss or damage that you may experience as a result of the use or access of any of those third party applications, data, content, or resources.
build	Set up Android SDK	2026-04-28T11:25:04.9934182Z 
build	Set up Android SDK	2026-04-28T11:25:04.9935721Z 7.2 You should be aware the data, content, and resources presented to you through such a third party application may be protected by intellectual property rights which are owned by the providers (or by other persons or companies on their behalf). You may not modify, rent, lease, loan, sell, distribute or create derivative works based on these data, content, or resources (either in whole or in part) unless you have been specifically given permission to do so by the relevant owners.
build	Set up Android SDK	2026-04-28T11:25:04.9937481Z 
build	Set up Android SDK	2026-04-28T11:25:04.9937979Z 7.3 You acknowledge that your use of such third party applications, data, content, or resources may be subject to separate terms between you and the relevant third party.
build	Set up Android SDK	2026-04-28T11:25:04.9938576Z 
build	Set up Android SDK	2026-04-28T11:25:04.9938660Z 8. Using Google APIs
build	Set up Android SDK	2026-04-28T11:25:04.9938787Z 
build	Set up Android SDK	2026-04-28T11:25:04.9938864Z 8.1 Google APIs
build	Set up Android SDK	2026-04-28T11:25:04.9938974Z 
build	Set up Android SDK	2026-04-28T11:25:04.9940543Z 8.1.1 If you use any API to retrieve data from Google, you acknowledge that the data may be protected by intellectual property rights which are owned by Google or those parties that provide the data (or by other persons or companies on their behalf). Your use of any such API may be subject to additional Terms of Service. You may not modify, rent, lease, loan, sell, distribute or create derivative works based on this data (either in whole or in part) unless allowed by the relevant Terms of Service.
build	Set up Android SDK	2026-04-28T11:25:04.9942405Z 
build	Set up Android SDK	2026-04-28T11:25:04.9943176Z 8.1.2 If you use any API to retrieve a user's data from Google, you acknowledge and agree that you shall retrieve data only with the user's explicit consent and only when, and for the limited purposes for which, the user has given you permission to do so.
build	Set up Android SDK	2026-04-28T11:25:04.9944036Z 
build	Set up Android SDK	2026-04-28T11:25:04.9944133Z 9. Terminating the License Agreement
build	Set up Android SDK	2026-04-28T11:25:04.9944302Z 
build	Set up Android SDK	2026-04-28T11:25:04.9944598Z 9.1 the License Agreement will continue to apply until terminated by either you or Google as set out below.
build	Set up Android SDK	2026-04-28T11:25:04.9945006Z 
build	Set up Android SDK	2026-04-28T11:25:04.9945513Z 9.2 If you want to terminate the License Agreement, you may do so by ceasing your use of the Preview and any relevant developer credentials.
build	Set up Android SDK	2026-04-28T11:25:04.9946002Z 
build	Set up Android SDK	2026-04-28T11:25:04.9946276Z 9.3 Google may at any time, terminate the License Agreement, with or without cause, upon notice to you.
build	Set up Android SDK	2026-04-28T11:25:04.9946654Z 
build	Set up Android SDK	2026-04-28T11:25:04.9947672Z 9.4 The License Agreement will automatically terminate without notice or other action upon the earlier of: (A) when Google ceases to provide the Preview or certain parts of the Preview to users in the country in which you are resident or from which you use the service; and (B) Google issues a final release version of the Android SDK.
build	Set up Android SDK	2026-04-28T11:25:04.9948789Z 
build	Set up Android SDK	2026-04-28T11:25:04.9949522Z 9.5 When the License Agreement is terminated, the license granted to you in the License Agreement will terminate, you will immediately cease all use of the Preview, and the provisions of paragraphs 10, 11, 12 and 14 shall survive indefinitely.
build	Set up Android SDK	2026-04-28T11:25:04.9950356Z 
build	Set up Android SDK	2026-04-28T11:25:04.9950427Z 10. DISCLAIMERS
build	Set up Android SDK	2026-04-28T11:25:04.9950538Z 
build	Set up Android SDK	2026-04-28T11:25:04.9951083Z 10.1 YOU EXPRESSLY UNDERSTAND AND AGREE THAT YOUR USE OF THE PREVIEW IS AT YOUR SOLE RISK AND THAT THE PREVIEW IS PROVIDED "AS IS" AND "AS AVAILABLE" WITHOUT WARRANTY OF ANY KIND FROM GOOGLE.
build	Set up Android SDK	2026-04-28T11:25:04.9951901Z 
build	Set up Android SDK	2026-04-28T11:25:04.9953668Z 10.2 YOUR USE OF THE PREVIEW AND ANY MATERIAL DOWNLOADED OR OTHERWISE OBTAINED THROUGH THE USE OF THE PREVIEW IS AT YOUR OWN DISCRETION AND RISK AND YOU ARE SOLELY RESPONSIBLE FOR ANY DAMAGE TO YOUR COMPUTER SYSTEM OR OTHER DEVICE OR LOSS OF DATA THAT RESULTS FROM SUCH USE. WITHOUT LIMITING THE FOREGOING, YOU UNDERSTAND THAT THE PREVIEW IS NOT A STABLE RELEASE AND MAY CONTAIN ERRORS, DEFECTS AND SECURITY VULNERABILITIES THAT CAN RESULT IN SIGNIFICANT DAMAGE, INCLUDING THE COMPLETE, IRRECOVERABLE LOSS OF USE OF YOUR COMPUTER SYSTEM OR OTHER DEVICE.
build	Set up Android SDK	2026-04-28T11:25:04.9955535Z 
build	Set up Android SDK	2026-04-28T11:25:04.9956321Z 10.3 GOOGLE FURTHER EXPRESSLY DISCLAIMS ALL WARRANTIES AND CONDITIONS OF ANY KIND, WHETHER EXPRESS OR IMPLIED, INCLUDING, BUT NOT LIMITED TO THE IMPLIED WARRANTIES AND CONDITIONS OF MERCHANTABILITY, FITNESS FOR A PARTICULAR PURPOSE AND NON-INFRINGEMENT.
build	Set up Android SDK	2026-04-28T11:25:04.9957212Z 
build	Set up Android SDK	2026-04-28T11:25:04.9957295Z 11. LIMITATION OF LIABILITY
build	Set up Android SDK	2026-04-28T11:25:04.9957439Z 
build	Set up Android SDK	2026-04-28T11:25:04.9958826Z 11.1 YOU EXPRESSLY UNDERSTAND AND AGREE THAT GOOGLE, ITS SUBSIDIARIES AND AFFILIATES, AND ITS LICENSORS SHALL NOT BE LIABLE TO YOU UNDER ANY THEORY OF LIABILITY FOR ANY DIRECT, INDIRECT, INCIDENTAL, SPECIAL, CONSEQUENTIAL OR EXEMPLARY DAMAGES THAT MAY BE INCURRED BY YOU, INCLUDING ANY LOSS OF DATA, WHETHER OR NOT GOOGLE OR ITS REPRESENTATIVES HAVE BEEN ADVISED OF OR SHOULD HAVE BEEN AWARE OF THE POSSIBILITY OF ANY SUCH LOSSES ARISING.
build	Set up Android SDK	2026-04-28T11:25:04.9960419Z 
build	Set up Android SDK	2026-04-28T11:25:04.9960502Z 12. Indemnification
build	Set up Android SDK	2026-04-28T11:25:04.9960618Z 
build	Set up Android SDK	2026-04-28T11:25:04.9963428Z 12.1 To the maximum extent permitted by law, you agree to defend, indemnify and hold harmless Google, its affiliates and their respective directors, officers, employees and agents from and against any and all claims, actions, suits or proceedings, as well as any and all losses, liabilities, damages, costs and expenses (including reasonable attorneysΓÇÖ fees) arising out of or accruing from (a) your use of the Preview, (b) any application you develop on the Preview that infringes any Intellectual Property Rights of any person or defames any person or violates their rights of publicity or privacy, and (c) any non-compliance by you of the License Agreement.
build	Set up Android SDK	2026-04-28T11:25:04.9965648Z 
build	Set up Android SDK	2026-04-28T11:25:04.9965740Z 13. Changes to the License Agreement
build	Set up Android SDK	2026-04-28T11:25:04.9965907Z 
build	Set up Android SDK	2026-04-28T11:25:04.9966654Z 13.1 Google may make changes to the License Agreement as it distributes new versions of the Preview. When these changes are made, Google will make a new version of the License Agreement available on the website where the Preview is made available.
build	Set up Android SDK	2026-04-28T11:25:04.9967487Z 
build	Set up Android SDK	2026-04-28T11:25:04.9967731Z 14. General Legal Terms
build	Set up Android SDK	2026-04-28T11:25:04.9967862Z 
build	Set up Android SDK	2026-04-28T11:25:04.9968844Z 14.1 the License Agreement constitutes the whole legal agreement between you and Google and governs your use of the Preview (excluding any services which Google may provide to you under a separate written agreement), and completely replaces any prior agreements between you and Google in relation to the Preview.
build	Set up Android SDK	2026-04-28T11:25:04.9969909Z 
build	Set up Android SDK	2026-04-28T11:25:04.9970884Z 14.2 You agree that if Google does not exercise or enforce any legal right or remedy which is contained in the License Agreement (or which Google has the benefit of under any applicable law), this will not be taken to be a formal waiver of Google's rights and that those rights or remedies will still be available to Google.
build	Set up Android SDK	2026-04-28T11:25:04.9972190Z 
build	Set up Android SDK	2026-04-28T11:25:04.9973274Z 14.3 If any court of law, having the jurisdiction to decide on this matter, rules that any provision of the License Agreement is invalid, then that provision will be removed from the License Agreement without affecting the rest of the License Agreement. The remaining provisions of the License Agreement will continue to be valid and enforceable.
build	Set up Android SDK	2026-04-28T11:25:04.9974442Z 
build	Set up Android SDK	2026-04-28T11:25:04.9975843Z 14.4 You acknowledge and agree that each member of the group of companies of which Google is the parent shall be third party beneficiaries to the License Agreement and that such other companies shall be entitled to directly enforce, and rely upon, any provision of the License Agreement that confers a benefit on (or rights in favor of) them. Other than this, no other person or company shall be third party beneficiaries to the License Agreement.
build	Set up Android SDK	2026-04-28T11:25:04.9977333Z 
build	Set up Android SDK	2026-04-28T11:25:04.9978189Z 14.5 EXPORT RESTRICTIONS. THE PREVIEW IS SUBJECT TO UNITED STATES EXPORT LAWS AND REGULATIONS. YOU MUST COMPLY WITH ALL DOMESTIC AND INTERNATIONAL EXPORT LAWS AND REGULATIONS THAT APPLY TO THE PREVIEW. THESE LAWS INCLUDE RESTRICTIONS ON DESTINATIONS, END USERS AND END USE.
build	Set up Android SDK	2026-04-28T11:25:04.9979135Z 
build	Set up Android SDK	2026-04-28T11:25:04.9980126Z 14.6 The License Agreement may not be assigned or transferred by you without the prior written approval of Google, and any attempted assignment without such approval will be void. You shall not delegate your responsibilities or obligations under the License Agreement without the prior written approval of Google.
build	Set up Android SDK	2026-04-28T11:25:04.9981197Z 
build	Set up Android SDK	2026-04-28T11:25:04.9983337Z 14.7 The License Agreement, and your relationship with Google under the License Agreement, shall be governed by the laws of the State of California without regard to its conflict of laws provisions. You and Google agree to submit to the exclusive jurisdiction of the courts located within the county of Santa Clara, California to resolve any legal matter arising from the License Agreement. Notwithstanding this, you agree that Google shall still be allowed to apply for injunctive remedies (or an equivalent type of urgent legal relief) in any jurisdiction.
build	Set up Android SDK	2026-04-28T11:25:04.9985368Z 
build	Set up Android SDK	2026-04-28T11:25:04.9985450Z June 2014.
build	Set up Android SDK	2026-04-28T11:25:04.9985643Z ---------------------------------------
build	Set up Android SDK	2026-04-28T11:25:04.9985884Z Accept? (y/N): 
build	Set up Android SDK	2026-04-28T11:25:04.9986087Z 5/6: License google-gdk-license:
build	Set up Android SDK	2026-04-28T11:25:04.9986323Z ---------------------------------------
build	Set up Android SDK	2026-04-28T11:25:04.9986649Z This is a Developer Preview of the GDK that is subject to change.
build	Set up Android SDK	2026-04-28T11:25:04.9986904Z 
build	Set up Android SDK	2026-04-28T11:25:04.9986985Z Terms and Conditions
build	Set up Android SDK	2026-04-28T11:25:04.9987110Z 
build	Set up Android SDK	2026-04-28T11:25:04.9987239Z This is the Glass Development Kit License Agreement.
build	Set up Android SDK	2026-04-28T11:25:04.9987460Z 
build	Set up Android SDK	2026-04-28T11:25:04.9987529Z 1. Introduction
build	Set up Android SDK	2026-04-28T11:25:04.9987643Z 
build	Set up Android SDK	2026-04-28T11:25:04.9988862Z 1.1 The Glass Development Kit (referred to in this License Agreement as the "GDK" and specifically including the Android system files, packaged APIs, and GDK library files, if and when they are made available) is licensed to you subject to the terms of this License Agreement. This License Agreement forms a legally binding contract between you and Google in relation to your use of the GDK.
build	Set up Android SDK	2026-04-28T11:25:04.9990294Z 
build	Set up Android SDK	2026-04-28T11:25:04.9990508Z 1.2 "Glass" means Glass devices and the Glass software stack for use on Glass devices.
build	Set up Android SDK	2026-04-28T11:25:04.9990828Z 
build	Set up Android SDK	2026-04-28T11:25:04.9990833Z 
build	Set up Android SDK	2026-04-28T11:25:04.9991477Z 1.3 "Android" means the Android software stack for devices, as made available under the Android Open Source Project, which is located at the following URL: http://source.android.com/, as updated from time to time.
build	Set up Android SDK	2026-04-28T11:25:04.9992356Z 
build	Set up Android SDK	2026-04-28T11:25:04.9992817Z 1.4 "Google" means Google Inc., a Delaware corporation with principal place of business at 1600 Amphitheatre Parkway, Mountain View, CA 94043, United States.
build	Set up Android SDK	2026-04-28T11:25:04.9993364Z 
build	Set up Android SDK	2026-04-28T11:25:04.9993458Z 2. Accepting this License Agreement
build	Set up Android SDK	2026-04-28T11:25:04.9993622Z 
build	Set up Android SDK	2026-04-28T11:25:04.9994017Z 2.1 In order to use the GDK, you must first agree to this License Agreement. You may not use the GDK if you do not accept this License Agreement.
build	Set up Android SDK	2026-04-28T11:25:04.9994505Z 
build	Set up Android SDK	2026-04-28T11:25:04.9994716Z 2.2 By clicking to accept, you hereby agree to the terms of this License Agreement.
build	Set up Android SDK	2026-04-28T11:25:04.9995021Z 
build	Set up Android SDK	2026-04-28T11:25:04.9995757Z 2.3 You may not use the GDK and may not accept the License Agreement if you are a person barred from receiving the GDK under the laws of the United States or other countries including the country in which you are resident or from which you use the GDK.
build	Set up Android SDK	2026-04-28T11:25:04.9996596Z 
build	Set up Android SDK	2026-04-28T11:25:04.9997735Z 2.4 If you are agreeing to be bound by this License Agreement on behalf of your employer or other entity, you represent and warrant that you have full legal authority to bind your employer or such entity to this License Agreement. If you do not have the requisite authority, you may not accept the License Agreement or use the GDK on behalf of your employer or other entity.
build	Set up Android SDK	2026-04-28T11:25:04.9998961Z 
build	Set up Android SDK	2026-04-28T11:25:04.9999044Z 3. GDK License from Google
build	Set up Android SDK	2026-04-28T11:25:04.9999189Z 
build	Set up Android SDK	2026-04-28T11:25:04.9999973Z 3.1 Subject to the terms of this License Agreement, Google grants you a limited, worldwide, royalty-free, non-assignable and non-exclusive license to use the GDK solely to develop applications to run on the Glass platform for Glass devices.
build	Set up Android SDK	2026-04-28T11:25:05.0000808Z 
build	Set up Android SDK	2026-04-28T11:25:05.0002129Z 3.2 You agree that Google or third parties own all legal right, title and interest in and to the GDK, including any Intellectual Property Rights that subsist in the GDK. "Intellectual Property Rights" means any and all rights under patent law, copyright law, trade secret law, trademark law, and any and all other proprietary rights. Google reserves all rights not expressly granted to you.
build	Set up Android SDK	2026-04-28T11:25:05.0003562Z 
build	Set up Android SDK	2026-04-28T11:25:05.0005502Z 3.3 You may not use the GDK for any purpose not expressly permitted by this License Agreement. Except to the extent required by applicable third party licenses, you may not: (a) copy (except for backup purposes), modify, adapt, redistribute, decompile, reverse engineer, disassemble, or create derivative works of the GDK or any part of the GDK; or (b) load any part of the GDK onto a mobile handset or wearable computing device or any other hardware device except a Glass device personal computer, combine any part of the GDK with other software, or distribute any software or device incorporating a part of the GDK.
build	Set up Android SDK	2026-04-28T11:25:05.0007532Z 
build	Set up Android SDK	2026-04-28T11:25:05.0008293Z 3.4 You agree that you will not take any actions that may cause or result in the fragmentation of Glass, including but not limited to distributing, participating in the creation of, or promoting in any way a software development kit derived from the GDK.
build	Set up Android SDK	2026-04-28T11:25:05.0009151Z 
build	Set up Android SDK	2026-04-28T11:25:05.0009788Z 3.5 Use, reproduction and distribution of components of the GDK licensed under an open source software license are governed solely by the terms of that open source software license and not this License Agreement.
build	Set up Android SDK	2026-04-28T11:25:05.0010513Z 
build	Set up Android SDK	2026-04-28T11:25:05.0012323Z 3.6 You agree that the form and nature of the GDK that Google provides may change without prior notice to you and that future versions of the GDK may be incompatible with applications developed on previous versions of the GDK. You agree that Google may stop (permanently or temporarily) providing the GDK (or any features within the GDK) to you or to users generally at Google's sole discretion, without prior notice to you.
build	Set up Android SDK	2026-04-28T11:25:05.0015063Z 
build	Set up Android SDK	2026-04-28T11:25:05.0016046Z 3.7 Nothing in this License Agreement gives you a right to use any of Google's trade names, trademarks, service marks, logos, domain names, or other distinctive brand features.
build	Set up Android SDK	2026-04-28T11:25:05.0017069Z 
build	Set up Android SDK	2026-04-28T11:25:05.0017637Z 3.8 You agree that you will not remove, obscure, or alter any proprietary rights notices (including copyright and trademark notices) that may be affixed to or contained within the GDK.
build	Set up Android SDK	2026-04-28T11:25:05.0018285Z 
build	Set up Android SDK	2026-04-28T11:25:05.0018290Z 
build	Set up Android SDK	2026-04-28T11:25:05.0019583Z 3.9 Your use of any Android system files, packaged APIs, or other components of the GDK which are part of the Android Software Development Kit is subject to the terms of the Android Software Development Kit License Agreement located at http://developer.android.com/sdk/terms.html. These terms are hereby incorporated by reference into this License Agreement.
build	Set up Android SDK	2026-04-28T11:25:05.0021969Z 
build	Set up Android SDK	2026-04-28T11:25:05.0022158Z 4. Use of the GDK by You
build	Set up Android SDK	2026-04-28T11:25:05.0022411Z 
build	Set up Android SDK	2026-04-28T11:25:05.0023544Z 4.1 Google agrees that it obtains no right, title or interest from you (or your licensors) under this License Agreement in or to any software applications that you develop using the GDK, including any intellectual property rights that subsist in those applications.
build	Set up Android SDK	2026-04-28T11:25:05.0024508Z 
build	Set up Android SDK	2026-04-28T11:25:05.0026209Z 4.2 You agree to use the GDK and write applications only for purposes that are permitted by (a) this License Agreement, (b) the Glass Platform Developer Policies (located at https://developers.google.com/glass/policies, and hereby incorporated into this License Agreement by reference), and (c) any applicable law, regulation or generally accepted practices or guidelines in the relevant jurisdictions (including any laws regarding the export of data or software to and from the United States or other relevant countries).
build	Set up Android SDK	2026-04-28T11:25:05.0027988Z 
build	Set up Android SDK	2026-04-28T11:25:05.0030530Z 4.3 You agree that if you use the GDK to develop applications for general public users, you will protect the privacy and legal rights of those users. If the users provide you with user names, passwords, or other login information or personal information, you must make the users aware that the information will be available to your application, and you must provide legally adequate privacy notice and protection for those users. If your application stores personal or sensitive information provided by users, it must do so securely. If the user provides your application with Google Account information, your application may only use that information to access the user's Google Account when, and for the limited purposes for which, the user has given you permission to do so.
build	Set up Android SDK	2026-04-28T11:25:05.0033610Z 
build	Set up Android SDK	2026-04-28T11:25:05.0034632Z 4.4 You agree that you will not engage in any activity with the GDK, including the development or distribution of an application, that interferes with, disrupts, damages, or accesses in an unauthorized manner the servers, networks, or other properties or services of any third party including, but not limited to, Google.
build	Set up Android SDK	2026-04-28T11:25:05.0035741Z 
build	Set up Android SDK	2026-04-28T11:25:05.0036808Z 4.5 You agree that you are solely responsible for (and that Google has no responsibility to you or to any third party for) any data, content, or resources that you create, transmit or display through Glass and/or applications for Glass, and for the consequences of your actions (including any loss or damage which Google may suffer) by doing so.
build	Set up Android SDK	2026-04-28T11:25:05.0038398Z 
build	Set up Android SDK	2026-04-28T11:25:05.0039965Z 4.6 You agree that you are solely responsible for (and that Google has no responsibility to you or to any third party for) any breach of your obligations under this License Agreement, any applicable third party contract or Terms of Service, or any applicable law or regulation, and for the consequences (including any loss or damage which Google or any third party may suffer) of any such breach.
build	Set up Android SDK	2026-04-28T11:25:05.0041519Z 
build	Set up Android SDK	2026-04-28T11:25:05.0041528Z 
build	Set up Android SDK	2026-04-28T11:25:05.0043310Z 4.7 The GDK is in development, and your testing and feedback are an important part of the development process. By using the GDK, you acknowledge that implementation of some features are still under development and that you should not rely on the GDK, Glass devices, Glass system software, Google Mirror API, or Glass services having the full functionality of a stable release.
build	Set up Android SDK	2026-04-28T11:25:05.0044920Z 
build	Set up Android SDK	2026-04-28T11:25:05.0045036Z 5. Your Developer Credentials
build	Set up Android SDK	2026-04-28T11:25:05.0045212Z 
build	Set up Android SDK	2026-04-28T11:25:05.0046111Z 5.1 You agree that you are responsible for maintaining the confidentiality of any developer credentials that may be issued to you by Google or which you may choose yourself and that you will be solely responsible for all applications that are developed under your developer credentials.
build	Set up Android SDK	2026-04-28T11:25:05.0047194Z 
build	Set up Android SDK	2026-04-28T11:25:05.0047284Z 6. Privacy and Information
build	Set up Android SDK	2026-04-28T11:25:05.0047430Z 
build	Set up Android SDK	2026-04-28T11:25:05.0047435Z 
build	Set up Android SDK	2026-04-28T11:25:05.0048951Z 6.1 In order to continually innovate and improve the GDK, Google may collect certain usage statistics from the software including but not limited to a unique identifier, associated IP address, version number of the software, and information on which tools and/or services in the GDK are being used and how they are being used. Before any of this information is collected, the GDK will notify you and seek your consent. If you withhold consent, the information will not be collected.
build	Set up Android SDK	2026-04-28T11:25:05.0050573Z 
build	Set up Android SDK	2026-04-28T11:25:05.0050945Z 6.2 The data collected is examined in the aggregate to improve the GDK and is maintained in accordance with Google's Privacy Policy.
build	Set up Android SDK	2026-04-28T11:25:05.0051440Z 
build	Set up Android SDK	2026-04-28T11:25:05.0051536Z 7. Third Party Applications
build	Set up Android SDK	2026-04-28T11:25:05.0051693Z 
build	Set up Android SDK	2026-04-28T11:25:05.0053787Z 7.1 If you use the GDK to run applications developed by a third party or that access data, content or resources provided by a third party, you agree that Google is not responsible for those applications, data, content, or resources. You understand that all data, content or resources which you may access through such third party applications are the sole responsibility of the person from which they originated and that Google is not liable for any loss or damage that you may experience as a result of the use or access of any of those third party applications, data, content, or resources.
build	Set up Android SDK	2026-04-28T11:25:05.0055923Z 
build	Set up Android SDK	2026-04-28T11:25:05.0057465Z 7.2 You should be aware the data, content, and resources presented to you through such a third party application may be protected by intellectual property rights which are owned by the providers (or by other persons or companies on their behalf). You may not modify, rent, lease, loan, sell, distribute or create derivative works based on these data, content, or resources (either in whole or in part) unless you have been specifically given permission to do so by the relevant owners.
build	Set up Android SDK	2026-04-28T11:25:05.0059091Z 
build	Set up Android SDK	2026-04-28T11:25:05.0060018Z 7.3 You acknowledge that your use of such third party applications, data, content, or resources may be subject to separate terms between you and the relevant third party. In that case, this License Agreement does not affect your legal relationship with these third parties.
build	Set up Android SDK	2026-04-28T11:25:05.0061211Z 
build	Set up Android SDK	2026-04-28T11:25:05.0061346Z 8. Using Google APIs
build	Set up Android SDK	2026-04-28T11:25:05.0061563Z 
build	Set up Android SDK	2026-04-28T11:25:05.0061877Z 8.1 Google APIs
build	Set up Android SDK	2026-04-28T11:25:05.0062081Z 
build	Set up Android SDK	2026-04-28T11:25:05.0064931Z 8.1.1 If you use any API to retrieve data from Google, you acknowledge that the data may be protected by intellectual property rights which are owned by Google or those parties that provide the data (or by other persons or companies on their behalf). Your use of any such API may be subject to additional Terms of Service. You may not modify, rent, lease, loan, sell, distribute or create derivative works based on this data (either in whole or in part) unless allowed by the relevant Terms of Service.
build	Set up Android SDK	2026-04-28T11:25:05.0068089Z 
build	Set up Android SDK	2026-04-28T11:25:05.0069479Z 8.1.2 If you use any API to retrieve a user's data from Google, you acknowledge and agree that you shall retrieve data only with the user's explicit consent and only when, and for the limited purposes for which, the user has given you permission to do so.
build	Set up Android SDK	2026-04-28T11:25:05.0071038Z 
build	Set up Android SDK	2026-04-28T11:25:05.0071211Z 9. Terminating this License Agreement
build	Set up Android SDK	2026-04-28T11:25:05.0071516Z 
build	Set up Android SDK	2026-04-28T11:25:05.0072216Z 9.1 This License Agreement will continue to apply until terminated by either you or Google as set out below.
build	Set up Android SDK	2026-04-28T11:25:05.0072937Z 
build	Set up Android SDK	2026-04-28T11:25:05.0073613Z 9.2 If you want to terminate this License Agreement, you may do so by ceasing your use of the GDK and any relevant developer credentials.
build	Set up Android SDK	2026-04-28T11:25:05.0074475Z 
build	Set up Android SDK	2026-04-28T11:25:05.0078085Z 9.3 Google may at any time, terminate this License Agreement with you if: (A) you have breached any provision of this License Agreement; or (B) Google is required to do so by law; or (C) the partner with whom Google offered certain parts of GDK (such as APIs) to you has terminated its relationship with Google or ceased to offer certain parts of the GDK to you; or (D) Google decides to no longer provide the GDK or certain parts of the GDK to users in the country in which you are resident or from which you use the service, or the provision of the GDK or certain GDK services to you by Google is, in Google's sole discretion, no longer commercially viable.
build	Set up Android SDK	2026-04-28T11:25:05.0082073Z 
build	Set up Android SDK	2026-04-28T11:25:05.0084660Z 9.4 When this License Agreement comes to an end, all of the legal rights, obligations and liabilities that you and Google have benefited from, been subject to (or which have accrued over time whilst this License Agreement has been in force) or which are expressed to continue indefinitely, shall be unaffected by this cessation, and the provisions of paragraph 14.7 shall continue to apply to such rights, obligations and liabilities indefinitely.
build	Set up Android SDK	2026-04-28T11:25:05.0087357Z 
build	Set up Android SDK	2026-04-28T11:25:05.0087513Z 10. DISCLAIMER OF WARRANTIES
build	Set up Android SDK	2026-04-28T11:25:05.0087758Z 
build	Set up Android SDK	2026-04-28T11:25:05.0088458Z 10.1 YOU EXPRESSLY UNDERSTAND AND AGREE THAT YOUR USE OF THE GDK IS AT YOUR SOLE RISK AND THAT THE GDK IS PROVIDED "AS IS" AND "AS AVAILABLE" WITHOUT WARRANTY OF ANY KIND FROM GOOGLE.
build	Set up Android SDK	2026-04-28T11:25:05.0089240Z 
build	Set up Android SDK	2026-04-28T11:25:05.0090114Z 10.2 YOUR USE OF THE GDK AND ANY MATERIAL DOWNLOADED OR OTHERWISE OBTAINED THROUGH THE USE OF THE GDK IS AT YOUR OWN DISCRETION AND RISK AND YOU ARE SOLELY RESPONSIBLE FOR ANY DAMAGE TO YOUR COMPUTER SYSTEM OR OTHER DEVICE OR LOSS OF DATA THAT RESULTS FROM SUCH USE.
build	Set up Android SDK	2026-04-28T11:25:05.0091553Z 
build	Set up Android SDK	2026-04-28T11:25:05.0092644Z 10.3 GOOGLE FURTHER EXPRESSLY DISCLAIMS ALL WARRANTIES AND CONDITIONS OF ANY KIND, WHETHER EXPRESS OR IMPLIED, INCLUDING, BUT NOT LIMITED TO THE IMPLIED WARRANTIES AND CONDITIONS OF MERCHANTABILITY, FITNESS FOR A PARTICULAR PURPOSE AND NON-INFRINGEMENT.
build	Set up Android SDK	2026-04-28T11:25:05.0093564Z 
build	Set up Android SDK	2026-04-28T11:25:05.0093655Z 11. LIMITATION OF LIABILITY
build	Set up Android SDK	2026-04-28T11:25:05.0093809Z 
build	Set up Android SDK	2026-04-28T11:25:05.0095190Z 11.1 YOU EXPRESSLY UNDERSTAND AND AGREE THAT GOOGLE, ITS SUBSIDIARIES AND AFFILIATES, AND ITS LICENSORS SHALL NOT BE LIABLE TO YOU UNDER ANY THEORY OF LIABILITY FOR ANY DIRECT, INDIRECT, INCIDENTAL, SPECIAL, CONSEQUENTIAL OR EXEMPLARY DAMAGES THAT MAY BE INCURRED BY YOU, INCLUDING ANY LOSS OF DATA, WHETHER OR NOT GOOGLE OR ITS REPRESENTATIVES HAVE BEEN ADVISED OF OR SHOULD HAVE BEEN AWARE OF THE POSSIBILITY OF ANY SUCH LOSSES ARISING.
build	Set up Android SDK	2026-04-28T11:25:05.0096665Z 
build	Set up Android SDK	2026-04-28T11:25:05.0096742Z 12. Indemnification
build	Set up Android SDK	2026-04-28T11:25:05.0096868Z 
build	Set up Android SDK	2026-04-28T11:25:05.0099162Z 12.1 To the maximum extent permitted by law, you agree to defend, indemnify and hold harmless Google, its affiliates and their respective directors, officers, employees and agents from and against any and all claims, actions, suits or proceedings, as well as any and all losses, liabilities, damages, costs and expenses (including reasonable attorneys fees) arising out of or accruing from (a) your use of the GDK, (b) any application you develop on the GDK that infringes any copyright, trademark, trade secret, trade dress, patent or other intellectual property right of any person or defames any person or violates their rights of publicity or privacy, and (c) any non-compliance by you with this License Agreement.
build	Set up Android SDK	2026-04-28T11:25:05.0101993Z 
build	Set up Android SDK	2026-04-28T11:25:05.0102095Z 13. Changes to the License Agreement
build	Set up Android SDK	2026-04-28T11:25:05.0102278Z 
build	Set up Android SDK	2026-04-28T11:25:05.0102990Z 13.1 Google may make changes to the License Agreement as it distributes new versions of the GDK. When these changes are made, Google will make a new version of the License Agreement available on the website where the GDK is made available.
build	Set up Android SDK	2026-04-28T11:25:05.0103812Z 
build	Set up Android SDK	2026-04-28T11:25:05.0103893Z 14. General Legal Terms
build	Set up Android SDK	2026-04-28T11:25:05.0104029Z 
build	Set up Android SDK	2026-04-28T11:25:05.0104981Z 14.1 This License Agreement constitutes the whole legal agreement between you and Google and governs your use of the GDK (excluding any services which Google may provide to you under a separate written agreement), and completely replaces any prior agreements between you and Google in relation to the GDK.
build	Set up Android SDK	2026-04-28T11:25:05.0106029Z 
build	Set up Android SDK	2026-04-28T11:25:05.0107009Z 14.2 You agree that if Google does not exercise or enforce any legal right or remedy which is contained in this License Agreement (or which Google has the benefit of under any applicable law), this will not be taken to be a formal waiver of Google's rights and that those rights or remedies will still be available to Google.
build	Set up Android SDK	2026-04-28T11:25:05.0108088Z 
build	Set up Android SDK	2026-04-28T11:25:05.0109168Z 14.3 If any court of law, having the jurisdiction to decide on this matter, rules that any provision of this License Agreement is invalid, then that provision will be removed from this License Agreement without affecting the rest of this License Agreement. The remaining provisions of this License Agreement will continue to be valid and enforceable.
build	Set up Android SDK	2026-04-28T11:25:05.0110360Z 
build	Set up Android SDK	2026-04-28T11:25:05.0112025Z 14.4 You acknowledge and agree that each member of the group of companies of which Google is the parent shall be third party beneficiaries to this License Agreement and that such other companies shall be entitled to directly enforce, and rely upon, any provision of this License Agreement that confers a benefit on (or rights in favor of) them. Other than this, no other person or company shall be third party beneficiaries to this License Agreement.
build	Set up Android SDK	2026-04-28T11:25:05.0113725Z 
build	Set up Android SDK	2026-04-28T11:25:05.0114554Z 14.5 EXPORT RESTRICTIONS. THE GDK IS SUBJECT TO UNITED STATES EXPORT LAWS AND REGULATIONS. YOU MUST COMPLY WITH ALL DOMESTIC AND INTERNATIONAL EXPORT LAWS AND REGULATIONS THAT APPLY TO THE GDK. THESE LAWS INCLUDE RESTRICTIONS ON DESTINATIONS, END USERS AND END USE.
build	Set up Android SDK	2026-04-28T11:25:05.0115474Z 
build	Set up Android SDK	2026-04-28T11:25:05.0116550Z 14.6 The rights granted in this License Agreement may not be assigned or transferred by either you or Google without the prior written approval of the other party. Neither you nor Google shall be permitted to delegate their responsibilities or obligations under this License Agreement without the prior written approval of the other party.
build	Set up Android SDK	2026-04-28T11:25:05.0117726Z 
build	Set up Android SDK	2026-04-28T11:25:05.0119526Z 14.7 This License Agreement, and your relationship with Google under this License Agreement, shall be governed by the laws of the State of California without regard to its conflict of laws provisions. You and Google agree to submit to the exclusive jurisdiction of the courts located within the county of Santa Clara, California to resolve any legal matter arising from this License Agreement. Notwithstanding this, you agree that Google shall still be allowed to apply for injunctive remedies (or an equivalent type of urgent legal relief) in any jurisdiction.
build	Set up Android SDK	2026-04-28T11:25:05.0121517Z 
build	Set up Android SDK	2026-04-28T11:25:05.0121593Z November 19, 2013
build	Set up Android SDK	2026-04-28T11:25:05.0122040Z ---------------------------------------
build	Set up Android SDK	2026-04-28T11:25:05.0122453Z Accept? (y/N): 
build	Set up Android SDK	2026-04-28T11:25:05.0122688Z 6/6: License mips-android-sysimage-license:
build	Set up Android SDK	2026-04-28T11:25:05.0122965Z ---------------------------------------
build	Set up Android SDK	2026-04-28T11:25:05.0125011Z MIPS Technologies, Inc. (ΓÇ£MIPSΓÇ¥) Internal Evaluation License Agreement for MIPS AndroidΓäó System Images for Android Software Development Kit (SDK): This Internal Evaluation License Agreement (this "Agreement") is entered into by and between MIPS and you (as an individual developer or a legal entity -- identified below as ΓÇ£RecipientΓÇ¥). MIPS shall make the Evaluation Software available to Recipient as described in accordance with the terms and conditions set forth below.
build	Set up Android SDK	2026-04-28T11:25:05.0126647Z 
build	Set up Android SDK	2026-04-28T11:25:05.0128564Z By clicking on the ΓÇ£AcceptΓÇ¥ button, downloading, installing, or otherwise using the Evaluation Materials (defined below), you agree to be bound by the terms of this Agreement effective as of the date you click ΓÇ£AcceptΓÇ¥ (the ΓÇ£Effective DateΓÇ¥), and if doing so on behalf of an entity, you represent that you are authorized to bind the entity to the terms and conditions of this Agreement. If you do not agree to be bound by the terms and conditions of this Agreement, do not download, install, or use the Evaluation Materials.
build	Set up Android SDK	2026-04-28T11:25:05.0130298Z 
build	Set up Android SDK	2026-04-28T11:25:05.0130465Z 1. DEFINITIONS. These terms shall have the following meanings:
build	Set up Android SDK	2026-04-28T11:25:05.0130724Z 
build	Set up Android SDK	2026-04-28T11:25:05.0131279Z 1.1 ΓÇ£MIPSΓÇ¥ shall mean MIPS Technologies, Inc., a Delaware corporation having a principal place of business at: 955 East Arques Ave., Sunnyvale, CA 94085
build	Set up Android SDK	2026-04-28T11:25:05.0132092Z 
build	Set up Android SDK	2026-04-28T11:25:05.0132686Z 1.2 ΓÇ£Evaluation SoftwareΓÇ¥ shall mean MIPS AndroidΓäó emulator system images for Android Software Development Kit (SDK), as made available to Recipient.
build	Set up Android SDK	2026-04-28T11:25:05.0133242Z 
build	Set up Android SDK	2026-04-28T11:25:05.0134404Z 1.3 ΓÇ£Evaluation Materials" means, collectively, the Evaluation Software (in source and/or object code form) and documentation (including, without limitation, any design documents, specifications, reference manuals, and other related materials) related to the Evaluation Software as made available to Recipient.
build	Set up Android SDK	2026-04-28T11:25:05.0135514Z 
build	Set up Android SDK	2026-04-28T11:25:05.0139264Z 1.4 ΓÇ£Open Source SoftwareΓÇ¥ means any software that requires (as a condition of use, modification and/or distribution of such software) that such software or other software incorporated into, derived from or distributed with such software (a) be disclosed or distributed in source code form; or (b) be licensed by the user to third parties for the purpose of making and/or distributing derivative works; or (c) be redistributable at no charge. Open Source Software includes, without limitation, software licensed or distributed under any of the following licenses or distribution models, or licenses or distribution models substantially similar to any of the following: (a) GNUΓÇÖs General Public License (GPL) or Lesser/Library GPL (LGPL), (b) the Artistic License (e.g., PERL), (c) the Mozilla Public License, (d) the Netscape Public License, (e) the Sun Community Source License (SCSL), (f) the Sun Industry Source License (SISL), (g) the Apache Software license and (h) the Common Public License (CPL).
build	Set up Android SDK	2026-04-28T11:25:05.0142928Z 
build	Set up Android SDK	2026-04-28T11:25:05.0144068Z 1.5 ΓÇ£Pre-Release MaterialsΓÇ¥ means ΓÇ£alphaΓÇ¥ or ΓÇ£betaΓÇ¥ designated pre-release features, which may not be fully functional, which MIPS may substantially modify in producing any production version of the Evaluation Materials, and/or which is still under development by MIPS and/or MIPSΓÇÖ suppliers.
build	Set up Android SDK	2026-04-28T11:25:05.0145126Z 
build	Set up Android SDK	2026-04-28T11:25:05.0146972Z 2. PURPOSE. MIPS desires to make the Evaluation Materials available to Recipient solely for Recipient's internal evaluation of the Evaluation Software to evaluate the desirability of cooperating with MIPS in developing products that are compatible with the Evaluation Software and/or to advise MIPS as to possible modifications to the Evaluation Software. Recipient may not disclose, distribute, modify (except to facilitate the above-mentioned internal evaluation), or make commercial use of the Evaluation Materials or any modifications of the Evaluation Materials.
build	Set up Android SDK	2026-04-28T11:25:05.0149049Z 
build	Set up Android SDK	2026-04-28T11:25:05.0150427Z THE EVALUATION MATERIALS ARE PROVIDED FOR EVALUATION PURPOSES ONLY AND MAY NOT BE MODIFIED (EXCEPT TO FACILITATE THE INTERNAL EVALUATION) OR DISTRIBUTED BY RECIPIENT OR INCORPORATED INTO RECIPIENTΓÇÖS PRODUCTS OR SOFTWARE. PLEASE CONTACT A MIPS SALES REPRESENTATIVE TO LEARN ABOUT THE AVAILABILITY AND COST OF A COMMERCIAL VERSION OF THE EVALUATION SOFTWARE.
build	Set up Android SDK	2026-04-28T11:25:05.0151668Z 
build	Set up Android SDK	2026-04-28T11:25:05.0152832Z 3. TITLE. Title to the Evaluation Materials remains with MIPS or its suppliers. Recipient shall not mortgage, pledge or encumber the Evaluation Materials in any way. Recipient shall return all Evaluation Materials, keeping no copies, upon termination or expiration of this Agreement.
build	Set up Android SDK	2026-04-28T11:25:05.0153844Z 
build	Set up Android SDK	2026-04-28T11:25:05.0157537Z 4. LICENSE. MIPS grants Recipient a royalty-free, personal, nontransferable, nonexclusive license under its copyrights to use the Evaluation Software only for the purposes described in paragraph 2 above and only for a period beginning on the Effective Date and extending to the first anniversary of the Effective Date (the ΓÇ£Evaluation PeriodΓÇ¥). Unless otherwise communicated in writing by MIPS to Recipient, to the extent the Evaluation Software is provided in more than one delivery or release (each, a ΓÇ£ReleaseΓÇ¥) the license grant in this Section 4 and the Evaluation Period shall apply to each Release, in which case the Evaluation Period shall begin on the date that the Release is made generally available and continue to the first anniversary of such date. Recipient may not make modifications to the Evaluation Software. Recipient shall not disassemble, reverse-engineer, or decompile any software that is not provided to Recipient in source code form.
build	Set up Android SDK	2026-04-28T11:25:05.0160777Z 
build	Set up Android SDK	2026-04-28T11:25:05.0160783Z 
build	Set up Android SDK	2026-04-28T11:25:05.0162059Z EXCEPT AS PROVIDED HEREIN, NO OTHER LICENSE, EXPRESS OR IMPLIED, BY ESTOPPEL OR OTHERWISE, TO ANY OTHER MIPS INTELLECTUAL PROPERTY RIGHTS IS GRANTED TO THE RECIPIENT. OTHER THAN AS EXPLICITLY SET FORTH IN PARAGRAPH 2 ABOVE, NO RIGHT TO COPY, TO REPRODUCE, TO MODIFY, OR TO CREATE DERIVATIVE WORKS OF, THE EVALUATION MATERIALS IS GRANTED HEREIN.
build	Set up Android SDK	2026-04-28T11:25:05.0163241Z 
build	Set up Android SDK	2026-04-28T11:25:05.0164198Z 5. NO OBLIGATION. Recipient shall have no duty to purchase or license any product from MIPS. MIPS and its suppliers shall have no obligation to provide support for, or develop a non-evaluation version of, the Evaluation Software or to license any version of it.
build	Set up Android SDK	2026-04-28T11:25:05.0165098Z 
build	Set up Android SDK	2026-04-28T11:25:05.0168838Z 6. MODIFICATIONS. This Agreement does not obligate Recipient to provide MIPS with comments or suggestions regarding Evaluation Materials. However, should Recipient provide MIPS with comments or suggestions for the modification, correction, improvement or enhancement of (a) the Evaluation Materials or (b) MIPS products or processes which may embody the Evaluation Materials, then Recipient agrees to grant and hereby grants to MIPS a non-exclusive, irrevocable, worldwide, fully paid-up, royalty-free license, with the right to sublicense MIPSΓÇÖ licensees and customers, under RecipientΓÇÖs Intellectual property rights, to use and disclose such comments and suggestions in any manner MIPS chooses and to display, perform, copy, make, have made, use, sell, offer to sell, import, and otherwise dispose of MIPSΓÇÖ and its sublicenseeΓÇÖs products embodying such comments and suggestions in any manner and via any media MIPS chooses, without reference to the source.
build	Set up Android SDK	2026-04-28T11:25:05.0172323Z 
build	Set up Android SDK	2026-04-28T11:25:05.0173997Z 7. WARRANTY DISCLAIMER. MIPS AND ITS SUPPLIERS MAKE NO WARRANTIES WITH RESPECT TO EVALUATION MATERIALS, EITHER EXPRESS OR IMPLIED, INCLUDING ANY IMPLIED WARRANTIES OF MERCHANTABILITY OR FITNESS FOR A PARTICULAR PURPOSE, OR ANY IMPLIED WARRANTY OF NONINFRINGEMENT WITH RESPECT TO THIRD PARTY INTELLECTUAL PROPERTY. RECIPIENT ACKNOWLEDGES AND AGREES THAT THE EVALUATION MATERIALS ARE PROVIDED ΓÇ£AS IS,ΓÇ¥ WITHOUT WARRANTY OF ANY KIND.
build	Set up Android SDK	2026-04-28T11:25:05.0175628Z 
build	Set up Android SDK	2026-04-28T11:25:05.0177480Z 8. LIMITATION OF LIABILITY. MIPS AND ITS SUPPLIERS SHALL NOT BE LIABLE FOR ANY PROPERTY DAMAGE, PERSONAL INJURY, LOSS OF PROFITS, INTERRUPTION OF BUSINESS OR FOR ANY DIRECT, INDIRECT, SPECIAL, CONSEQUENTIAL OR INCIDENTAL DAMAGES, HOWEVER CAUSED OR ALLEGED, WHETHER FOR BREACH OF WARRANTY, CONTRACT, STRICT LIABILITY OR OTHERWISE, INCLUDING WITHOUT LIMITATION, UNDER TORT OR OTHER LEGAL THEORY. MIPS AND ITS SUPPLIERS DISCLAIM ANY AND ALL LIABILITY, INCLUDING LIABILITY FOR INFRINGEMENT OF ANY INTELLECTUAL PROPERTY RIGHTS OF ANY KIND RELATING TO THE EVALUATION MATERIALS.
build	Set up Android SDK	2026-04-28T11:25:05.0179422Z 
build	Set up Android SDK	2026-04-28T11:25:05.0180118Z 9. EXPIRATION. MIPS may terminate this Agreement immediately after a breach by Recipient or otherwise at MIPSΓÇÖ reasonable discretion and upon five (5) business daysΓÇÖ notice to Recipient.
build	Set up Android SDK	2026-04-28T11:25:05.0180796Z 
build	Set up Android SDK	2026-04-28T11:25:05.0180871Z 10. GENERAL.
build	Set up Android SDK	2026-04-28T11:25:05.0180973Z 
build	Set up Android SDK	2026-04-28T11:25:05.0184395Z 10.1 Controlling Law. This Agreement shall be governed by California law excluding its choice of law rules. With the exception of MIPSΓÇÖ rights to enforce its intellectual property rights and any confidentiality obligations under this Agreement or any licenses distributed with the Evaluation Materials, all disputes and any claims arising under or relating to this Agreement shall be subject to the exclusive jurisdiction and venue of the state and federal courts located in Santa Clara County, California. Each party hereby agrees to jurisdiction and venue in the courts set forth in the preceding sentence. The parties agree that the United Nations Convention on Contracts for the International Sale of Goods is specifically excluded from application to this Agreement. The parties consent to the personal jurisdiction of the above courts.
build	Set up Android SDK	2026-04-28T11:25:05.0187259Z 
build	Set up Android SDK	2026-04-28T11:25:05.0188843Z 10.2 Remedies. Recipient acknowledges and agrees that any breach of confidentiality obligations under this Agreement or any licenses distributed with the Evaluation Materials, as well as any disclosure, commercialization, or public use of the Evaluation Materials, would cause irreparable injury to MIPS, and therefore Recipient agrees to consent to, and hereby consents to, the grant of an injunction by any court of competent jurisdiction in the event of an actual or threatened breach.
build	Set up Android SDK	2026-04-28T11:25:05.0190648Z 
build	Set up Android SDK	2026-04-28T11:25:05.0192885Z 10.3 Assignment. Recipient may not delegate, assign or transfer this Agreement, the license granted or any of RecipientΓÇÖs rights, obligations, or duties hereunder, expressly, by implication, by operation of law, by way of merger (regardless of whether Recipient is the surviving entity) or acquisition, or otherwise and any attempt to do so, without MIPSΓÇÖ express prior written consent, shall be ineffective, null and void. MIPS may freely assign this Agreement, and its rights and obligations hereunder, in its sole discretion.
build	Set up Android SDK	2026-04-28T11:25:05.0194684Z 
build	Set up Android SDK	2026-04-28T11:25:05.0196174Z 10.4 Entire Agreement. This Agreement constitutes the entire agreement between Recipient and MIPS and supersedes in their entirety any and all oral or written agreements previously existing between Recipient and MIPS with respect to the subject matter hereof. This Agreement may only be amended or supplemented by a writing that refers explicitly to this Agreement and that is signed or otherwise accepted by duly authorized representatives of Recipient and MIPS.
build	Set up Android SDK	2026-04-28T11:25:05.0197772Z 
build	Set up Android SDK	2026-04-28T11:25:05.0199248Z 10.5 Severability. In the event that any provision of this Agreement is finally adjudicated to be unenforceable or invalid under any applicable law, such unenforceability or invalidity shall not render this Agreement unenforceable or invalid as a whole, and, in such event, such unenforceable or invalid provision shall be interpreted so as to best accomplish the objectives of such provision within the limits of applicable law or applicable court decisions.
build	Set up Android SDK	2026-04-28T11:25:05.0200978Z 
build	Set up Android SDK	2026-04-28T11:25:05.0205891Z 10.6 Export Regulations / Export Control. Recipient shall not export, either directly or indirectly, any product, service or technical data or system incorporating the Evaluation Materials without first obtaining any required license or other necessary approval from the U.S. Department of Commerce or any other governing agency or department of the United States Government. In the event any product is exported from the United States or re-exported from a foreign destination by Recipient, Recipient shall ensure that the distribution and export/re-export or import of the product is in compliance with all applicable laws, regulations, orders, or other restrictions of the U.S. Export Administration Regulations and the appropriate foreign government. Recipient agrees that neither it nor any of its subsidiaries will export/re-export any technical data, process, product, or service, directly or indirectly, to any country for which the United States government or any agency thereof or the foreign government from where it is shipping requires an export license, or other governmental approval, without first obtaining such license or approval. Recipient also agrees to implement measures to ensure that foreign national employees are authorized to receive any information controlled by U.S. export control laws. An export is "deemed" to take place when information is released to a foreign national wherever located.
build	Set up Android SDK	2026-04-28T11:25:05.0210897Z 
build	Set up Android SDK	2026-04-28T11:25:05.0214786Z 10.7 Special Terms for Pre-Release Materials. If so indicated in the description of the Evaluation Software, the Evaluation Software may contain Pre-Release Materials. Recipient hereby understands, acknowledges and agrees that: (i) Pre-Release Materials may not be fully tested and may contain bugs or errors; (ii) Pre-Release materials are not suitable for commercial release in their current state; (iii) regulatory approvals for Pre-Release Materials (such as UL or FCC) have not been obtained, and Pre-Release Materials may therefore not be certified for use in certain countries or environments or may not be suitable for certain applications and (iv) MIPS can provide no assurance that it will ever produce or make generally available a production version of the Pre-Release Materials . MIPS is not under any obligation to develop and/or release or offer for sale or license a final product based upon the Pre-Release Materials and may unilaterally elect to abandon the Pre-Release Materials or any such development platform at any time and without any obligation or liability whatsoever to Recipient or any other person.
build	Set up Android SDK	2026-04-28T11:25:05.0218867Z 
build	Set up Android SDK	2026-04-28T11:25:05.0219537Z ANY PRE-RELEASE MATERIALS ARE NON-QUALIFIED AND, AS SUCH, ARE PROVIDED ΓÇ£AS ISΓÇ¥ AND ΓÇ£AS AVAILABLEΓÇ¥, POSSIBLY WITH FAULTS, AND WITHOUT REPRESENTATION OR WARRANTY OF ANY KIND.
build	Set up Android SDK	2026-04-28T11:25:05.0220165Z 
build	Set up Android SDK	2026-04-28T11:25:05.0222424Z 10.8 Open Source Software. In the event Open Source software is included with Evaluation Software, such Open Source software is licensed pursuant to the applicable Open Source software license agreement identified in the Open Source software comments in the applicable source code file(s) and/or file header as indicated in the Evaluation Software. Additional detail may be available (where applicable) in the accompanying on-line documentation. With respect to the Open Source software, nothing in this Agreement limits any rights under, or grants rights that supersede, the terms of any applicable Open Source software license agreement.
build	Set up Android SDK	2026-04-28T11:25:05.0224685Z ---------------------------------------
build	Set up Android SDK	2026-04-28T11:25:05.0224978Z Accept? (y/N): All SDK package licenses accepted
build	Set up Android SDK	2026-04-28T11:25:05.0225183Z 
build	Set up Android SDK	2026-04-28T11:25:05.0225419Z [command]/usr/local/lib/android/sdk/cmdline-tools/16.0/bin/sdkmanager tools
build	Set up Android SDK	2026-04-28T11:25:05.7060124Z Loading package information...                                                  
build	Set up Android SDK	2026-04-28T11:25:05.7925563Z Loading local repository...                                                     
build	Set up Android SDK	2026-04-28T11:25:05.7928170Z [                                       ] 3% Loading local repository...        
build	Set up Android SDK	2026-04-28T11:25:05.8032497Z [                                       ] 3% Fetch remote repository...         
build	Set up Android SDK	2026-04-28T11:25:06.0671211Z [=                                      ] 3% Fetch remote repository...         
build	Set up Android SDK	2026-04-28T11:25:06.1524303Z [=                                      ] 4% Fetch remote repository...         
build	Set up Android SDK	2026-04-28T11:25:06.2101030Z [=                                      ] 5% Fetch remote repository...         
build	Set up Android SDK	2026-04-28T11:25:06.2802408Z [==                                     ] 5% Fetch remote repository...         
build	Set up Android SDK	2026-04-28T11:25:06.4004649Z [==                                     ] 6% Fetch remote repository...         
build	Set up Android SDK	2026-04-28T11:25:06.4762989Z [==                                     ] 7% Fetch remote repository...         
build	Set up Android SDK	2026-04-28T11:25:06.4764327Z [==                                     ] 7% Computing updates...               
build	Set up Android SDK	2026-04-28T11:25:06.4873698Z [===                                    ] 8% Computing updates...               
build	Set up Android SDK	2026-04-28T11:25:06.5017317Z [===                                    ] 10% Computing updates...              
build	Set up Android SDK	2026-04-28T11:25:06.8883418Z [===                                    ] 10% Installing Android Emulator       
build	Set up Android SDK	2026-04-28T11:25:07.0477638Z [===                                    ] 10% Downloading emulator-linux_x64-152
build	Set up Android SDK	2026-04-28T11:25:07.3385354Z [====                                   ] 10% Downloading emulator-linux_x64-152
build	Set up Android SDK	2026-04-28T11:25:07.8455414Z [====                                   ] 11% Downloading emulator-linux_x64-152
build	Set up Android SDK	2026-04-28T11:25:08.0090252Z [====                                   ] 12% Downloading emulator-linux_x64-152
build	Set up Android SDK	2026-04-28T11:25:08.1480293Z [=====                                  ] 13% Downloading emulator-linux_x64-152
build	Set up Android SDK	2026-04-28T11:25:08.2691414Z [=====                                  ] 14% Downloading emulator-linux_x64-152
build	Set up Android SDK	2026-04-28T11:25:08.3503031Z [=====                                  ] 15% Downloading emulator-linux_x64-152
build	Set up Android SDK	2026-04-28T11:25:08.4167652Z [======                                 ] 15% Downloading emulator-linux_x64-152
build	Set up Android SDK	2026-04-28T11:25:08.5615856Z [======                                 ] 16% Downloading emulator-linux_x64-152
build	Set up Android SDK	2026-04-28T11:25:08.7031762Z [======                                 ] 17% Downloading emulator-linux_x64-152
build	Set up Android SDK	2026-04-28T11:25:08.8468857Z [=======                                ] 18% Downloading emulator-linux_x64-152
build	Set up Android SDK	2026-04-28T11:25:08.9937249Z [=======                                ] 19% Downloading emulator-linux_x64-152
build	Set up Android SDK	2026-04-28T11:25:09.0601033Z [=======                                ] 20% Downloading emulator-linux_x64-152
build	Set up Android SDK	2026-04-28T11:25:09.1499558Z [========                               ] 20% Downloading emulator-linux_x64-152
build	Set up Android SDK	2026-04-28T11:25:09.2474931Z [========                               ] 21% Downloading emulator-linux_x64-152
build	Set up Android SDK	2026-04-28T11:25:09.3252323Z [========                               ] 21% Unzipping...                      
build	Set up Android SDK	2026-04-28T11:25:09.3253163Z [========                               ] 21% Unzipping... emulator/            
build	Set up Android SDK	2026-04-28T11:25:09.3254134Z [========                               ] 21% Unzipping... emulator/resources/  
build	Set up Android SDK	2026-04-28T11:25:09.3675860Z [========                               ] 21% Unzipping... emulator/qsn         
build	Set up Android SDK	2026-04-28T11:25:09.3809649Z [========                               ] 21% Unzipping... emulator/emulator    
build	Set up Android SDK	2026-04-28T11:25:09.4654100Z [========                               ] 21% Unzipping... emulator/netsimd     
build	Set up Android SDK	2026-04-28T11:25:09.5332417Z [========                               ] 22% Unzipping... emulator/netsimd     
build	Set up Android SDK	2026-04-28T11:25:09.5362524Z [========                               ] 22% Unzipping... emulator/bin64/      
build	Set up Android SDK	2026-04-28T11:25:09.5392532Z [========                               ] 22% Unzipping... emulator/android-info
build	Set up Android SDK	2026-04-28T11:25:09.5406401Z [========                               ] 22% Unzipping... emulator/qemu/       
build	Set up Android SDK	2026-04-28T11:25:09.5407394Z [========                               ] 22% Unzipping... emulator/NOTICE.txt  
build	Set up Android SDK	2026-04-28T11:25:09.5555903Z [========                               ] 22% Unzipping... emulator/crashpad_han
build	Set up Android SDK	2026-04-28T11:25:09.5559314Z [========                               ] 22% Unzipping... emulator/source.prope
build	Set up Android SDK	2026-04-28T11:25:09.6031044Z [========                               ] 22% Unzipping... emulator/nimble_bridg
build	Set up Android SDK	2026-04-28T11:25:09.6034251Z [========                               ] 22% Unzipping... emulator/LICENSE     
build	Set up Android SDK	2026-04-28T11:25:09.6035328Z [========                               ] 22% Unzipping... emulator/lib/        
build	Set up Android SDK	2026-04-28T11:25:09.6124980Z [========                               ] 22% Unzipping... emulator/qemu-img    
build	Set up Android SDK	2026-04-28T11:25:09.6127020Z [========                               ] 22% Unzipping... emulator/include/    
build	Set up Android SDK	2026-04-28T11:25:09.6128008Z [========                               ] 22% Unzipping... emulator/NOTICE.csv  
build	Set up Android SDK	2026-04-28T11:25:09.6128883Z [========                               ] 22% Unzipping... emulator/lib64/      
build	Set up Android SDK	2026-04-28T11:25:09.6294435Z [========                               ] 22% Unzipping... emulator/emulator-che
build	Set up Android SDK	2026-04-28T11:25:09.6483047Z [========                               ] 22% Unzipping... emulator/crashreport 
build	Set up Android SDK	2026-04-28T11:25:09.6493260Z [========                               ] 22% Unzipping... emulator/mksdcard    
build	Set up Android SDK	2026-04-28T11:25:09.6504113Z [========                               ] 22% Unzipping... emulator/resources/de
build	Set up Android SDK	2026-04-28T11:25:09.6820591Z [========                               ] 22% Unzipping... emulator/resources/To
build	Set up Android SDK	2026-04-28T11:25:09.6832309Z [========                               ] 22% Unzipping... emulator/resources/ma
build	Set up Android SDK	2026-04-28T11:25:09.6852295Z [========                               ] 22% Unzipping... emulator/resources/de
build	Set up Android SDK	2026-04-28T11:25:09.6854933Z [========                               ] 22% Unzipping... emulator/resources/sk
build	Set up Android SDK	2026-04-28T11:25:09.6856085Z [========                               ] 22% Unzipping... emulator/resources/ma
build	Set up Android SDK	2026-04-28T11:25:09.6868457Z [========                               ] 22% Unzipping... emulator/resources/po
build	Set up Android SDK	2026-04-28T11:25:09.6944994Z [========                               ] 22% Unzipping... emulator/resources/ma
build	Set up Android SDK	2026-04-28T11:25:09.7017115Z [========                               ] 22% Unzipping... emulator/resources/sk
build	Set up Android SDK	2026-04-28T11:25:09.7034519Z [========                               ] 22% Unzipping... emulator/resources/ma
build	Set up Android SDK	2026-04-28T11:25:09.7070314Z [========                               ] 22% Unzipping... emulator/bin64/e2fsck
build	Set up Android SDK	2026-04-28T11:25:09.7105863Z [========                               ] 22% Unzipping... emulator/bin64/fsck.e
build	Set up Android SDK	2026-04-28T11:25:09.7131182Z [========                               ] 22% Unzipping... emulator/bin64/tune2f
build	Set up Android SDK	2026-04-28T11:25:09.7148730Z [========                               ] 22% Unzipping... emulator/bin64/resize
build	Set up Android SDK	2026-04-28T11:25:09.7176811Z [========                               ] 22% Unzipping... emulator/bin64/mkfs.e
build	Set up Android SDK	2026-04-28T11:25:09.7410300Z [========                               ] 22% Unzipping... emulator/qemu/linux-x
build	Set up Android SDK	2026-04-28T11:25:10.0905342Z [=========                              ] 23% Unzipping... emulator/qemu/linux-x
build	Set up Android SDK	2026-04-28T11:25:10.4140728Z [=========                              ] 24% Unzipping... emulator/qemu/linux-x
build	Set up Android SDK	2026-04-28T11:25:10.5701761Z [=========                              ] 25% Unzipping... emulator/qemu/linux-x
build	Set up Android SDK	2026-04-28T11:25:10.7311437Z [==========                             ] 25% Unzipping... emulator/qemu/linux-x
build	Set up Android SDK	2026-04-28T11:25:10.7314767Z [==========                             ] 25% Unzipping... emulator/lib/emulator
build	Set up Android SDK	2026-04-28T11:25:10.7317299Z [==========                             ] 25% Unzipping... emulator/lib/rtc_serv
build	Set up Android SDK	2026-04-28T11:25:10.7321406Z [==========                             ] 25% Unzipping... emulator/lib/advanced
build	Set up Android SDK	2026-04-28T11:25:10.7323477Z [==========                             ] 25% Unzipping... emulator/lib/cmake/  
build	Set up Android SDK	2026-04-28T11:25:10.7325532Z [==========                             ] 25% Unzipping... emulator/lib/emulator
build	Set up Android SDK	2026-04-28T11:25:10.7328759Z [==========                             ] 25% Unzipping... emulator/lib/control_
build	Set up Android SDK	2026-04-28T11:25:10.7331948Z [==========                             ] 25% Unzipping... emulator/lib/emulated
build	Set up Android SDK	2026-04-28T11:25:10.7335417Z [==========                             ] 25% Unzipping... emulator/lib/rtc_serv
build	Set up Android SDK	2026-04-28T11:25:10.7338565Z [==========                             ] 25% Unzipping... emulator/lib/emu-orig
build	Set up Android SDK	2026-04-28T11:25:10.7345659Z [==========                             ] 25% Unzipping... emulator/lib/hardware
build	Set up Android SDK	2026-04-28T11:25:10.7347576Z [==========                             ] 25% Unzipping... emulator/lib/pkgconfi
build	Set up Android SDK	2026-04-28T11:25:10.7348361Z [==========                             ] 25% Unzipping... emulator/lib/pc-bios/
build	Set up Android SDK	2026-04-28T11:25:10.7356160Z [==========                             ] 25% Unzipping... emulator/lib/snapshot
build	Set up Android SDK	2026-04-28T11:25:10.7356969Z [==========                             ] 25% Unzipping... emulator/lib/adb_serv
build	Set up Android SDK	2026-04-28T11:25:10.7358153Z [==========                             ] 25% Unzipping... emulator/lib/hostapd.
build	Set up Android SDK	2026-04-28T11:25:10.7361575Z [==========                             ] 25% Unzipping... emulator/lib/grpc_end
build	Set up Android SDK	2026-04-28T11:25:10.7377080Z [==========                             ] 25% Unzipping... emulator/lib/ca-bundl
build	Set up Android SDK	2026-04-28T11:25:10.7380481Z [==========                             ] 25% Unzipping... emulator/lib/ui_contr
build	Set up Android SDK	2026-04-28T11:25:10.7383852Z [==========                             ] 25% Unzipping... emulator/lib/snapshot
build	Set up Android SDK	2026-04-28T11:25:10.7387174Z [==========                             ] 25% Unzipping... emulator/lib/ice_conf
build	Set up Android SDK	2026-04-28T11:25:10.7562672Z [==========                             ] 25% Unzipping... emulator/lib/libflatb
build	Set up Android SDK	2026-04-28T11:25:10.7673936Z [==========                             ] 26% Unzipping... emulator/lib/libflatb
build	Set up Android SDK	2026-04-28T11:25:10.7680121Z [==========                             ] 26% Unzipping... emulator/lib/emulator
build	Set up Android SDK	2026-04-28T11:25:10.7683501Z [==========                             ] 26% Unzipping... emulator/lib/waterfal
build	Set up Android SDK	2026-04-28T11:25:10.7687067Z [==========                             ] 26% Unzipping... emulator/lib/emulated
build	Set up Android SDK	2026-04-28T11:25:10.7700945Z [==========                             ] 26% Unzipping... emulator/lib/cmake/fl
build	Set up Android SDK	2026-04-28T11:25:10.7703497Z [==========                             ] 26% Unzipping... emulator/lib/pkgconfi
build	Set up Android SDK	2026-04-28T11:25:10.7892863Z [==========                             ] 26% Unzipping... emulator/lib/pc-bios/
build	Set up Android SDK	2026-04-28T11:25:10.7972873Z [==========                             ] 26% Unzipping... emulator/include/flat
build	Set up Android SDK	2026-04-28T11:25:10.8036979Z [==========                             ] 26% Unzipping... emulator/lib64/libgli
build	Set up Android SDK	2026-04-28T11:25:10.8155821Z [==========                             ] 26% Unzipping... emulator/lib64/libpro
build	Set up Android SDK	2026-04-28T11:25:10.8156614Z [==========                             ] 26% Unzipping... emulator/lib64/qt/   
build	Set up Android SDK	2026-04-28T11:25:10.8543356Z [==========                             ] 26% Unzipping... emulator/lib64/liband
build	Set up Android SDK	2026-04-28T11:25:10.9218605Z [==========                             ] 26% Unzipping... emulator/lib64/libgfx
build	Set up Android SDK	2026-04-28T11:25:10.9219596Z [==========                             ] 26% Unzipping... emulator/lib64/gles_l
build	Set up Android SDK	2026-04-28T11:25:10.9228178Z [==========                             ] 26% Unzipping... emulator/lib64/liband
build	Set up Android SDK	2026-04-28T11:25:10.9229207Z [==========                             ] 26% Unzipping... emulator/lib64/vulkan
build	Set up Android SDK	2026-04-28T11:25:10.9230166Z [==========                             ] 26% Unzipping... emulator/lib64/gles_s
build	Set up Android SDK	2026-04-28T11:25:10.9234042Z [==========                             ] 26% Unzipping... emulator/lib64/libemu
build	Set up Android SDK	2026-04-28T11:25:10.9349980Z [==========                             ] 26% Unzipping... emulator/lib64/libpro
build	Set up Android SDK	2026-04-28T11:25:11.0683801Z [==========                             ] 26% Unzipping... emulator/lib64/liband
build	Set up Android SDK	2026-04-28T11:25:11.0701260Z [==========                             ] 26% Unzipping... emulator/lib64/libtcm
build	Set up Android SDK	2026-04-28T11:25:11.0704874Z [==========                             ] 26% Unzipping... emulator/lib64/libima
build	Set up Android SDK	2026-04-28T11:25:11.0770381Z [==========                             ] 26% Unzipping... emulator/lib64/libc++
build	Set up Android SDK	2026-04-28T11:25:11.1016961Z [==========                             ] 26% Unzipping... emulator/lib64/liband
build	Set up Android SDK	2026-04-28T11:25:11.1063293Z [==========                             ] 26% Unzipping... emulator/lib64/libabs
build	Set up Android SDK	2026-04-28T11:25:11.1064255Z [==========                             ] 26% Unzipping... emulator/lib64/gles_a
build	Set up Android SDK	2026-04-28T11:25:11.1131497Z [==========                             ] 26% Unzipping... emulator/lib64/libsha
build	Set up Android SDK	2026-04-28T11:25:11.1194498Z [==========                             ] 26% Unzipping... emulator/lib64/libc++
build	Set up Android SDK	2026-04-28T11:25:11.1197676Z [==========                             ] 26% Unzipping... emulator/lib64/qt/res
build	Set up Android SDK	2026-04-28T11:25:11.1198565Z [==========                             ] 26% Unzipping... emulator/lib64/qt/lib
build	Set up Android SDK	2026-04-28T11:25:11.1199349Z [==========                             ] 26% Unzipping... emulator/lib64/qt/tra
build	Set up Android SDK	2026-04-28T11:25:11.1200180Z [==========                             ] 26% Unzipping... emulator/lib64/qt/plu
build	Set up Android SDK	2026-04-28T11:25:11.1241327Z [==========                             ] 26% Unzipping... emulator/lib64/qt/res
build	Set up Android SDK	2026-04-28T11:25:11.1929218Z [==========                             ] 27% Unzipping... emulator/lib64/qt/res
build	Set up Android SDK	2026-04-28T11:25:11.2812225Z [==========                             ] 27% Unzipping... emulator/lib64/qt/lib
build	Set up Android SDK	2026-04-28T11:25:11.6560599Z [===========                            ] 28% Unzipping... emulator/lib64/qt/lib
build	Set up Android SDK	2026-04-28T11:25:12.0375449Z [===========                            ] 29% Unzipping... emulator/lib64/qt/lib
build	Set up Android SDK	2026-04-28T11:25:12.2074783Z [===========                            ] 30% Unzipping... emulator/lib64/qt/lib
build	Set up Android SDK	2026-04-28T11:25:12.3515447Z [============                           ] 30% Unzipping... emulator/lib64/qt/lib
build	Set up Android SDK	2026-04-28T11:25:12.4140562Z [============                           ] 30% Unzipping... emulator/lib64/qt/tra
build	Set up Android SDK	2026-04-28T11:25:12.4589038Z [============                           ] 31% Unzipping... emulator/lib64/qt/tra
build	Set up Android SDK	2026-04-28T11:25:12.4703513Z [============                           ] 31% Unzipping... emulator/lib64/qt/plu
build	Set up Android SDK	2026-04-28T11:25:12.5525788Z [============                           ] 31% Unzipping... emulator/lib64/gles_l
build	Set up Android SDK	2026-04-28T11:25:12.7868261Z [============                           ] 31% Unzipping... emulator/lib64/vulkan
build	Set up Android SDK	2026-04-28T11:25:13.1044956Z [============                           ] 32% Unzipping... emulator/lib64/vulkan
build	Set up Android SDK	2026-04-28T11:25:13.1702368Z [============                           ] 32% Unzipping... emulator/lib64/gles_s
build	Set up Android SDK	2026-04-28T11:25:13.2264587Z [============                           ] 32% Unzipping... emulator/lib64/gles_a
build	Set up Android SDK	2026-04-28T11:25:13.2870831Z [=============                          ] 33% Unzipping... emulator/lib64/gles_a
build	Set up Android SDK	2026-04-28T11:25:13.5484795Z [=====================                  ] 55% Unzipping... emulator/lib64/gles_a
build	Set up Android SDK	2026-04-28T11:25:13.5889266Z [=====================                  ] 55% Installing Android SDK Tools emula
build	Set up Android SDK	2026-04-28T11:25:13.5979178Z [=====================                  ] 55% Downloading sdk-tools-linux-433379
build	Set up Android SDK	2026-04-28T11:25:13.6271897Z [======================                 ] 55% Downloading sdk-tools-linux-433379
build	Set up Android SDK	2026-04-28T11:25:13.6946565Z [======================                 ] 56% Downloading sdk-tools-linux-433379
build	Set up Android SDK	2026-04-28T11:25:13.7638091Z [======================                 ] 57% Downloading sdk-tools-linux-433379
build	Set up Android SDK	2026-04-28T11:25:13.8310433Z [=======================                ] 58% Downloading sdk-tools-linux-433379
build	Set up Android SDK	2026-04-28T11:25:13.8793774Z [=======================                ] 59% Downloading sdk-tools-linux-433379
build	Set up Android SDK	2026-04-28T11:25:13.9162315Z [=======================                ] 60% Downloading sdk-tools-linux-433379
build	Set up Android SDK	2026-04-28T11:25:13.9435319Z [========================               ] 60% Downloading sdk-tools-linux-433379
build	Set up Android SDK	2026-04-28T11:25:14.0114073Z [========================               ] 61% Downloading sdk-tools-linux-433379
build	Set up Android SDK	2026-04-28T11:25:14.0796976Z [========================               ] 62% Downloading sdk-tools-linux-433379
build	Set up Android SDK	2026-04-28T11:25:14.1503220Z [=========================              ] 63% Downloading sdk-tools-linux-433379
build	Set up Android SDK	2026-04-28T11:25:14.2241026Z [=========================              ] 64% Downloading sdk-tools-linux-433379
build	Set up Android SDK	2026-04-28T11:25:14.2626176Z [=========================              ] 65% Downloading sdk-tools-linux-433379
build	Set up Android SDK	2026-04-28T11:25:14.3001121Z [==========================             ] 65% Downloading sdk-tools-linux-433379
build	Set up Android SDK	2026-04-28T11:25:14.3469949Z [==========================             ] 66% Downloading sdk-tools-linux-433379
build	Set up Android SDK	2026-04-28T11:25:14.4000325Z [==========================             ] 66% Unzipping... emulator/lib64/gles_a
build	Set up Android SDK	2026-04-28T11:25:14.4007938Z [==========================             ] 66% Unzipping... tools/               
build	Set up Android SDK	2026-04-28T11:25:14.4008912Z [==========================             ] 66% Unzipping... tools/proguard/      
build	Set up Android SDK	2026-04-28T11:25:14.4009839Z [==========================             ] 66% Unzipping... tools/proguard/licens
build	Set up Android SDK	2026-04-28T11:25:14.4010716Z [==========================             ] 66% Unzipping... tools/proguard/lib/  
build	Set up Android SDK	2026-04-28T11:25:14.4044729Z [==========================             ] 66% Unzipping... tools/proguard/lib/pr
build	Set up Android SDK	2026-04-28T11:25:14.4047093Z [==========================             ] 66% Unzipping... tools/proguard/lib/re
build	Set up Android SDK	2026-04-28T11:25:14.4057685Z [==========================             ] 66% Unzipping... tools/proguard/lib/pr
build	Set up Android SDK	2026-04-28T11:25:14.4059666Z [==========================             ] 66% Unzipping... tools/proguard/ant/  
build	Set up Android SDK	2026-04-28T11:25:14.4060824Z [==========================             ] 66% Unzipping... tools/proguard/ant/ta
build	Set up Android SDK	2026-04-28T11:25:14.4062216Z [==========================             ] 66% Unzipping... tools/proguard/docs/ 
build	Set up Android SDK	2026-04-28T11:25:14.4065157Z [==========================             ] 66% Unzipping... tools/proguard/docs/f
build	Set up Android SDK	2026-04-28T11:25:14.4073757Z [==========================             ] 66% Unzipping... tools/proguard/docs/s
build	Set up Android SDK	2026-04-28T11:25:14.4075775Z [==========================             ] 66% Unzipping... tools/proguard/docs/d
build	Set up Android SDK	2026-04-28T11:25:14.4079315Z [==========================             ] 66% Unzipping... tools/proguard/docs/s
build	Set up Android SDK	2026-04-28T11:25:14.4082322Z [==========================             ] 66% Unzipping... tools/proguard/docs/F
build	Set up Android SDK	2026-04-28T11:25:14.4086528Z [==========================             ] 66% Unzipping... tools/proguard/docs/s
build	Set up Android SDK	2026-04-28T11:25:14.4088737Z [==========================             ] 66% Unzipping... tools/proguard/docs/l
build	Set up Android SDK	2026-04-28T11:25:14.4093152Z [==========================             ] 66% Unzipping... tools/proguard/docs/s
build	Set up Android SDK	2026-04-28T11:25:14.4100118Z [==========================             ] 66% Unzipping... tools/proguard/docs/d
build	Set up Android SDK	2026-04-28T11:25:14.4104162Z [==========================             ] 66% Unzipping... tools/proguard/docs/s
build	Set up Android SDK	2026-04-28T11:25:14.4106584Z [==========================             ] 66% Unzipping... tools/proguard/docs/r
build	Set up Android SDK	2026-04-28T11:25:14.4107775Z [==========================             ] 66% Unzipping... tools/proguard/docs/d
build	Set up Android SDK	2026-04-28T11:25:14.4110047Z [==========================             ] 66% Unzipping... tools/proguard/docs/t
build	Set up Android SDK	2026-04-28T11:25:14.4112635Z [==========================             ] 66% Unzipping... tools/proguard/docs/f
build	Set up Android SDK	2026-04-28T11:25:14.4116352Z [==========================             ] 66% Unzipping... tools/proguard/docs/s
build	Set up Android SDK	2026-04-28T11:25:14.4118517Z [==========================             ] 66% Unzipping... tools/proguard/docs/t
build	Set up Android SDK	2026-04-28T11:25:14.4120679Z [==========================             ] 66% Unzipping... tools/proguard/docs/i
build	Set up Android SDK	2026-04-28T11:25:14.4124705Z [==========================             ] 66% Unzipping... tools/proguard/docs/s
build	Set up Android SDK	2026-04-28T11:25:14.4127098Z [==========================             ] 66% Unzipping... tools/proguard/docs/m
build	Set up Android SDK	2026-04-28T11:25:14.4129129Z [==========================             ] 66% Unzipping... tools/proguard/docs/s
build	Set up Android SDK	2026-04-28T11:25:14.4131485Z [==========================             ] 66% Unzipping... tools/proguard/docs/q
build	Set up Android SDK	2026-04-28T11:25:14.4134679Z [==========================             ] 66% Unzipping... tools/proguard/docs/G
build	Set up Android SDK	2026-04-28T11:25:14.4136594Z [==========================             ] 66% Unzipping... tools/proguard/docs/t
build	Set up Android SDK	2026-04-28T11:25:14.4149497Z [==========================             ] 66% Unzipping... tools/proguard/docs/s
build	Set up Android SDK	2026-04-28T11:25:14.4187161Z [==========================             ] 66% Unzipping... tools/proguard/docs/m
build	Set up Android SDK	2026-04-28T11:25:14.4191337Z [==========================             ] 66% Unzipping... tools/proguard/docs/s
build	Set up Android SDK	2026-04-28T11:25:14.4195156Z [==========================             ] 66% Unzipping... tools/proguard/docs/G
build	Set up Android SDK	2026-04-28T11:25:14.4195868Z [==========================             ] 66% Unzipping... tools/proguard/docs/c
build	Set up Android SDK	2026-04-28T11:25:14.4197956Z [==========================             ] 66% Unzipping... tools/proguard/docs/a
build	Set up Android SDK	2026-04-28T11:25:14.4206061Z [==========================             ] 66% Unzipping... tools/proguard/docs/s
build	Set up Android SDK	2026-04-28T11:25:14.4207931Z [==========================             ] 66% Unzipping... tools/proguard/docs/d
build	Set up Android SDK	2026-04-28T11:25:14.4283199Z [==========================             ] 66% Unzipping... tools/proguard/exampl
build	Set up Android SDK	2026-04-28T11:25:14.4284108Z [==========================             ] 66% Unzipping... tools/proguard/bin/  
build	Set up Android SDK	2026-04-28T11:25:14.4287330Z [==========================             ] 66% Unzipping... tools/proguard/bin/pr
build	Set up Android SDK	2026-04-28T11:25:14.4289015Z [==========================             ] 66% Unzipping... tools/proguard/bin/re
build	Set up Android SDK	2026-04-28T11:25:14.4291075Z [==========================             ] 66% Unzipping... tools/proguard/README
build	Set up Android SDK	2026-04-28T11:25:14.4297535Z [==========================             ] 66% Unzipping... tools/proguard/progua
build	Set up Android SDK	2026-04-28T11:25:14.4298507Z [==========================             ] 66% Unzipping... tools/lib/           
build	Set up Android SDK	2026-04-28T11:25:14.4331749Z [==========================             ] 66% Unzipping... tools/lib/bcpkix-jdk1
build	Set up Android SDK	2026-04-28T11:25:14.4339324Z [==========================             ] 66% Unzipping... tools/lib/org-eclipse
build	Set up Android SDK	2026-04-28T11:25:14.4349083Z [==========================             ] 66% Unzipping... tools/lib/manifest-me
build	Set up Android SDK	2026-04-28T11:25:14.4354674Z [==========================             ] 66% Unzipping... tools/lib/jcommander-
build	Set up Android SDK	2026-04-28T11:25:14.4368460Z [==========================             ] 66% Unzipping... tools/lib/gson-2.3.ja
build	Set up Android SDK	2026-04-28T11:25:14.4369904Z [==========================             ] 66% Unzipping... tools/lib/ddms-26.0.0
build	Set up Android SDK	2026-04-28T11:25:14.4374449Z [==========================             ] 66% Unzipping... tools/lib/asm-tree-5.
build	Set up Android SDK	2026-04-28T11:25:14.4418339Z [==========================             ] 66% Unzipping... tools/lib/uast-26.0.0
build	Set up Android SDK	2026-04-28T11:25:14.4426804Z [==========================             ] 66% Unzipping... tools/lib/dexlib2-2.2
build	Set up Android SDK	2026-04-28T11:25:14.4464329Z [==========================             ] 67% Unzipping... tools/lib/dexlib2-2.2
build	Set up Android SDK	2026-04-28T11:25:14.4466898Z [==========================             ] 67% Unzipping... tools/lib/android.el 
build	Set up Android SDK	2026-04-28T11:25:14.4471597Z [==========================             ] 67% Unzipping... tools/lib/apkanalyzer
build	Set up Android SDK	2026-04-28T11:25:14.4588690Z [==========================             ] 67% Unzipping... tools/lib/guava-22.0.
build	Set up Android SDK	2026-04-28T11:25:14.4617265Z [==========================             ] 67% Unzipping... tools/lib/lint-api-26
build	Set up Android SDK	2026-04-28T11:25:14.4630634Z [==========================             ] 67% Unzipping... tools/lib/baksmali-2.
build	Set up Android SDK	2026-04-28T11:25:14.4632509Z [==========================             ] 67% Unzipping... tools/lib/shared.jar 
build	Set up Android SDK	2026-04-28T11:25:14.4636534Z [==========================             ] 67% Unzipping... tools/lib/jsr305-1.3.
build	Set up Android SDK	2026-04-28T11:25:14.4659998Z [==========================             ] 67% Unzipping... tools/lib/httpclient-
build	Set up Android SDK	2026-04-28T11:25:14.4764275Z [==========================             ] 67% Unzipping... tools/lib/ecj-4.6.1.j
build	Set up Android SDK	2026-04-28T11:25:14.4767910Z [==========================             ] 67% Unzipping... tools/lib/jobb-26.0.0
build	Set up Android SDK	2026-04-28T11:25:14.4785811Z [==========================             ] 67% Unzipping... tools/lib/jcommon-1.0
build	Set up Android SDK	2026-04-28T11:25:14.4790069Z [==========================             ] 67% Unzipping... tools/lib/kxml2-2.3.0
build	Set up Android SDK	2026-04-28T11:25:14.4850896Z [==========================             ] 67% Unzipping... tools/lib/jfreechart-
build	Set up Android SDK	2026-04-28T11:25:14.4861479Z [==========================             ] 67% Unzipping... tools/lib/common-26.0
build	Set up Android SDK	2026-04-28T11:25:14.4914767Z [==========================             ] 67% Unzipping... tools/lib/lint-checks
build	Set up Android SDK	2026-04-28T11:25:14.5021998Z [==========================             ] 67% Unzipping... tools/lib/kotlin-refl
build	Set up Android SDK	2026-04-28T11:25:14.5025919Z [==========================             ] 67% Unzipping... tools/lib/builder-mod
build	Set up Android SDK	2026-04-28T11:25:14.5060358Z [==========================             ] 67% Unzipping... tools/lib/sdklib-26.0
build	Set up Android SDK	2026-04-28T11:25:14.5067196Z [==========================             ] 67% Unzipping... tools/lib/layoutlib-a
build	Set up Android SDK	2026-04-28T11:25:14.5070121Z [==========================             ] 67% Unzipping... tools/lib/annotations
build	Set up Android SDK	2026-04-28T11:25:14.5077660Z [==========================             ] 67% Unzipping... tools/lib/fat32lib.ja
build	Set up Android SDK	2026-04-28T11:25:14.5081981Z [==========================             ] 67% Unzipping... tools/lib/jsr305-3.0.
build	Set up Android SDK	2026-04-28T11:25:14.5131138Z [==========================             ] 67% Unzipping... tools/lib/org-eclipse
build	Set up Android SDK	2026-04-28T11:25:14.5134530Z [==========================             ] 67% Unzipping... tools/lib/error_prone
build	Set up Android SDK	2026-04-28T11:25:14.5141684Z [==========================             ] 67% Unzipping... tools/lib/org-eclipse
build	Set up Android SDK	2026-04-28T11:25:14.5144152Z [==========================             ] 67% Unzipping... tools/lib/animal-snif
build	Set up Android SDK	2026-04-28T11:25:14.5181353Z [==========================             ] 67% Unzipping... tools/lib/asset-studi
build	Set up Android SDK	2026-04-28T11:25:14.5207783Z [===========================            ] 68% Unzipping... tools/lib/asset-studi
build	Set up Android SDK	2026-04-28T11:25:14.5220201Z [===========================            ] 68% Unzipping... tools/lib/repository-
build	Set up Android SDK	2026-04-28T11:25:14.5224094Z [===========================            ] 68% Unzipping... tools/lib/dvlib-26.0.
build	Set up Android SDK	2026-04-28T11:25:14.5251379Z [===========================            ] 68% Unzipping... tools/lib/jsilver-1.0
build	Set up Android SDK	2026-04-28T11:25:14.5256516Z [===========================            ] 68% Unzipping... tools/lib/asm-5.1.jar
build	Set up Android SDK	2026-04-28T11:25:14.5259065Z [===========================            ] 68% Unzipping... tools/lib/devices.xml
build	Set up Android SDK	2026-04-28T11:25:14.5261335Z [===========================            ] 68% Unzipping... tools/lib/asm-analysi
build	Set up Android SDK	2026-04-28T11:25:14.5283453Z [===========================            ] 68% Unzipping... tools/lib/hierarchyvi
build	Set up Android SDK	2026-04-28T11:25:14.5289919Z [===========================            ] 68% Unzipping... tools/lib/monkeyrunne
build	Set up Android SDK	2026-04-28T11:25:14.5295747Z [===========================            ] 68% Unzipping... tools/lib/uiautomator
build	Set up Android SDK	2026-04-28T11:25:14.5298080Z [===========================            ] 68% Unzipping... tools/lib/archquery-2
build	Set up Android SDK	2026-04-28T11:25:14.5302873Z [===========================            ] 68% Unzipping... tools/lib/chimpchat-2
build	Set up Android SDK	2026-04-28T11:25:14.5305549Z [===========================            ] 68% Unzipping... tools/lib/explainer.j
build	Set up Android SDK	2026-04-28T11:25:14.5324192Z [===========================            ] 68% Unzipping... tools/lib/ddmlib-26.0
build	Set up Android SDK	2026-04-28T11:25:14.5326684Z [===========================            ] 68% Unzipping... tools/lib/swtmenubar-
build	Set up Android SDK	2026-04-28T11:25:14.5393160Z [===========================            ] 68% Unzipping... tools/lib/osgi-4.0.0.
build	Set up Android SDK	2026-04-28T11:25:14.5394850Z [===========================            ] 68% Unzipping... tools/lib/x86_64/    
build	Set up Android SDK	2026-04-28T11:25:14.5465742Z [===========================            ] 68% Unzipping... tools/lib/x86_64/swt.
build	Set up Android SDK	2026-04-28T11:25:14.5878312Z [===========================            ] 68% Unzipping... tools/lib/monitor-x86
build	Set up Android SDK	2026-04-28T11:25:14.6606089Z [===========================            ] 69% Unzipping... tools/lib/monitor-x86
build	Set up Android SDK	2026-04-28T11:25:14.7024607Z [===========================            ] 70% Unzipping... tools/lib/monitor-x86
build	Set up Android SDK	2026-04-28T11:25:14.7391704Z [============================           ] 70% Unzipping... tools/lib/monitor-x86
build	Set up Android SDK	2026-04-28T11:25:14.8798366Z [============================           ] 71% Unzipping... tools/lib/monitor-x86
build	Set up Android SDK	2026-04-28T11:25:14.8799957Z [============================           ] 71% Unzipping... tools/lib/httpmime-4.
build	Set up Android SDK	2026-04-28T11:25:14.8802369Z [============================           ] 71% Unzipping... tools/lib/annotations
build	Set up Android SDK	2026-04-28T11:25:14.8815632Z [============================           ] 71% Unzipping... tools/lib/lint-26.0.0
build	Set up Android SDK	2026-04-28T11:25:14.8821495Z [============================           ] 71% Unzipping... tools/lib/apkanalyzer
build	Set up Android SDK	2026-04-28T11:25:14.8828216Z [============================           ] 71% Unzipping... tools/lib/binary-reso
build	Set up Android SDK	2026-04-28T11:25:14.8833256Z [============================           ] 71% Unzipping... tools/lib/jopt-simple
build	Set up Android SDK	2026-04-28T11:25:14.8839355Z [============================           ] 71% Unzipping... tools/lib/util-2.2.1.
build	Set up Android SDK	2026-04-28T11:25:14.8855631Z [============================           ] 71% Unzipping... tools/lib/ddmuilib-26
build	Set up Android SDK	2026-04-28T11:25:14.8869256Z [============================           ] 72% Unzipping... tools/lib/ddmuilib-26
build	Set up Android SDK	2026-04-28T11:25:14.8914047Z [============================           ] 72% Unzipping... tools/lib/sdk-common-
build	Set up Android SDK	2026-04-28T11:25:14.8922711Z [============================           ] 72% Unzipping... tools/lib/traceview-2
build	Set up Android SDK	2026-04-28T11:25:14.8935332Z [============================           ] 72% Unzipping... tools/lib/httpcore-4.
build	Set up Android SDK	2026-04-28T11:25:14.8939771Z [============================           ] 72% Unzipping... tools/lib/screenshot2
build	Set up Android SDK	2026-04-28T11:25:14.8950659Z [============================           ] 72% Unzipping... tools/lib/commons-cod
build	Set up Android SDK	2026-04-28T11:25:14.8952582Z [============================           ] 72% Unzipping... tools/lib/proguard-pr
build	Set up Android SDK	2026-04-28T11:25:14.9486369Z [============================           ] 72% Unzipping... tools/lib/jython-stan
build	Set up Android SDK	2026-04-28T11:25:14.9535741Z [=============================          ] 73% Unzipping... tools/lib/jython-stan
build	Set up Android SDK	2026-04-28T11:25:14.9538285Z [=============================          ] 73% Unzipping... tools/lib/annotations
build	Set up Android SDK	2026-04-28T11:25:14.9543365Z [=============================          ] 73% Unzipping... tools/lib/commons-log
build	Set up Android SDK	2026-04-28T11:25:14.9604786Z [=============================          ] 73% Unzipping... tools/lib/protobuf-ja
build	Set up Android SDK	2026-04-28T11:25:14.9609534Z [=============================          ] 73% Unzipping... tools/lib/fakeadbserv
build	Set up Android SDK	2026-04-28T11:25:14.9752270Z [=============================          ] 73% Unzipping... tools/lib/bcprov-jdk1
build	Set up Android SDK	2026-04-28T11:25:14.9753067Z [=============================          ] 73% Unzipping... tools/lib/x86/       
build	Set up Android SDK	2026-04-28T11:25:14.9817476Z [=============================          ] 73% Unzipping... tools/lib/x86/swt.jar
build	Set up Android SDK	2026-04-28T11:25:14.9859326Z [=============================          ] 73% Unzipping... tools/lib/kotlin-stdl
build	Set up Android SDK	2026-04-28T11:25:14.9881689Z [=============================          ] 73% Unzipping... tools/lib/commons-com
build	Set up Android SDK	2026-04-28T11:25:14.9916071Z [=============================          ] 73% Unzipping... tools/lib/lombok-ast-
build	Set up Android SDK	2026-04-28T11:25:14.9944980Z [=============================          ] 73% Unzipping... tools/lib/trove4j-201
build	Set up Android SDK	2026-04-28T11:25:15.0168552Z [=============================          ] 73% Unzipping... tools/lib/intellij-co
build	Set up Android SDK	2026-04-28T11:25:15.0309149Z [=============================          ] 74% Unzipping... tools/lib/intellij-co
build	Set up Android SDK	2026-04-28T11:25:15.0320543Z [=============================          ] 74% Unzipping... tools/lib/jimfs-1.1.j
build	Set up Android SDK	2026-04-28T11:25:15.0323159Z [=============================          ] 74% Unzipping... tools/lib/j2objc-anno
build	Set up Android SDK	2026-04-28T11:25:15.0328756Z [=============================          ] 74% Unzipping... tools/lib/jfreechart-
build	Set up Android SDK	2026-04-28T11:25:15.0759800Z [=============================          ] 74% Unzipping... tools/lib/monitor-x86
build	Set up Android SDK	2026-04-28T11:25:15.1134031Z [=============================          ] 75% Unzipping... tools/lib/monitor-x86
build	Set up Android SDK	2026-04-28T11:25:15.1481318Z [==============================         ] 75% Unzipping... tools/lib/monitor-x86
build	Set up Android SDK	2026-04-28T11:25:15.2281063Z [==============================         ] 76% Unzipping... tools/lib/monitor-x86
build	Set up Android SDK	2026-04-28T11:25:15.3603490Z [==============================         ] 77% Unzipping... tools/lib/monitor-x86
build	Set up Android SDK	2026-04-28T11:25:15.3607931Z [==============================         ] 77% Unzipping... tools/lib/generator.j
build	Set up Android SDK	2026-04-28T11:25:15.3609918Z [==============================         ] 77% Unzipping... tools/source.properti
build	Set up Android SDK	2026-04-28T11:25:15.3610712Z [==============================         ] 77% Unzipping... tools/bin/           
build	Set up Android SDK	2026-04-28T11:25:15.3612986Z [==============================         ] 77% Unzipping... tools/bin/avdmanager 
build	Set up Android SDK	2026-04-28T11:25:15.3615851Z [==============================         ] 77% Unzipping... tools/bin/jobb       
build	Set up Android SDK	2026-04-28T11:25:15.3620070Z [==============================         ] 77% Unzipping... tools/bin/uiautomator
build	Set up Android SDK	2026-04-28T11:25:15.3620997Z [==============================         ] 77% Unzipping... tools/bin/apkanalyzer
build	Set up Android SDK	2026-04-28T11:25:15.3623011Z [==============================         ] 77% Unzipping... tools/bin/monkeyrunne
build	Set up Android SDK	2026-04-28T11:25:15.3625457Z [==============================         ] 77% Unzipping... tools/bin/archquery  
build	Set up Android SDK	2026-04-28T11:25:15.3627786Z [==============================         ] 77% Unzipping... tools/bin/sdkmanager 
build	Set up Android SDK	2026-04-28T11:25:15.3630087Z [==============================         ] 77% Unzipping... tools/bin/lint       
build	Set up Android SDK	2026-04-28T11:25:15.3632634Z [==============================         ] 77% Unzipping... tools/bin/screenshot2
build	Set up Android SDK	2026-04-28T11:25:15.3654030Z [==============================         ] 77% Unzipping... tools/NOTICE.txt     
build	Set up Android SDK	2026-04-28T11:25:15.3688990Z [==============================         ] 77% Unzipping... tools/emulator       
build	Set up Android SDK	2026-04-28T11:25:15.3760154Z [==============================         ] 77% Unzipping... tools/emulator-check 
build	Set up Android SDK	2026-04-28T11:25:15.3762302Z [==============================         ] 77% Unzipping... tools/monitor        
build	Set up Android SDK	2026-04-28T11:25:15.3764442Z [==============================         ] 77% Unzipping... tools/android        
build	Set up Android SDK	2026-04-28T11:25:15.3767349Z [==============================         ] 77% Unzipping... tools/mksdcard       
build	Set up Android SDK	2026-04-28T11:25:15.3767938Z [==============================         ] 77% Unzipping... tools/support/       
build	Set up Android SDK	2026-04-28T11:25:15.3773876Z [==============================         ] 77% Unzipping... tools/support/typos-d
build	Set up Android SDK	2026-04-28T11:25:15.3777050Z [==============================         ] 77% Unzipping... tools/support/typos-e
build	Set up Android SDK	2026-04-28T11:25:15.3779134Z [==============================         ] 77% Unzipping... tools/support/annotat
build	Set up Android SDK	2026-04-28T11:25:15.3787085Z [==============================         ] 77% Unzipping... tools/support/typos-e
build	Set up Android SDK	2026-04-28T11:25:15.3790237Z [==============================         ] 77% Unzipping... tools/support/typos-t
build	Set up Android SDK	2026-04-28T11:25:15.3794500Z [==============================         ] 77% Unzipping... tools/support/typos-p
build	Set up Android SDK	2026-04-28T11:25:15.3797756Z [==============================         ] 77% Unzipping... tools/support/typos-i
build	Set up Android SDK	2026-04-28T11:25:15.3800725Z [==============================         ] 77% Unzipping... tools/support/typos-n
build	Set up Android SDK	2026-04-28T11:25:15.3804614Z [==============================         ] 77% Unzipping... tools/support/typos-h
build	Set up Android SDK	2026-04-28T11:25:15.4084939Z [==============================         ] 78% Unzipping... tools/support/typos-h
build	Set up Android SDK	2026-04-28T11:25:15.4085521Z [=======================================] 100% Unzipping... tools/support/typos-
build	Set up Android SDK	2026-04-28T11:25:15.4129915Z 
build	Set up Android SDK	2026-04-28T11:25:15.4354896Z [command]/usr/local/lib/android/sdk/cmdline-tools/16.0/bin/sdkmanager platform-tools
build	Set up Android SDK	2026-04-28T11:25:16.1468562Z Loading package information...                                                  
build	Set up Android SDK	2026-04-28T11:25:16.2542893Z Loading local repository...                                                     
build	Set up Android SDK	2026-04-28T11:25:16.2548603Z [                                       ] 3% Loading local repository...        
build	Set up Android SDK	2026-04-28T11:25:16.2638934Z [                                       ] 3% Fetch remote repository...         
build	Set up Android SDK	2026-04-28T11:25:16.5421989Z [=                                      ] 3% Fetch remote repository...         
build	Set up Android SDK	2026-04-28T11:25:16.6629909Z [=                                      ] 4% Fetch remote repository...         
build	Set up Android SDK	2026-04-28T11:25:16.6917756Z [=                                      ] 5% Fetch remote repository...         
build	Set up Android SDK	2026-04-28T11:25:16.7509690Z [==                                     ] 5% Fetch remote repository...         
build	Set up Android SDK	2026-04-28T11:25:16.8238054Z [==                                     ] 6% Fetch remote repository...         
build	Set up Android SDK	2026-04-28T11:25:16.9113077Z [==                                     ] 7% Fetch remote repository...         
build	Set up Android SDK	2026-04-28T11:25:16.9142466Z [==                                     ] 7% Computing updates...               
build	Set up Android SDK	2026-04-28T11:25:16.9243931Z [===                                    ] 8% Computing updates...               
build	Set up Android SDK	2026-04-28T11:25:16.9287095Z [===                                    ] 10% Computing updates...              
build	Set up Android SDK	2026-04-28T11:25:16.9289145Z [=======================================] 100% Computing updates...             
build	Set up Android SDK	2026-04-28T11:25:16.9289891Z 
build	Set up Gradle	∩╗┐2026-04-28T11:25:16.9756954Z ##[group]Run gradle/actions/setup-gradle@v3
build	Set up Gradle	2026-04-28T11:25:16.9757268Z with:
build	Set up Gradle	2026-04-28T11:25:16.9757461Z   gradle-version: 8.4
build	Set up Gradle	2026-04-28T11:25:16.9757680Z   cache-disabled: false
build	Set up Gradle	2026-04-28T11:25:16.9757908Z   cache-read-only: false
build	Set up Gradle	2026-04-28T11:25:16.9758128Z   cache-write-only: false
build	Set up Gradle	2026-04-28T11:25:16.9758364Z   cache-overwrite-existing: false
build	Set up Gradle	2026-04-28T11:25:16.9758659Z   gradle-home-cache-includes: caches
build	Set up Gradle	notifications
build	Set up Gradle	
build	Set up Gradle	2026-04-28T11:25:16.9758988Z   gradle-home-cache-cleanup: false
build	Set up Gradle	2026-04-28T11:25:16.9759230Z   add-job-summary: always
build	Set up Gradle	2026-04-28T11:25:16.9759466Z   add-job-summary-as-pr-comment: never
build	Set up Gradle	2026-04-28T11:25:16.9759739Z   dependency-graph: disabled
build	Set up Gradle	2026-04-28T11:25:16.9760003Z   dependency-graph-continue-on-failure: true
build	Set up Gradle	2026-04-28T11:25:16.9760289Z   build-scan-publish: false
build	Set up Gradle	2026-04-28T11:25:16.9760513Z   validate-wrappers: false
build	Set up Gradle	2026-04-28T11:25:16.9760907Z   generate-job-summary: true
build	Set up Gradle	2026-04-28T11:25:16.9761155Z   gradle-home-cache-strict-match: false
build	Set up Gradle	2026-04-28T11:25:16.9761425Z   workflow-job-context: null
build	Set up Gradle	2026-04-28T11:25:16.9762093Z   github-token: ***
build	Set up Gradle	2026-04-28T11:25:16.9762307Z env:
build	Set up Gradle	2026-04-28T11:25:16.9762607Z   JAVA_HOME: /opt/hostedtoolcache/Java_Temurin-Hotspot_jdk/17.0.18-8/x64
build	Set up Gradle	2026-04-28T11:25:16.9763097Z   JAVA_HOME_17_X64: /opt/hostedtoolcache/Java_Temurin-Hotspot_jdk/17.0.18-8/x64
build	Set up Gradle	2026-04-28T11:25:16.9763485Z   ANDROID_HOME: /usr/local/lib/android/sdk
build	Set up Gradle	2026-04-28T11:25:16.9763772Z   ANDROID_SDK_ROOT: /usr/local/lib/android/sdk
build	Set up Gradle	2026-04-28T11:25:16.9764033Z ##[endgroup]
build	Set up Gradle	2026-04-28T11:25:17.2855244Z Merged default JDK locations into /home/runner/.m2/toolchains.xml
build	Set up Gradle	2026-04-28T11:25:17.2857557Z ##[group]Restore Gradle state from cache
build	Set up Gradle	2026-04-28T11:25:17.3708993Z ##[warning]Failed to restore gradle-home-v1|Linux|build[620c74083efa5b88ef904c2356f72d31]-64d1279197b49aff606c4906d58c392ad6e2a179: Error: Cache service responded with 400
build	Set up Gradle	2026-04-28T11:25:17.3761254Z Gradle User Home cache not found. Will initialize empty.
build	Set up Gradle	2026-04-28T11:25:17.3762454Z ##[endgroup]
build	Set up Gradle	2026-04-28T11:25:17.4701074Z ##[group]Provision Gradle 8.4
build	Set up Gradle	2026-04-28T11:25:17.5008479Z ##[warning]Restore Gradle distribution 8.4 failed: Error: Cache service responded with 400
build	Set up Gradle	2026-04-28T11:25:17.5010835Z Gradle distribution 8.4 not found in cache. Will download.
build	Set up Gradle	2026-04-28T11:25:18.5509141Z Downloaded https://services.gradle.org/distributions/gradle-8.4-bin.zip to /home/runner/gradle-installations/downloads/gradle-8.4-bin.zip (size 130979468)
build	Set up Gradle	2026-04-28T11:25:18.5639702Z [command]/usr/bin/tar --posix -cf cache.tzst --exclude cache.tzst -P -C /home/runner/work/StockWatchdog/StockWatchdog --files-from manifest.txt --use-compress-program zstdmt
build	Set up Gradle	2026-04-28T11:25:18.7400664Z ##[warning]Save Gradle distribution 8.4 failed: Error: <h2>Our services aren't available right now</h2><p>We're working to restore all services as soon as possible. Please check back soon.</p>0HpnwaQAAAACSWiAFb7veTqhMwra078ERUEhYMzFFREdFMDUxOABFZGdl
build	Set up Gradle	2026-04-28T11:25:18.7418287Z [command]/usr/bin/unzip -o -q /home/runner/gradle-installations/downloads/gradle-8.4-bin.zip
build	Set up Gradle	2026-04-28T11:25:19.6633543Z Extracted Gradle 8.4 to /home/runner/gradle-installations/installs/gradle-8.4
build	Set up Gradle	2026-04-28T11:25:19.6636038Z Provisioned Gradle executable /home/runner/gradle-installations/installs/gradle-8.4/bin/gradle
build	Set up Gradle	2026-04-28T11:25:19.6637185Z ##[endgroup]
build	Restore signing keystore	∩╗┐2026-04-28T11:25:19.6776694Z ##[group]Run if [ -n "$ANDROID_SIGNING_KEYSTORE_BASE64" ]; then
build	Restore signing keystore	2026-04-28T11:25:19.6777201Z [36;1mif [ -n "$ANDROID_SIGNING_KEYSTORE_BASE64" ]; then[0m
build	Restore signing keystore	2026-04-28T11:25:19.6777542Z [36;1m  mkdir -p keystore[0m
build	Restore signing keystore	2026-04-28T11:25:19.6778104Z [36;1m  echo "$ANDROID_SIGNING_KEYSTORE_BASE64" | base64 --decode > keystore/***-upload.p12[0m
build	Restore signing keystore	2026-04-28T11:25:19.6778528Z [36;1mfi[0m
build	Restore signing keystore	2026-04-28T11:25:19.6802732Z shell: /usr/bin/bash -e {0}
build	Restore signing keystore	2026-04-28T11:25:19.6802985Z env:
build	Restore signing keystore	2026-04-28T11:25:19.6803287Z   JAVA_HOME: /opt/hostedtoolcache/Java_Temurin-Hotspot_jdk/17.0.18-8/x64
build	Restore signing keystore	2026-04-28T11:25:19.6803802Z   JAVA_HOME_17_X64: /opt/hostedtoolcache/Java_Temurin-Hotspot_jdk/17.0.18-8/x64
build	Restore signing keystore	2026-04-28T11:25:19.6804196Z   ANDROID_HOME: /usr/local/lib/android/sdk
build	Restore signing keystore	2026-04-28T11:25:19.6804476Z   ANDROID_SDK_ROOT: /usr/local/lib/android/sdk
build	Restore signing keystore	2026-04-28T11:25:19.6804776Z   GRADLE_ACTION_ID: gradle/actions/setup-gradle
build	Restore signing keystore	2026-04-28T11:25:19.6805076Z   GRADLE_BUILD_ACTION_SETUP_COMPLETED: true
build	Restore signing keystore	2026-04-28T11:25:19.6805356Z   GRADLE_BUILD_ACTION_CACHE_RESTORED: true
build	Restore signing keystore	2026-04-28T11:25:19.6805811Z   DEVELOCITY_INJECTION_INIT_SCRIPT_NAME: gradle-actions.inject-develocity.init.gradle
build	Restore signing keystore	2026-04-28T11:25:19.6806292Z   DEVELOCITY_AUTO_INJECTION_CUSTOM_VALUE: gradle-actions
build	Restore signing keystore	2026-04-28T11:25:19.6806607Z   GITHUB_DEPENDENCY_GRAPH_ENABLED: false
build	Restore signing keystore	2026-04-28T11:25:19.6826675Z   ANDROID_SIGNING_KEYSTORE_BASE64: ***
build	Restore signing keystore	2026-04-28T11:25:19.6826937Z ##[endgroup]
build	Write local.properties	∩╗┐2026-04-28T11:25:19.6965510Z ##[group]Run echo "TWELVE_DATA_API_KEY=" >> local.properties
build	Write local.properties	2026-04-28T11:25:19.6966003Z [36;1mecho "TWELVE_DATA_API_KEY=" >> local.properties[0m
build	Write local.properties	2026-04-28T11:25:19.6966558Z [36;1mecho "ALPHA_VANTAGE_API_KEY=" >> local.properties[0m
build	Write local.properties	2026-04-28T11:25:19.6966912Z [36;1mecho "FINNHUB_API_KEY=" >> local.properties[0m
build	Write local.properties	2026-04-28T11:25:19.6967258Z [36;1mecho "APP_VERSION_CODE=25" >> local.properties[0m
build	Write local.properties	2026-04-28T11:25:19.6967789Z [36;1mecho "ANDROID_SIGNING_STORE_FILE=keystore/***-upload.p12" >> local.properties[0m
build	Write local.properties	2026-04-28T11:25:19.6968301Z [36;1mecho "ANDROID_SIGNING_STORE_TYPE=PKCS12" >> local.properties[0m
build	Write local.properties	2026-04-28T11:25:19.6968845Z [36;1mecho "ANDROID_SIGNING_STORE_PASSWORD=***" >> local.properties[0m
build	Write local.properties	2026-04-28T11:25:19.6969311Z [36;1mecho "ANDROID_SIGNING_KEY_ALIAS=***" >> local.properties[0m
build	Write local.properties	2026-04-28T11:25:19.6969844Z [36;1mecho "ANDROID_SIGNING_KEY_PASSWORD=***" >> local.properties[0m
build	Write local.properties	2026-04-28T11:25:19.6989394Z shell: /usr/bin/bash -e {0}
build	Write local.properties	2026-04-28T11:25:19.6989637Z env:
build	Write local.properties	2026-04-28T11:25:19.6989970Z   JAVA_HOME: /opt/hostedtoolcache/Java_Temurin-Hotspot_jdk/17.0.18-8/x64
build	Write local.properties	2026-04-28T11:25:19.6990465Z   JAVA_HOME_17_X64: /opt/hostedtoolcache/Java_Temurin-Hotspot_jdk/17.0.18-8/x64
build	Write local.properties	2026-04-28T11:25:19.6990886Z   ANDROID_HOME: /usr/local/lib/android/sdk
build	Write local.properties	2026-04-28T11:25:19.6991174Z   ANDROID_SDK_ROOT: /usr/local/lib/android/sdk
build	Write local.properties	2026-04-28T11:25:19.6991480Z   GRADLE_ACTION_ID: gradle/actions/setup-gradle
build	Write local.properties	2026-04-28T11:25:19.6992053Z   GRADLE_BUILD_ACTION_SETUP_COMPLETED: true
build	Write local.properties	2026-04-28T11:25:19.6992338Z   GRADLE_BUILD_ACTION_CACHE_RESTORED: true
build	Write local.properties	2026-04-28T11:25:19.6992760Z   DEVELOCITY_INJECTION_INIT_SCRIPT_NAME: gradle-actions.inject-develocity.init.gradle
build	Write local.properties	2026-04-28T11:25:19.6993240Z   DEVELOCITY_AUTO_INJECTION_CUSTOM_VALUE: gradle-actions
build	Write local.properties	2026-04-28T11:25:19.6993557Z   GITHUB_DEPENDENCY_GRAPH_ENABLED: false
build	Write local.properties	2026-04-28T11:25:19.6993798Z ##[endgroup]
build	Build debug APK	∩╗┐2026-04-28T11:25:19.7057540Z ##[group]Run gradle assembleDebug --no-daemon --stacktrace
build	Build debug APK	2026-04-28T11:25:19.7057969Z [36;1mgradle assembleDebug --no-daemon --stacktrace[0m
build	Build debug APK	2026-04-28T11:25:19.7077364Z shell: /usr/bin/bash -e {0}
build	Build debug APK	2026-04-28T11:25:19.7077608Z env:
build	Build debug APK	2026-04-28T11:25:19.7077899Z   JAVA_HOME: /opt/hostedtoolcache/Java_Temurin-Hotspot_jdk/17.0.18-8/x64
build	Build debug APK	2026-04-28T11:25:19.7078392Z   JAVA_HOME_17_X64: /opt/hostedtoolcache/Java_Temurin-Hotspot_jdk/17.0.18-8/x64
build	Build debug APK	2026-04-28T11:25:19.7078792Z   ANDROID_HOME: /usr/local/lib/android/sdk
build	Build debug APK	2026-04-28T11:25:19.7079086Z   ANDROID_SDK_ROOT: /usr/local/lib/android/sdk
build	Build debug APK	2026-04-28T11:25:19.7079393Z   GRADLE_ACTION_ID: gradle/actions/setup-gradle
build	Build debug APK	2026-04-28T11:25:19.7079690Z   GRADLE_BUILD_ACTION_SETUP_COMPLETED: true
build	Build debug APK	2026-04-28T11:25:19.7079971Z   GRADLE_BUILD_ACTION_CACHE_RESTORED: true
build	Build debug APK	2026-04-28T11:25:19.7080394Z   DEVELOCITY_INJECTION_INIT_SCRIPT_NAME: gradle-actions.inject-develocity.init.gradle
build	Build debug APK	2026-04-28T11:25:19.7080880Z   DEVELOCITY_AUTO_INJECTION_CUSTOM_VALUE: gradle-actions
build	Build debug APK	2026-04-28T11:25:19.7081226Z   GITHUB_DEPENDENCY_GRAPH_ENABLED: false
build	Build debug APK	2026-04-28T11:25:19.7081477Z ##[endgroup]
build	Build debug APK	2026-04-28T11:25:20.2076938Z 
build	Build debug APK	2026-04-28T11:25:20.2078690Z Welcome to Gradle 8.4!
build	Build debug APK	2026-04-28T11:25:20.2079027Z 
build	Build debug APK	2026-04-28T11:25:20.2080167Z Here are the highlights of this release:
build	Build debug APK	2026-04-28T11:25:20.2082400Z  - Compiling and testing with Java 21
build	Build debug APK	2026-04-28T11:25:20.2083240Z  - Faster Java compilation on Windows
build	Build debug APK	2026-04-28T11:25:20.2084208Z  - Role focused dependency configurations creation
build	Build debug APK	2026-04-28T11:25:20.2084676Z 
build	Build debug APK	2026-04-28T11:25:20.2086666Z For more details see https://docs.gradle.org/8.4/release-notes.html
build	Build debug APK	2026-04-28T11:25:20.2087352Z 
build	Build debug APK	2026-04-28T11:25:20.4075400Z To honour the JVM settings for this build a single-use Daemon process will be forked. For more on this, please refer to https://docs.gradle.org/8.4/userguide/gradle_daemon.html#sec:disabling_the_daemon in the Gradle documentation.
build	Build debug APK	2026-04-28T11:25:21.5069161Z Daemon will be stopped at the end of the build 
build	Build debug APK	2026-04-28T11:26:20.3067996Z 
build	Build debug APK	2026-04-28T11:26:20.3096484Z > Configure project :app
build	Build debug APK	2026-04-28T11:26:20.3098173Z WARNING: The option setting 'android.defaults.buildfeatures.buildconfig=true' is deprecated.
build	Build debug APK	2026-04-28T11:26:20.3099442Z The current default is 'false'.
build	Build debug APK	2026-04-28T11:26:20.3100950Z It will be removed in version 9.0 of the Android Gradle plugin.
build	Build debug APK	2026-04-28T11:26:20.3102749Z You can resolve this warning in Android Studio via `Refactor` > `Migrate BuildConfig to Gradle Build Files`
build	Build debug APK	2026-04-28T11:26:26.8063928Z 
build	Build debug APK	2026-04-28T11:26:26.8069931Z > Task :app:preBuild UP-TO-DATE
build	Build debug APK	2026-04-28T11:26:26.8072940Z > Task :app:preDebugBuild UP-TO-DATE
build	Build debug APK	2026-04-28T11:26:26.9066919Z > Task :app:mergeDebugNativeDebugMetadata NO-SOURCE
build	Build debug APK	2026-04-28T11:26:26.9069976Z > Task :app:checkKotlinGradlePluginConfigurationErrors
build	Build debug APK	2026-04-28T11:26:26.9070986Z > Task :app:generateDebugBuildConfig
build	Build debug APK	2026-04-28T11:26:46.9078630Z > Task :app:generateDebugResValues
build	Build debug APK	2026-04-28T11:26:46.9132650Z > Task :app:checkDebugAarMetadata
build	Build debug APK	2026-04-28T11:26:47.0064478Z > Task :app:mapDebugSourceSetPaths
build	Build debug APK	2026-04-28T11:26:47.0065438Z > Task :app:generateDebugResources
build	Build debug APK	2026-04-28T11:26:49.0112832Z > Task :app:packageDebugResources
build	Build debug APK	2026-04-28T11:26:50.0068923Z > Task :app:createDebugCompatibleScreenManifests
build	Build debug APK	2026-04-28T11:26:50.0080455Z > Task :app:extractDeepLinksDebug
build	Build debug APK	2026-04-28T11:26:50.2066835Z > Task :app:parseDebugLocalResources
build	Build debug APK	2026-04-28T11:26:50.5072976Z > Task :app:mergeDebugResources
build	Build debug APK	2026-04-28T11:26:50.6064730Z > Task :app:processDebugMainManifest
build	Build debug APK	2026-04-28T11:26:50.7066890Z > Task :app:processDebugManifest
build	Build debug APK	2026-04-28T11:26:52.6104734Z > Task :app:javaPreCompileDebug
build	Build debug APK	2026-04-28T11:26:52.7077096Z > Task :app:mergeDebugShaders
build	Build debug APK	2026-04-28T11:26:52.7102660Z > Task :app:compileDebugShaders NO-SOURCE
build	Build debug APK	2026-04-28T11:26:52.7132561Z > Task :app:generateDebugAssets UP-TO-DATE
build	Build debug APK	2026-04-28T11:26:52.8103394Z > Task :app:mergeDebugAssets FROM-CACHE
build	Build debug APK	2026-04-28T11:26:52.8122697Z > Task :app:compressDebugAssets
build	Build debug APK	2026-04-28T11:26:52.8172932Z > Task :app:desugarDebugFileDependencies
build	Build debug APK	2026-04-28T11:26:56.6085553Z > Task :app:mergeDebugJniLibFolders FROM-CACHE
build	Build debug APK	2026-04-28T11:26:56.8064859Z > Task :app:mergeDebugNativeLibs NO-SOURCE
build	Build debug APK	2026-04-28T11:26:56.8065931Z > Task :app:checkDebugDuplicateClasses
build	Build debug APK	2026-04-28T11:26:56.8066586Z > Task :app:stripDebugDebugSymbols NO-SOURCE
build	Build debug APK	2026-04-28T11:26:56.8067009Z > Task :app:processDebugManifestForPackage
build	Build debug APK	2026-04-28T11:26:59.5123037Z > Task :app:processDebugResources
build	Build debug APK	2026-04-28T11:27:28.0122758Z > Task :app:mergeExtDexDebug
build	Build debug APK	2026-04-28T11:28:32.4067788Z > Task :app:validateSigningDebug
build	Build debug APK	2026-04-28T11:28:32.4074229Z > Task :app:writeDebugAppMetadata
build	Build debug APK	2026-04-28T11:28:32.4075196Z > Task :app:mergeLibDexDebug
build	Build debug APK	2026-04-28T11:28:32.4076090Z > Task :app:writeDebugSigningConfigVersions
build	Build debug APK	2026-04-28T11:28:38.6064142Z > Task :app:kspDebugKotlin
build	Build debug APK	2026-04-28T11:28:50.3095356Z e: file:///home/runner/work/StockWatchdog/StockWatchdog/app/src/main/java/com/***/app/ui/diptracker/DipTrackerScreen.kt:549:53 Unresolved reference: heightIn
build	Build debug APK	2026-04-28T11:28:50.3096588Z 
build	Build debug APK	2026-04-28T11:28:50.3112397Z > Task :app:compileDebugKotlin FAILED
build	Build debug APK	2026-04-28T11:28:50.4072403Z 
build	Build debug APK	2026-04-28T11:28:50.4112747Z FAILURE: Build failed with an exception.
build	Build debug APK	2026-04-28T11:28:50.4132375Z 
build	Build debug APK	2026-04-28T11:28:50.4166726Z * What went wrong:
build	Build debug APK	2026-04-28T11:28:50.4242652Z Execution failed for task ':app:compileDebugKotlin'.
build	Build debug APK	2026-04-28T11:28:50.4262814Z 28 actionable tasks: 26 executed, 2 from cache
build	Build debug APK	2026-04-28T11:28:50.4296616Z > A failure occurred while executing org.jetbrains.kotlin.compilerRunner.GradleCompilerRunnerWithWorkers$GradleKotlinCompilerWorkAction
build	Build debug APK	2026-04-28T11:28:50.4334386Z    > Compilation error. See log for more details
build	Build debug APK	2026-04-28T11:28:50.4372068Z 
build	Build debug APK	2026-04-28T11:28:50.4372544Z * Try:
build	Build debug APK	2026-04-28T11:28:50.4402482Z > Run with --info or --debug option to get more log output.
build	Build debug APK	2026-04-28T11:28:50.4482490Z > Run with --scan to get full insights.
build	Build debug APK	2026-04-28T11:28:50.4512378Z > Get more help at https://help.gradle.org.
build	Build debug APK	2026-04-28T11:28:50.4532282Z 
build	Build debug APK	2026-04-28T11:28:50.4542424Z * Exception is:
build	Build debug APK	2026-04-28T11:28:50.4572678Z org.gradle.api.tasks.TaskExecutionException: Execution failed for task ':app:compileDebugKotlin'.
build	Build debug APK	2026-04-28T11:28:50.4603000Z 	at org.gradle.api.internal.tasks.execution.ExecuteActionsTaskExecuter.lambda$executeIfValid$1(ExecuteActionsTaskExecuter.java:148)
build	Build debug APK	2026-04-28T11:28:50.4612769Z 	at org.gradle.internal.Try$Failure.ifSuccessfulOrElse(Try.java:282)
build	Build debug APK	2026-04-28T11:28:50.4633199Z 	at org.gradle.api.internal.tasks.execution.ExecuteActionsTaskExecuter.executeIfValid(ExecuteActionsTaskExecuter.java:146)
build	Build debug APK	2026-04-28T11:28:50.4654979Z 	at org.gradle.api.internal.tasks.execution.ExecuteActionsTaskExecuter.execute(ExecuteActionsTaskExecuter.java:134)
build	Build debug APK	2026-04-28T11:28:50.4683406Z 	at org.gradle.api.internal.tasks.execution.FinalizePropertiesTaskExecuter.execute(FinalizePropertiesTaskExecuter.java:46)
build	Build debug APK	2026-04-28T11:28:50.4713326Z 	at org.gradle.api.internal.tasks.execution.ResolveTaskExecutionModeExecuter.execute(ResolveTaskExecutionModeExecuter.java:51)
build	Build debug APK	2026-04-28T11:28:50.4733116Z 	at org.gradle.api.internal.tasks.execution.SkipTaskWithNoActionsExecuter.execute(SkipTaskWithNoActionsExecuter.java:57)
build	Build debug APK	2026-04-28T11:28:50.4743117Z 	at org.gradle.api.internal.tasks.execution.SkipOnlyIfTaskExecuter.execute(SkipOnlyIfTaskExecuter.java:74)
build	Build debug APK	2026-04-28T11:28:50.4773144Z 	at org.gradle.api.internal.tasks.execution.CatchExceptionTaskExecuter.execute(CatchExceptionTaskExecuter.java:36)
build	Build debug APK	2026-04-28T11:28:50.4783348Z 	at org.gradle.api.internal.tasks.execution.EventFiringTaskExecuter$1.executeTask(EventFiringTaskExecuter.java:77)
build	Build debug APK	2026-04-28T11:28:50.4785295Z 	at org.gradle.api.internal.tasks.execution.EventFiringTaskExecuter$1.call(EventFiringTaskExecuter.java:55)
build	Build debug APK	2026-04-28T11:28:50.4787135Z 	at org.gradle.api.internal.tasks.execution.EventFiringTaskExecuter$1.call(EventFiringTaskExecuter.java:52)
build	Build debug APK	2026-04-28T11:28:50.4789265Z 	at org.gradle.internal.operations.DefaultBuildOperationRunner$CallableBuildOperationWorker.execute(DefaultBuildOperationRunner.java:204)
build	Build debug APK	2026-04-28T11:28:50.4791609Z 	at org.gradle.internal.operations.DefaultBuildOperationRunner$CallableBuildOperationWorker.execute(DefaultBuildOperationRunner.java:199)
build	Build debug APK	2026-04-28T11:28:50.4794260Z 	at org.gradle.internal.operations.DefaultBuildOperationRunner$2.execute(DefaultBuildOperationRunner.java:66)
build	Build debug APK	2026-04-28T11:28:50.4796116Z 	at org.gradle.internal.operations.DefaultBuildOperationRunner$2.execute(DefaultBuildOperationRunner.java:59)
build	Build debug APK	2026-04-28T11:28:50.4797986Z 	at org.gradle.internal.operations.DefaultBuildOperationRunner.execute(DefaultBuildOperationRunner.java:157)
build	Build debug APK	2026-04-28T11:28:50.4799834Z 	at org.gradle.internal.operations.DefaultBuildOperationRunner.execute(DefaultBuildOperationRunner.java:59)
build	Build debug APK	2026-04-28T11:28:50.4801633Z 	at org.gradle.internal.operations.DefaultBuildOperationRunner.call(DefaultBuildOperationRunner.java:53)
build	Build debug APK	2026-04-28T11:28:50.4803648Z 	at org.gradle.internal.operations.DefaultBuildOperationExecutor.call(DefaultBuildOperationExecutor.java:78)
build	Build debug APK	2026-04-28T11:28:50.4805528Z 	at org.gradle.api.internal.tasks.execution.EventFiringTaskExecuter.execute(EventFiringTaskExecuter.java:52)
build	Build debug APK	2026-04-28T11:28:50.4807334Z 	at org.gradle.execution.plan.LocalTaskNodeExecutor.execute(LocalTaskNodeExecutor.java:42)
build	Build debug APK	2026-04-28T11:28:50.4809267Z 	at org.gradle.execution.taskgraph.DefaultTaskExecutionGraph$InvokeNodeExecutorsAction.execute(DefaultTaskExecutionGraph.java:331)
build	Build debug APK	2026-04-28T11:28:50.4811457Z 	at org.gradle.execution.taskgraph.DefaultTaskExecutionGraph$InvokeNodeExecutorsAction.execute(DefaultTaskExecutionGraph.java:318)
build	Build debug APK	2026-04-28T11:28:50.4814239Z 	at org.gradle.execution.taskgraph.DefaultTaskExecutionGraph$BuildOperationAwareExecutionAction.lambda$execute$0(DefaultTaskExecutionGraph.java:314)
build	Build debug APK	2026-04-28T11:28:50.4816513Z 	at org.gradle.internal.operations.CurrentBuildOperationRef.with(CurrentBuildOperationRef.java:80)
build	Build debug APK	2026-04-28T11:28:50.4818590Z 	at org.gradle.execution.taskgraph.DefaultTaskExecutionGraph$BuildOperationAwareExecutionAction.execute(DefaultTaskExecutionGraph.java:314)
build	Build debug APK	2026-04-28T11:28:50.4820933Z 	at org.gradle.execution.taskgraph.DefaultTaskExecutionGraph$BuildOperationAwareExecutionAction.execute(DefaultTaskExecutionGraph.java:303)
build	Build debug APK	2026-04-28T11:28:50.4823267Z 	at org.gradle.execution.plan.DefaultPlanExecutor$ExecutorWorker.execute(DefaultPlanExecutor.java:463)
build	Build debug APK	2026-04-28T11:28:50.4825193Z 	at org.gradle.execution.plan.DefaultPlanExecutor$ExecutorWorker.run(DefaultPlanExecutor.java:380)
build	Build debug APK	2026-04-28T11:28:50.4826726Z 	at org.gradle.execution.plan.DefaultPlanExecutor.process(DefaultPlanExecutor.java:116)
build	Build debug APK	2026-04-28T11:28:50.4828489Z 	at org.gradle.execution.taskgraph.DefaultTaskExecutionGraph.executeWithServices(DefaultTaskExecutionGraph.java:138)
build	Build debug APK	2026-04-28T11:28:50.4830385Z 	at org.gradle.execution.taskgraph.DefaultTaskExecutionGraph.execute(DefaultTaskExecutionGraph.java:123)
build	Build debug APK	2026-04-28T11:28:50.4832286Z 	at org.gradle.execution.SelectedTaskExecutionAction.execute(SelectedTaskExecutionAction.java:35)
build	Build debug APK	2026-04-28T11:28:50.4833932Z 	at org.gradle.execution.DryRunBuildExecutionAction.execute(DryRunBuildExecutionAction.java:51)
build	Build debug APK	2026-04-28T11:28:50.4835904Z 	at org.gradle.execution.BuildOperationFiringBuildWorkerExecutor$ExecuteTasks.call(BuildOperationFiringBuildWorkerExecutor.java:54)
build	Build debug APK	2026-04-28T11:28:50.4838220Z 	at org.gradle.execution.BuildOperationFiringBuildWorkerExecutor$ExecuteTasks.call(BuildOperationFiringBuildWorkerExecutor.java:43)
build	Build debug APK	2026-04-28T11:28:50.4840514Z 	at org.gradle.internal.operations.DefaultBuildOperationRunner$CallableBuildOperationWorker.execute(DefaultBuildOperationRunner.java:204)
build	Build debug APK	2026-04-28T11:28:50.4843004Z 	at org.gradle.internal.operations.DefaultBuildOperationRunner$CallableBuildOperationWorker.execute(DefaultBuildOperationRunner.java:199)
build	Build debug APK	2026-04-28T11:28:50.4845080Z 	at org.gradle.internal.operations.DefaultBuildOperationRunner$2.execute(DefaultBuildOperationRunner.java:66)
build	Build debug APK	2026-04-28T11:28:50.4846899Z 	at org.gradle.internal.operations.DefaultBuildOperationRunner$2.execute(DefaultBuildOperationRunner.java:59)
build	Build debug APK	2026-04-28T11:28:50.4848721Z 	at org.gradle.internal.operations.DefaultBuildOperationRunner.execute(DefaultBuildOperationRunner.java:157)
build	Build debug APK	2026-04-28T11:28:50.4850763Z 	at org.gradle.internal.operations.DefaultBuildOperationRunner.execute(DefaultBuildOperationRunner.java:59)
build	Build debug APK	2026-04-28T11:28:50.4852808Z 	at org.gradle.internal.operations.DefaultBuildOperationRunner.call(DefaultBuildOperationRunner.java:53)
build	Build debug APK	2026-04-28T11:28:50.4854987Z 	at org.gradle.internal.operations.DefaultBuildOperationExecutor.call(DefaultBuildOperationExecutor.java:78)
build	Build debug APK	2026-04-28T11:28:50.4857706Z 	at org.gradle.execution.BuildOperationFiringBuildWorkerExecutor.execute(BuildOperationFiringBuildWorkerExecutor.java:40)
build	Build debug APK	2026-04-28T11:28:50.4861572Z 	at org.gradle.internal.build.DefaultBuildLifecycleController.lambda$executeTasks$10(DefaultBuildLifecycleController.java:313)
build	Build debug APK	2026-04-28T11:28:50.4863924Z 	at org.gradle.internal.model.StateTransitionController.doTransition(StateTransitionController.java:266)
build	Build debug APK	2026-04-28T11:28:50.4937866Z 	at org.gradle.internal.model.StateTransitionController.lambda$tryTransition$8(StateTransitionController.java:177)
build	Build debug APK	2026-04-28T11:28:50.4939793Z 	at org.gradle.internal.work.DefaultSynchronizer.withLock(DefaultSynchronizer.java:44)
build	Build debug APK	2026-04-28T11:28:50.4941564Z 	at org.gradle.internal.model.StateTransitionController.tryTransition(StateTransitionController.java:177)
build	Build debug APK	2026-04-28T11:28:50.4943756Z 	at org.gradle.internal.build.DefaultBuildLifecycleController.executeTasks(DefaultBuildLifecycleController.java:304)
build	Build debug APK	2026-04-28T11:28:50.4945854Z 	at org.gradle.internal.build.DefaultBuildWorkGraphController$DefaultBuildWorkGraph.runWork(DefaultBuildWorkGraphController.java:220)
build	Build debug APK	2026-04-28T11:28:50.4947761Z 	at org.gradle.internal.work.DefaultWorkerLeaseService.withLocks(DefaultWorkerLeaseService.java:264)
build	Build debug APK	2026-04-28T11:28:50.4949563Z 	at org.gradle.internal.work.DefaultWorkerLeaseService.runAsWorkerThread(DefaultWorkerLeaseService.java:128)
build	Build debug APK	2026-04-28T11:28:50.4951340Z 	at org.gradle.composite.internal.DefaultBuildController.doRun(DefaultBuildController.java:181)
build	Build debug APK	2026-04-28T11:28:50.4953362Z 	at org.gradle.composite.internal.DefaultBuildController.access$000(DefaultBuildController.java:50)
build	Build debug APK	2026-04-28T11:28:50.4955208Z 	at org.gradle.composite.internal.DefaultBuildController$BuildOpRunnable.lambda$run$0(DefaultBuildController.java:198)
build	Build debug APK	2026-04-28T11:28:50.4957279Z 	at org.gradle.internal.operations.CurrentBuildOperationRef.with(CurrentBuildOperationRef.java:80)
build	Build debug APK	2026-04-28T11:28:50.4958977Z 	at org.gradle.composite.internal.DefaultBuildController$BuildOpRunnable.run(DefaultBuildController.java:198)
build	Build debug APK	2026-04-28T11:28:50.4960746Z 	at org.gradle.internal.concurrent.ExecutorPolicy$CatchAndRecordFailures.onExecute(ExecutorPolicy.java:64)
build	Build debug APK	2026-04-28T11:28:50.4962711Z 	at org.gradle.internal.concurrent.AbstractManagedExecutor$1.run(AbstractManagedExecutor.java:47)
build	Build debug APK	2026-04-28T11:28:50.4965468Z Caused by: org.gradle.workers.internal.DefaultWorkerExecutor$WorkExecutionException: A failure occurred while executing org.jetbrains.kotlin.compilerRunner.GradleCompilerRunnerWithWorkers$GradleKotlinCompilerWorkAction
build	Build debug APK	2026-04-28T11:28:50.4968208Z 	at org.gradle.workers.internal.DefaultWorkerExecutor$WorkItemExecution.waitForCompletion(DefaultWorkerExecutor.java:283)
build	Build debug APK	2026-04-28T11:28:50.4970356Z 	at org.gradle.internal.work.DefaultAsyncWorkTracker.lambda$waitForItemsAndGatherFailures$2(DefaultAsyncWorkTracker.java:130)
build	Build debug APK	2026-04-28T11:28:50.4972056Z 	at org.gradle.internal.Factories$1.create(Factories.java:31)
build	Build debug APK	2026-04-28T11:28:50.4973474Z 	at org.gradle.internal.work.DefaultWorkerLeaseService.withoutLocks(DefaultWorkerLeaseService.java:336)
build	Build debug APK	2026-04-28T11:28:50.4975209Z 	at org.gradle.internal.work.DefaultWorkerLeaseService.withoutLocks(DefaultWorkerLeaseService.java:319)
build	Build debug APK	2026-04-28T11:28:50.4976905Z 	at org.gradle.internal.work.DefaultWorkerLeaseService.withoutLock(DefaultWorkerLeaseService.java:324)
build	Build debug APK	2026-04-28T11:28:50.4978773Z 	at org.gradle.internal.work.DefaultAsyncWorkTracker.waitForItemsAndGatherFailures(DefaultAsyncWorkTracker.java:126)
build	Build debug APK	2026-04-28T11:28:50.4980759Z 	at org.gradle.internal.work.DefaultAsyncWorkTracker.waitForItemsAndGatherFailures(DefaultAsyncWorkTracker.java:92)
build	Build debug APK	2026-04-28T11:28:50.4983163Z 	at org.gradle.internal.work.DefaultAsyncWorkTracker.waitForAll(DefaultAsyncWorkTracker.java:78)
build	Build debug APK	2026-04-28T11:28:50.4985053Z 	at org.gradle.internal.work.DefaultAsyncWorkTracker.waitForCompletion(DefaultAsyncWorkTracker.java:66)
build	Build debug APK	2026-04-28T11:28:50.4986649Z 	at org.gradle.api.internal.tasks.execution.TaskExecution$3.run(TaskExecution.java:256)
build	Build debug APK	2026-04-28T11:28:50.4988334Z 	at org.gradle.internal.operations.DefaultBuildOperationRunner$1.execute(DefaultBuildOperationRunner.java:29)
build	Build debug APK	2026-04-28T11:28:50.4990202Z 	at org.gradle.internal.operations.DefaultBuildOperationRunner$1.execute(DefaultBuildOperationRunner.java:26)
build	Build debug APK	2026-04-28T11:28:50.4992265Z 	at org.gradle.internal.operations.DefaultBuildOperationRunner$2.execute(DefaultBuildOperationRunner.java:66)
build	Build debug APK	2026-04-28T11:28:50.4994157Z 	at org.gradle.internal.operations.DefaultBuildOperationRunner$2.execute(DefaultBuildOperationRunner.java:59)
build	Build debug APK	2026-04-28T11:28:50.4996097Z 	at org.gradle.internal.operations.DefaultBuildOperationRunner.execute(DefaultBuildOperationRunner.java:157)
build	Build debug APK	2026-04-28T11:28:50.4997973Z 	at org.gradle.internal.operations.DefaultBuildOperationRunner.execute(DefaultBuildOperationRunner.java:59)
build	Build debug APK	2026-04-28T11:28:50.4999739Z 	at org.gradle.internal.operations.DefaultBuildOperationRunner.run(DefaultBuildOperationRunner.java:47)
build	Build debug APK	2026-04-28T11:28:50.5001563Z 	at org.gradle.internal.operations.DefaultBuildOperationExecutor.run(DefaultBuildOperationExecutor.java:73)
build	Build debug APK	2026-04-28T11:28:50.5003626Z 	at org.gradle.api.internal.tasks.execution.TaskExecution.executeAction(TaskExecution.java:233)
build	Build debug APK	2026-04-28T11:28:50.5005292Z 	at org.gradle.api.internal.tasks.execution.TaskExecution.executeActions(TaskExecution.java:216)
build	Build debug APK	2026-04-28T11:28:50.5007132Z 	at org.gradle.api.internal.tasks.execution.TaskExecution.executeWithPreviousOutputFiles(TaskExecution.java:199)
build	Build debug APK	2026-04-28T11:28:50.5008875Z 	at org.gradle.api.internal.tasks.execution.TaskExecution.execute(TaskExecution.java:166)
build	Build debug APK	2026-04-28T11:28:50.5010389Z 	at org.gradle.internal.execution.steps.ExecuteStep.executeInternal(ExecuteStep.java:105)
build	Build debug APK	2026-04-28T11:28:50.5014287Z 	at org.gradle.internal.execution.steps.ExecuteStep.access$000(ExecuteStep.java:44)
build	Build debug APK	2026-04-28T11:28:50.5016597Z 	at org.gradle.internal.execution.steps.ExecuteStep$1.call(ExecuteStep.java:59)
build	Build debug APK	2026-04-28T11:28:50.5018377Z 	at org.gradle.internal.execution.steps.ExecuteStep$1.call(ExecuteStep.java:56)
build	Build debug APK	2026-04-28T11:28:50.5020298Z 	at org.gradle.internal.operations.DefaultBuildOperationRunner$CallableBuildOperationWorker.execute(DefaultBuildOperationRunner.java:204)
build	Build debug APK	2026-04-28T11:28:50.5022882Z 	at org.gradle.internal.operations.DefaultBuildOperationRunner$CallableBuildOperationWorker.execute(DefaultBuildOperationRunner.java:199)
build	Build debug APK	2026-04-28T11:28:50.5025009Z 	at org.gradle.internal.operations.DefaultBuildOperationRunner$2.execute(DefaultBuildOperationRunner.java:66)
build	Build debug APK	2026-04-28T11:28:50.5026884Z 	at org.gradle.internal.operations.DefaultBuildOperationRunner$2.execute(DefaultBuildOperationRunner.java:59)
build	Build debug APK	2026-04-28T11:28:50.5028766Z 	at org.gradle.internal.operations.DefaultBuildOperationRunner.execute(DefaultBuildOperationRunner.java:157)
build	Build debug APK	2026-04-28T11:28:50.5030618Z 	at org.gradle.internal.operations.DefaultBuildOperationRunner.execute(DefaultBuildOperationRunner.java:59)
build	Build debug APK	2026-04-28T11:28:50.5032645Z 	at org.gradle.internal.operations.DefaultBuildOperationRunner.call(DefaultBuildOperationRunner.java:53)
build	Build debug APK	2026-04-28T11:28:50.5043122Z 	at org.gradle.internal.operations.DefaultBuildOperationExecutor.call(DefaultBuildOperationExecutor.java:78)
build	Build debug APK	2026-04-28T11:28:50.5045793Z 	at org.gradle.internal.execution.steps.ExecuteStep.execute(ExecuteStep.java:56)
build	Build debug APK	2026-04-28T11:28:50.5047302Z 	at org.gradle.internal.execution.steps.ExecuteStep.execute(ExecuteStep.java:44)
build	Build debug APK	2026-04-28T11:28:50.5049083Z 	at org.gradle.internal.execution.steps.RemovePreviousOutputsStep.execute(RemovePreviousOutputsStep.java:67)
build	Build debug APK	2026-04-28T11:28:50.5051159Z 	at org.gradle.internal.execution.steps.RemovePreviousOutputsStep.execute(RemovePreviousOutputsStep.java:37)
build	Build debug APK	2026-04-28T11:28:50.5053604Z 	at org.gradle.internal.execution.steps.CancelExecutionStep.execute(CancelExecutionStep.java:41)
build	Build debug APK	2026-04-28T11:28:50.5055356Z 	at org.gradle.internal.execution.steps.TimeoutStep.executeWithoutTimeout(TimeoutStep.java:74)
build	Build debug APK	2026-04-28T11:28:50.5074772Z 	at org.gradle.internal.execution.steps.TimeoutStep.execute(TimeoutStep.java:55)
build	Build debug APK	2026-04-28T11:28:50.5076984Z 	at org.gradle.internal.execution.steps.CreateOutputsStep.execute(CreateOutputsStep.java:50)
build	Build debug APK	2026-04-28T11:28:50.5078690Z 	at org.gradle.internal.execution.steps.CreateOutputsStep.execute(CreateOutputsStep.java:28)
build	Build debug APK	2026-04-28T11:28:50.5080948Z 	at org.gradle.internal.execution.steps.CaptureStateAfterExecutionStep.executeDelegateBroadcastingChanges(CaptureStateAfterExecutionStep.java:100)
build	Build debug APK	2026-04-28T11:28:50.5090401Z 	at org.gradle.internal.execution.steps.CaptureStateAfterExecutionStep.execute(CaptureStateAfterExecutionStep.java:72)
build	Build debug APK	2026-04-28T11:28:50.5094499Z 	at org.gradle.internal.execution.steps.CaptureStateAfterExecutionStep.execute(CaptureStateAfterExecutionStep.java:50)
build	Build debug APK	2026-04-28T11:28:50.5100665Z 	at org.gradle.internal.execution.steps.ResolveInputChangesStep.execute(ResolveInputChangesStep.java:40)
build	Build debug APK	2026-04-28T11:28:50.5102826Z 	at org.gradle.internal.execution.steps.ResolveInputChangesStep.execute(ResolveInputChangesStep.java:29)
build	Build debug APK	2026-04-28T11:28:50.5104667Z 	at org.gradle.internal.execution.steps.BuildCacheStep.executeWithoutCache(BuildCacheStep.java:179)
build	Build debug APK	2026-04-28T11:28:50.5106600Z 	at org.gradle.internal.execution.steps.BuildCacheStep.executeAndStoreInCache(BuildCacheStep.java:139)
build	Build debug APK	2026-04-28T11:28:50.5108555Z 	at org.gradle.internal.execution.steps.BuildCacheStep.lambda$executeWithCache$4(BuildCacheStep.java:106)
build	Build debug APK	2026-04-28T11:28:50.5110497Z 	at org.gradle.internal.execution.steps.BuildCacheStep.lambda$executeWithCache$5(BuildCacheStep.java:106)
build	Build debug APK	2026-04-28T11:28:50.5112197Z 	at org.gradle.internal.Try$Success.map(Try.java:164)
build	Build debug APK	2026-04-28T11:28:50.5113673Z 	at org.gradle.internal.execution.steps.BuildCacheStep.executeWithCache(BuildCacheStep.java:80)
build	Build debug APK	2026-04-28T11:28:50.5115469Z 	at org.gradle.internal.execution.steps.BuildCacheStep.lambda$execute$0(BuildCacheStep.java:69)
build	Build debug APK	2026-04-28T11:28:50.5116927Z 	at org.gradle.internal.Either$Left.fold(Either.java:115)
build	Build debug APK	2026-04-28T11:28:50.5120617Z 	at org.gradle.internal.execution.caching.CachingState.fold(CachingState.java:59)
build	Build debug APK	2026-04-28T11:28:50.5122598Z 	at org.gradle.internal.execution.steps.BuildCacheStep.execute(BuildCacheStep.java:68)
build	Build debug APK	2026-04-28T11:28:50.5124106Z 	at org.gradle.internal.execution.steps.BuildCacheStep.execute(BuildCacheStep.java:46)
build	Build debug APK	2026-04-28T11:28:50.5125758Z 	at org.gradle.internal.execution.steps.StoreExecutionStateStep.execute(StoreExecutionStateStep.java:36)
build	Build debug APK	2026-04-28T11:28:50.5127665Z 	at org.gradle.internal.execution.steps.StoreExecutionStateStep.execute(StoreExecutionStateStep.java:25)
build	Build debug APK	2026-04-28T11:28:50.5129488Z 	at org.gradle.internal.execution.steps.RecordOutputsStep.execute(RecordOutputsStep.java:36)
build	Build debug APK	2026-04-28T11:28:50.5131236Z 	at org.gradle.internal.execution.steps.RecordOutputsStep.execute(RecordOutputsStep.java:22)
build	Build debug APK	2026-04-28T11:28:50.5133457Z 	at org.gradle.internal.execution.steps.SkipUpToDateStep.executeBecause(SkipUpToDateStep.java:91)
build	Build debug APK	2026-04-28T11:28:50.5135330Z 	at org.gradle.internal.execution.steps.SkipUpToDateStep.lambda$execute$2(SkipUpToDateStep.java:55)
build	Build debug APK	2026-04-28T11:28:50.5137108Z 	at org.gradle.internal.execution.steps.SkipUpToDateStep.execute(SkipUpToDateStep.java:55)
build	Build debug APK	2026-04-28T11:28:50.5138939Z 	at org.gradle.internal.execution.steps.SkipUpToDateStep.execute(SkipUpToDateStep.java:37)
build	Build debug APK	2026-04-28T11:28:50.5140663Z 	at org.gradle.internal.execution.steps.ResolveChangesStep.execute(ResolveChangesStep.java:65)
build	Build debug APK	2026-04-28T11:28:50.5143171Z 	at org.gradle.internal.execution.steps.ResolveChangesStep.execute(ResolveChangesStep.java:36)
build	Build debug APK	2026-04-28T11:28:50.5145431Z 	at org.gradle.internal.execution.steps.legacy.MarkSnapshottingInputsFinishedStep.execute(MarkSnapshottingInputsFinishedStep.java:37)
build	Build debug APK	2026-04-28T11:28:50.5148292Z 	at org.gradle.internal.execution.steps.legacy.MarkSnapshottingInputsFinishedStep.execute(MarkSnapshottingInputsFinishedStep.java:27)
build	Build debug APK	2026-04-28T11:28:50.5150561Z 	at org.gradle.internal.execution.steps.ResolveCachingStateStep.execute(ResolveCachingStateStep.java:77)
build	Build debug APK	2026-04-28T11:28:50.5152788Z 	at org.gradle.internal.execution.steps.ResolveCachingStateStep.execute(ResolveCachingStateStep.java:38)
build	Build debug APK	2026-04-28T11:28:50.5154576Z 	at org.gradle.internal.execution.steps.ValidateStep.execute(ValidateStep.java:108)
build	Build debug APK	2026-04-28T11:28:50.5156154Z 	at org.gradle.internal.execution.steps.ValidateStep.execute(ValidateStep.java:55)
build	Build debug APK	2026-04-28T11:28:50.5158076Z 	at org.gradle.internal.execution.steps.CaptureStateBeforeExecutionStep.execute(CaptureStateBeforeExecutionStep.java:71)
build	Build debug APK	2026-04-28T11:28:50.5160574Z 	at org.gradle.internal.execution.steps.CaptureStateBeforeExecutionStep.execute(CaptureStateBeforeExecutionStep.java:45)
build	Build debug APK	2026-04-28T11:28:50.5163005Z 	at org.gradle.internal.execution.steps.SkipEmptyWorkStep.executeWithNonEmptySources(SkipEmptyWorkStep.java:177)
build	Build debug APK	2026-04-28T11:28:50.5164931Z 	at org.gradle.internal.execution.steps.SkipEmptyWorkStep.execute(SkipEmptyWorkStep.java:86)
build	Build debug APK	2026-04-28T11:28:50.5166614Z 	at org.gradle.internal.execution.steps.SkipEmptyWorkStep.execute(SkipEmptyWorkStep.java:53)
build	Build debug APK	2026-04-28T11:28:50.5168635Z 	at org.gradle.internal.execution.steps.RemoveUntrackedExecutionStateStep.execute(RemoveUntrackedExecutionStateStep.java:32)
build	Build debug APK	2026-04-28T11:28:50.5171012Z 	at org.gradle.internal.execution.steps.RemoveUntrackedExecutionStateStep.execute(RemoveUntrackedExecutionStateStep.java:21)
build	Build debug APK	2026-04-28T11:28:50.5174300Z 	at org.gradle.internal.execution.steps.legacy.MarkSnapshottingInputsStartedStep.execute(MarkSnapshottingInputsStartedStep.java:38)
build	Build debug APK	2026-04-28T11:28:50.5176630Z 	at org.gradle.internal.execution.steps.LoadPreviousExecutionStateStep.execute(LoadPreviousExecutionStateStep.java:36)
build	Build debug APK	2026-04-28T11:28:50.5178904Z 	at org.gradle.internal.execution.steps.LoadPreviousExecutionStateStep.execute(LoadPreviousExecutionStateStep.java:23)
build	Build debug APK	2026-04-28T11:28:50.5181026Z 	at org.gradle.internal.execution.steps.CleanupStaleOutputsStep.execute(CleanupStaleOutputsStep.java:75)
build	Build debug APK	2026-04-28T11:28:50.5183251Z 	at org.gradle.internal.execution.steps.CleanupStaleOutputsStep.execute(CleanupStaleOutputsStep.java:41)
build	Build debug APK	2026-04-28T11:28:50.5185879Z 	at org.gradle.internal.execution.steps.ExecuteWorkBuildOperationFiringStep.lambda$execute$2(ExecuteWorkBuildOperationFiringStep.java:66)
build	Build debug APK	2026-04-28T11:28:50.5188394Z 	at org.gradle.internal.execution.steps.ExecuteWorkBuildOperationFiringStep.execute(ExecuteWorkBuildOperationFiringStep.java:66)
build	Build debug APK	2026-04-28T11:28:50.5190854Z 	at org.gradle.internal.execution.steps.ExecuteWorkBuildOperationFiringStep.execute(ExecuteWorkBuildOperationFiringStep.java:38)
build	Build debug APK	2026-04-28T11:28:50.5193406Z 	at org.gradle.internal.execution.steps.AssignWorkspaceStep.lambda$execute$0(AssignWorkspaceStep.java:32)
build	Build debug APK	2026-04-28T11:28:50.5195276Z 	at org.gradle.api.internal.tasks.execution.TaskExecution$4.withWorkspace(TaskExecution.java:293)
build	Build debug APK	2026-04-28T11:28:50.5197074Z 	at org.gradle.internal.execution.steps.AssignWorkspaceStep.execute(AssignWorkspaceStep.java:30)
build	Build debug APK	2026-04-28T11:28:50.5198894Z 	at org.gradle.internal.execution.steps.AssignWorkspaceStep.execute(AssignWorkspaceStep.java:21)
build	Build debug APK	2026-04-28T11:28:50.5200677Z 	at org.gradle.internal.execution.steps.IdentityCacheStep.execute(IdentityCacheStep.java:37)
build	Build debug APK	2026-04-28T11:28:50.5202817Z 	at org.gradle.internal.execution.steps.IdentityCacheStep.execute(IdentityCacheStep.java:27)
build	Build debug APK	2026-04-28T11:28:50.5204448Z 	at org.gradle.internal.execution.steps.IdentifyStep.execute(IdentifyStep.java:47)
build	Build debug APK	2026-04-28T11:28:50.5206003Z 	at org.gradle.internal.execution.steps.IdentifyStep.execute(IdentifyStep.java:34)
build	Build debug APK	2026-04-28T11:28:50.5207731Z 	at org.gradle.internal.execution.impl.DefaultExecutionEngine$1.execute(DefaultExecutionEngine.java:64)
build	Build debug APK	2026-04-28T11:28:50.5209867Z 	at org.gradle.api.internal.tasks.execution.ExecuteActionsTaskExecuter.executeIfValid(ExecuteActionsTaskExecuter.java:145)
build	Build debug APK	2026-04-28T11:28:50.5212633Z 	at org.gradle.api.internal.tasks.execution.ExecuteActionsTaskExecuter.execute(ExecuteActionsTaskExecuter.java:134)
build	Build debug APK	2026-04-28T11:28:50.5214931Z 	at org.gradle.api.internal.tasks.execution.FinalizePropertiesTaskExecuter.execute(FinalizePropertiesTaskExecuter.java:46)
build	Build debug APK	2026-04-28T11:28:50.5217323Z 	at org.gradle.api.internal.tasks.execution.ResolveTaskExecutionModeExecuter.execute(ResolveTaskExecutionModeExecuter.java:51)
build	Build debug APK	2026-04-28T11:28:50.5219625Z 	at org.gradle.api.internal.tasks.execution.SkipTaskWithNoActionsExecuter.execute(SkipTaskWithNoActionsExecuter.java:57)
build	Build debug APK	2026-04-28T11:28:50.5222070Z 	at org.gradle.api.internal.tasks.execution.SkipOnlyIfTaskExecuter.execute(SkipOnlyIfTaskExecuter.java:74)
build	Build debug APK	2026-04-28T11:28:50.5224209Z 	at org.gradle.api.internal.tasks.execution.CatchExceptionTaskExecuter.execute(CatchExceptionTaskExecuter.java:36)
build	Build debug APK	2026-04-28T11:28:50.5226343Z 	at org.gradle.api.internal.tasks.execution.EventFiringTaskExecuter$1.executeTask(EventFiringTaskExecuter.java:77)
build	Build debug APK	2026-04-28T11:28:50.5228382Z 	at org.gradle.api.internal.tasks.execution.EventFiringTaskExecuter$1.call(EventFiringTaskExecuter.java:55)
build	Build debug APK	2026-04-28T11:28:50.5230802Z 	at org.gradle.api.internal.tasks.execution.EventFiringTaskExecuter$1.call(EventFiringTaskExecuter.java:52)
build	Build debug APK	2026-04-28T11:28:50.5233605Z 	at org.gradle.internal.operations.DefaultBuildOperationRunner$CallableBuildOperationWorker.execute(DefaultBuildOperationRunner.java:204)
build	Build debug APK	2026-04-28T11:28:50.5236179Z 	at org.gradle.internal.operations.DefaultBuildOperationRunner$CallableBuildOperationWorker.execute(DefaultBuildOperationRunner.java:199)
build	Build debug APK	2026-04-28T11:28:50.5238536Z 	at org.gradle.internal.operations.DefaultBuildOperationRunner$2.execute(DefaultBuildOperationRunner.java:66)
build	Build debug APK	2026-04-28T11:28:50.5240577Z 	at org.gradle.internal.operations.DefaultBuildOperationRunner$2.execute(DefaultBuildOperationRunner.java:59)
build	Build debug APK	2026-04-28T11:28:50.5242865Z 	at org.gradle.internal.operations.DefaultBuildOperationRunner.execute(DefaultBuildOperationRunner.java:157)
build	Build debug APK	2026-04-28T11:28:50.5244947Z 	at org.gradle.internal.operations.DefaultBuildOperationRunner.execute(DefaultBuildOperationRunner.java:59)
build	Build debug APK	2026-04-28T11:28:50.5247169Z 	at org.gradle.internal.operations.DefaultBuildOperationRunner.call(DefaultBuildOperationRunner.java:53)
build	Build debug APK	2026-04-28T11:28:50.5249474Z 	at org.gradle.internal.operations.DefaultBuildOperationExecutor.call(DefaultBuildOperationExecutor.java:78)
build	Build debug APK	2026-04-28T11:28:50.5251528Z 	at org.gradle.api.internal.tasks.execution.EventFiringTaskExecuter.execute(EventFiringTaskExecuter.java:52)
build	Build debug APK	2026-04-28T11:28:50.5253814Z 	at org.gradle.execution.plan.LocalTaskNodeExecutor.execute(LocalTaskNodeExecutor.java:42)
build	Build debug APK	2026-04-28T11:28:50.5255931Z 	at org.gradle.execution.taskgraph.DefaultTaskExecutionGraph$InvokeNodeExecutorsAction.execute(DefaultTaskExecutionGraph.java:331)
build	Build debug APK	2026-04-28T11:28:50.5258330Z 	at org.gradle.execution.taskgraph.DefaultTaskExecutionGraph$InvokeNodeExecutorsAction.execute(DefaultTaskExecutionGraph.java:318)
build	Build debug APK	2026-04-28T11:28:50.5260923Z 	at org.gradle.execution.taskgraph.DefaultTaskExecutionGraph$BuildOperationAwareExecutionAction.lambda$execute$0(DefaultTaskExecutionGraph.java:314)
build	Build debug APK	2026-04-28T11:28:50.5263443Z 	at org.gradle.internal.operations.CurrentBuildOperationRef.with(CurrentBuildOperationRef.java:80)
build	Build debug APK	2026-04-28T11:28:50.5265696Z 	at org.gradle.execution.taskgraph.DefaultTaskExecutionGraph$BuildOperationAwareExecutionAction.execute(DefaultTaskExecutionGraph.java:314)
build	Build debug APK	2026-04-28T11:28:50.5268298Z 	at org.gradle.execution.taskgraph.DefaultTaskExecutionGraph$BuildOperationAwareExecutionAction.execute(DefaultTaskExecutionGraph.java:303)
build	Build debug APK	2026-04-28T11:28:50.5270468Z 	at org.gradle.execution.plan.DefaultPlanExecutor$ExecutorWorker.execute(DefaultPlanExecutor.java:463)
build	Build debug APK	2026-04-28T11:28:50.5272475Z 	at org.gradle.execution.plan.DefaultPlanExecutor$ExecutorWorker.run(DefaultPlanExecutor.java:380)
build	Build debug APK	2026-04-28T11:28:50.5274041Z 	at org.gradle.execution.plan.DefaultPlanExecutor.process(DefaultPlanExecutor.java:116)
build	Build debug APK	2026-04-28T11:28:50.5275773Z 	at org.gradle.execution.taskgraph.DefaultTaskExecutionGraph.executeWithServices(DefaultTaskExecutionGraph.java:138)
build	Build debug APK	2026-04-28T11:28:50.5277911Z 	at org.gradle.execution.taskgraph.DefaultTaskExecutionGraph.execute(DefaultTaskExecutionGraph.java:123)
build	Build debug APK	2026-04-28T11:28:50.5279639Z 	at org.gradle.execution.SelectedTaskExecutionAction.execute(SelectedTaskExecutionAction.java:35)
build	Build debug APK	2026-04-28T11:28:50.5281210Z 	at org.gradle.execution.DryRunBuildExecutionAction.execute(DryRunBuildExecutionAction.java:51)
build	Build debug APK	2026-04-28T11:28:50.5283349Z 	at org.gradle.execution.BuildOperationFiringBuildWorkerExecutor$ExecuteTasks.call(BuildOperationFiringBuildWorkerExecutor.java:54)
build	Build debug APK	2026-04-28T11:28:50.5285866Z 	at org.gradle.execution.BuildOperationFiringBuildWorkerExecutor$ExecuteTasks.call(BuildOperationFiringBuildWorkerExecutor.java:43)
build	Build debug APK	2026-04-28T11:28:50.5288255Z 	at org.gradle.internal.operations.DefaultBuildOperationRunner$CallableBuildOperationWorker.execute(DefaultBuildOperationRunner.java:204)
build	Build debug APK	2026-04-28T11:28:50.5290657Z 	at org.gradle.internal.operations.DefaultBuildOperationRunner$CallableBuildOperationWorker.execute(DefaultBuildOperationRunner.java:199)
build	Build debug APK	2026-04-28T11:28:50.5292985Z 	at org.gradle.internal.operations.DefaultBuildOperationRunner$2.execute(DefaultBuildOperationRunner.java:66)
build	Build debug APK	2026-04-28T11:28:50.5294889Z 	at org.gradle.internal.operations.DefaultBuildOperationRunner$2.execute(DefaultBuildOperationRunner.java:59)
build	Build debug APK	2026-04-28T11:28:50.5296785Z 	at org.gradle.internal.operations.DefaultBuildOperationRunner.execute(DefaultBuildOperationRunner.java:157)
build	Build debug APK	2026-04-28T11:28:50.5298670Z 	at org.gradle.internal.operations.DefaultBuildOperationRunner.execute(DefaultBuildOperationRunner.java:59)
build	Build debug APK	2026-04-28T11:28:50.5300513Z 	at org.gradle.internal.operations.DefaultBuildOperationRunner.call(DefaultBuildOperationRunner.java:53)
build	Build debug APK	2026-04-28T11:28:50.5302653Z 	at org.gradle.internal.operations.DefaultBuildOperationExecutor.call(DefaultBuildOperationExecutor.java:78)
build	Build debug APK	2026-04-28T11:28:50.5304794Z 	at org.gradle.execution.BuildOperationFiringBuildWorkerExecutor.execute(BuildOperationFiringBuildWorkerExecutor.java:40)
build	Build debug APK	2026-04-28T11:28:50.5306996Z 	at org.gradle.internal.build.DefaultBuildLifecycleController.lambda$executeTasks$10(DefaultBuildLifecycleController.java:313)
build	Build debug APK	2026-04-28T11:28:50.5309210Z 	at org.gradle.internal.model.StateTransitionController.doTransition(StateTransitionController.java:266)
build	Build debug APK	2026-04-28T11:28:50.5311095Z 	at org.gradle.internal.model.StateTransitionController.lambda$tryTransition$8(StateTransitionController.java:177)
build	Build debug APK	2026-04-28T11:28:50.5313011Z 	at org.gradle.internal.work.DefaultSynchronizer.withLock(DefaultSynchronizer.java:44)
build	Build debug APK	2026-04-28T11:28:50.5314697Z 	at org.gradle.internal.model.StateTransitionController.tryTransition(StateTransitionController.java:177)
build	Build debug APK	2026-04-28T11:28:50.5316641Z 	at org.gradle.internal.build.DefaultBuildLifecycleController.executeTasks(DefaultBuildLifecycleController.java:304)
build	Build debug APK	2026-04-28T11:28:50.5318858Z 	at org.gradle.internal.build.DefaultBuildWorkGraphController$DefaultBuildWorkGraph.runWork(DefaultBuildWorkGraphController.java:220)
build	Build debug APK	2026-04-28T11:28:50.5320933Z 	at org.gradle.internal.work.DefaultWorkerLeaseService.withLocks(DefaultWorkerLeaseService.java:264)
build	Build debug APK	2026-04-28T11:28:50.5323107Z 	at org.gradle.internal.work.DefaultWorkerLeaseService.runAsWorkerThread(DefaultWorkerLeaseService.java:128)
build	Build debug APK	2026-04-28T11:28:50.5324947Z 	at org.gradle.composite.internal.DefaultBuildController.doRun(DefaultBuildController.java:181)
build	Build debug APK	2026-04-28T11:28:50.5326698Z 	at org.gradle.composite.internal.DefaultBuildController.access$000(DefaultBuildController.java:50)
build	Build debug APK	2026-04-28T11:28:50.5328756Z 	at org.gradle.composite.internal.DefaultBuildController$BuildOpRunnable.lambda$run$0(DefaultBuildController.java:198)
build	Build debug APK	2026-04-28T11:28:50.5330716Z 	at org.gradle.internal.operations.CurrentBuildOperationRef.with(CurrentBuildOperationRef.java:80)
build	Build debug APK	2026-04-28T11:28:50.5332845Z 	at org.gradle.composite.internal.DefaultBuildController$BuildOpRunnable.run(DefaultBuildController.java:198)
build	Build debug APK	2026-04-28T11:28:50.5334788Z 	at org.gradle.internal.concurrent.ExecutorPolicy$CatchAndRecordFailures.onExecute(ExecutorPolicy.java:64)
build	Build debug APK	2026-04-28T11:28:50.5336894Z 	at org.gradle.internal.concurrent.AbstractManagedExecutor$1.run(AbstractManagedExecutor.java:47)
build	Build debug APK	2026-04-28T11:28:50.5338901Z Caused by: org.jetbrains.kotlin.gradle.tasks.CompilationErrorException: Compilation error. See log for more details
build	Build debug APK	2026-04-28T11:28:50.5340878Z 	at org.jetbrains.kotlin.gradle.tasks.TasksUtilsKt.throwExceptionIfCompilationFailed(tasksUtils.kt:20)
build	Build debug APK	2026-04-28T11:28:50.5343040Z 	at org.jetbrains.kotlin.compilerRunner.GradleKotlinCompilerWork.run(GradleKotlinCompilerWork.kt:141)
build	Build debug APK	2026-04-28T11:28:50.5345430Z 	at org.jetbrains.kotlin.compilerRunner.GradleCompilerRunnerWithWorkers$GradleKotlinCompilerWorkAction.execute(GradleCompilerRunnerWithWorkers.kt:73)
build	Build debug APK	2026-04-28T11:28:50.5347585Z 	at org.gradle.workers.internal.DefaultWorkerServer.execute(DefaultWorkerServer.java:63)
build	Build debug APK	2026-04-28T11:28:50.5349253Z 	at org.gradle.workers.internal.NoIsolationWorkerFactory$1$1.create(NoIsolationWorkerFactory.java:66)
build	Build debug APK	2026-04-28T11:28:50.5351010Z 	at org.gradle.workers.internal.NoIsolationWorkerFactory$1$1.create(NoIsolationWorkerFactory.java:62)
build	Build debug APK	2026-04-28T11:28:50.5353011Z 	at org.gradle.internal.classloader.ClassLoaderUtils.executeInClassloader(ClassLoaderUtils.java:100)
build	Build debug APK	2026-04-28T11:28:50.5354875Z 	at org.gradle.workers.internal.NoIsolationWorkerFactory$1.lambda$execute$0(NoIsolationWorkerFactory.java:62)
build	Build debug APK	2026-04-28T11:28:50.5356429Z 	at org.gradle.workers.internal.AbstractWorker$1.call(AbstractWorker.java:44)
build	Build debug APK	2026-04-28T11:28:50.5357733Z 	at org.gradle.workers.internal.AbstractWorker$1.call(AbstractWorker.java:41)
build	Build debug APK	2026-04-28T11:28:50.5359603Z 	at org.gradle.internal.operations.DefaultBuildOperationRunner$CallableBuildOperationWorker.execute(DefaultBuildOperationRunner.java:204)
build	Build debug APK	2026-04-28T11:28:50.5362181Z 	at org.gradle.internal.operations.DefaultBuildOperationRunner$CallableBuildOperationWorker.execute(DefaultBuildOperationRunner.java:199)
build	Build debug APK	2026-04-28T11:28:50.5364377Z 	at org.gradle.internal.operations.DefaultBuildOperationRunner$2.execute(DefaultBuildOperationRunner.java:66)
build	Build debug APK	2026-04-28T11:28:50.5366292Z 	at org.gradle.internal.operations.DefaultBuildOperationRunner$2.execute(DefaultBuildOperationRunner.java:59)
build	Build debug APK	2026-04-28T11:28:50.5368385Z 	at org.gradle.internal.operations.DefaultBuildOperationRunner.execute(DefaultBuildOperationRunner.java:157)
build	Build debug APK	2026-04-28T11:28:50.5370282Z 	at org.gradle.internal.operations.DefaultBuildOperationRunner.execute(DefaultBuildOperationRunner.java:59)
build	Build debug APK	2026-04-28T11:28:50.5372311Z 	at org.gradle.internal.operations.DefaultBuildOperationRunner.call(DefaultBuildOperationRunner.java:53)
build	Build debug APK	2026-04-28T11:28:50.5374063Z 	at org.gradle.internal.operations.DefaultBuildOperationExecutor.call(DefaultBuildOperationExecutor.java:78)
build	Build debug APK	2026-04-28T11:28:50.5375762Z 	at org.gradle.workers.internal.AbstractWorker.executeWrappedInBuildOperation(AbstractWorker.java:41)
build	Build debug APK	2026-04-28T11:28:50.5377555Z 	at org.gradle.workers.internal.NoIsolationWorkerFactory$1.execute(NoIsolationWorkerFactory.java:59)
build	Build debug APK	2026-04-28T11:28:50.5379321Z 	at org.gradle.workers.internal.DefaultWorkerExecutor.lambda$submitWork$0(DefaultWorkerExecutor.java:170)
build	Build debug APK	2026-04-28T11:28:50.5381574Z 	at org.gradle.internal.work.DefaultConditionalExecutionQueue$ExecutionRunner.runExecution(DefaultConditionalExecutionQueue.java:187)
build	Build debug APK	2026-04-28T11:28:50.5384305Z 	at org.gradle.internal.work.DefaultConditionalExecutionQueue$ExecutionRunner.access$700(DefaultConditionalExecutionQueue.java:120)
build	Build debug APK	2026-04-28T11:28:50.5386564Z 	at org.gradle.internal.work.DefaultConditionalExecutionQueue$ExecutionRunner$1.run(DefaultConditionalExecutionQueue.java:162)
build	Build debug APK	2026-04-28T11:28:50.5388159Z 	at org.gradle.internal.Factories$1.create(Factories.java:31)
build	Build debug APK	2026-04-28T11:28:50.5389627Z 	at org.gradle.internal.work.DefaultWorkerLeaseService.withLocks(DefaultWorkerLeaseService.java:264)
build	Build debug APK	2026-04-28T11:28:50.5391500Z 	at org.gradle.internal.work.DefaultWorkerLeaseService.runAsWorkerThread(DefaultWorkerLeaseService.java:128)
build	Build debug APK	2026-04-28T11:28:50.5397852Z 	at org.gradle.internal.work.DefaultWorkerLeaseService.runAsWorkerThread(DefaultWorkerLeaseService.java:133)
build	Build debug APK	2026-04-28T11:28:50.5400049Z 	at org.gradle.internal.work.DefaultConditionalExecutionQueue$ExecutionRunner.runBatch(DefaultConditionalExecutionQueue.java:157)
build	Build debug APK	2026-04-28T11:28:50.5402982Z 	at org.gradle.internal.work.DefaultConditionalExecutionQueue$ExecutionRunner.run(DefaultConditionalExecutionQueue.java:126)
build	Build debug APK	2026-04-28T11:28:50.5404305Z 	... 2 more
build	Build debug APK	2026-04-28T11:28:50.5404666Z 
build	Build debug APK	2026-04-28T11:28:50.5404817Z 
build	Build debug APK	2026-04-28T11:28:50.5405166Z BUILD FAILED in 3m 30s
build	Build debug APK	2026-04-28T11:28:50.9457408Z ##[error]Process completed with exit code 1.
build	Post Set up Gradle	∩╗┐2026-04-28T11:28:50.9572492Z Post job cleanup.
build	Post Set up Gradle	2026-04-28T11:28:51.1996643Z In post-action step
build	Post Set up Gradle	2026-04-28T11:28:51.2005218Z Stopping all Gradle daemons before saving Gradle User Home state
build	Post Set up Gradle	2026-04-28T11:28:51.2006240Z Stopping Gradle daemons for /home/runner/gradle-installations/installs/gradle-8.4
build	Post Set up Gradle	2026-04-28T11:28:51.2025224Z [command]/home/runner/gradle-installations/installs/gradle-8.4/bin/gradle --stop
build	Post Set up Gradle	2026-04-28T11:28:51.9805411Z No Gradle daemons are running.
build	Post Set up Gradle	2026-04-28T11:28:51.9905809Z ##[group]Caching Gradle state
build	Post Set up Gradle	2026-04-28T11:28:52.0504450Z Caching generated-gradle-jars with path '/home/runner/.gradle/caches/8.4/generated-gradle-jars/gradle-api-8.4.jar' and cache key: gradle-generated-gradle-jars-v1-1a83665c481822ee3817bdf1f75747ae
build	Post Set up Gradle	2026-04-28T11:28:52.0514039Z Caching generated-gradle-jars with path '/home/runner/.gradle/caches/8.4/generated-gradle-jars/gradle-kotlin-dsl-extensions-8.4.jar' and cache key: gradle-generated-gradle-jars-v1-d75b4744b9d265c82f2e8033a6ad7da2
build	Post Set up Gradle	2026-04-28T11:28:52.0810420Z [command]/usr/bin/tar --posix -cf cache.tzst --exclude cache.tzst -P -C /home/runner/work/StockWatchdog/StockWatchdog --files-from manifest.txt --use-compress-program zstdmt
build	Post Set up Gradle	2026-04-28T11:28:52.0813336Z [command]/usr/bin/tar --posix -cf cache.tzst --exclude cache.tzst -P -C /home/runner/work/StockWatchdog/StockWatchdog --files-from manifest.txt --use-compress-program zstdmt
build	Post Set up Gradle	2026-04-28T11:28:52.2090962Z ##[warning]Failed to save cache entry with path '/home/runner/.gradle/caches/8.4/generated-gradle-jars/gradle-kotlin-dsl-extensions-8.4.jar' and key: gradle-generated-gradle-jars-v1-d75b4744b9d265c82f2e8033a6ad7da2: Error: <h2>Our services aren't available right now</h2><p>We're working to restore all services as soon as possible. Please check back soon.</p>09JnwaQAAAAB9006h0NepSIoC+L5QQsJDUEhYMzFFREdFMDIxMgBFZGdl
build	Post Set up Gradle	2026-04-28T11:28:52.6220593Z ##[warning]Failed to save cache entry with path '/home/runner/.gradle/caches/8.4/generated-gradle-jars/gradle-api-8.4.jar' and key: gradle-generated-gradle-jars-v1-1a83665c481822ee3817bdf1f75747ae: Error: <h2>Our services aren't available right now</h2><p>We're working to restore all services as soon as possible. Please check back soon.</p>09JnwaQAAAAASP0qRuPmHS5jUj/vcuKgAUEhYMzFFREdFMDUxNgBFZGdl
build	Post Set up Gradle	2026-04-28T11:28:52.7320632Z Caching dependencies with path '/home/runner/.gradle/caches/modules-*/files-*/*/*/*/*' and cache key: gradle-dependencies-v1-a9ed3c216a51437aaeeb57e52eb9644f
build	Post Set up Gradle	2026-04-28T11:28:52.7779513Z Caching instrumented-jars with path '/home/runner/.gradle/caches/jars-*/*/' and cache key: gradle-instrumented-jars-v1-1b529e4fd5a053c5abf54edbd538ed03
build	Post Set up Gradle	2026-04-28T11:28:52.8074937Z Caching kotlin-dsl with path '/home/runner/.gradle/caches/*/kotlin-dsl/accessors/*/
build	Post Set up Gradle	2026-04-28T11:28:52.8076152Z /home/runner/.gradle/caches/*/kotlin-dsl/scripts/*/' and cache key: gradle-kotlin-dsl-v1-62e1218e011eaad362e898f18ed14238
build	Post Set up Gradle	2026-04-28T11:28:52.8763803Z [command]/usr/bin/tar --posix -cf cache.tzst --exclude cache.tzst -P -C /home/runner/work/StockWatchdog/StockWatchdog --files-from manifest.txt --use-compress-program zstdmt
build	Post Set up Gradle	2026-04-28T11:28:52.9231663Z [command]/usr/bin/tar --posix -cf cache.tzst --exclude cache.tzst -P -C /home/runner/work/StockWatchdog/StockWatchdog --files-from manifest.txt --use-compress-program zstdmt
build	Post Set up Gradle	2026-04-28T11:28:52.9708123Z ##[warning]Failed to save cache entry with path '/home/runner/.gradle/caches/*/kotlin-dsl/accessors/*/
build	Post Set up Gradle	/home/runner/.gradle/caches/*/kotlin-dsl/scripts/*/' and key: gradle-kotlin-dsl-v1-62e1218e011eaad362e898f18ed14238: Error: <h2>Our services aren't available right now</h2><p>We're working to restore all services as soon as possible. Please check back soon.</p>09JnwaQAAAAAoi/pVEnonRZl5VIr9c47WUEhYMzFFREdFMDIwNgBFZGdl
build	Post Set up Gradle	2026-04-28T11:28:53.4133609Z [command]/usr/bin/tar --posix -cf cache.tzst --exclude cache.tzst -P -C /home/runner/work/StockWatchdog/StockWatchdog --files-from manifest.txt --use-compress-program zstdmt
build	Post Set up Gradle	2026-04-28T11:28:54.3974759Z ##[warning]Failed to save cache entry with path '/home/runner/.gradle/caches/jars-*/*/' and key: gradle-instrumented-jars-v1-1b529e4fd5a053c5abf54edbd538ed03: Error: <h2>Our services aren't available right now</h2><p>We're working to restore all services as soon as possible. Please check back soon.</p>09pnwaQAAAABVKvpo/AtrTYkD86uSKugPUEhYMzFFREdFMDIxMwBFZGdl
build	Post Set up Gradle	2026-04-28T11:28:54.5124880Z ##[warning]Failed to save cache entry with path '/home/runner/.gradle/caches/modules-*/files-*/*/*/*/*' and key: gradle-dependencies-v1-a9ed3c216a51437aaeeb57e52eb9644f: Error: <h2>Our services aren't available right now</h2><p>We're working to restore all services as soon as possible. Please check back soon.</p>09pnwaQAAAAD0XPGSpQGRQIv9PDFvmBaKUEhYMzFFREdFMDIyMQBFZGdl
build	Post Set up Gradle	2026-04-28T11:28:54.6552455Z Caching Gradle User Home with cache key: gradle-home-v1|Linux|build[620c74083efa5b88ef904c2356f72d31]-64d1279197b49aff606c4906d58c392ad6e2a179
build	Post Set up Gradle	2026-04-28T11:28:54.6645232Z [command]/usr/bin/tar --posix -cf cache.tzst --exclude cache.tzst -P -C /home/runner/work/StockWatchdog/StockWatchdog --files-from manifest.txt --use-compress-program zstdmt
build	Post Set up Gradle	2026-04-28T11:28:55.9447472Z ##[warning]Failed to save cache entry with path '/home/runner/.gradle/caches,/home/runner/.gradle/notifications,/home/runner/.gradle/.setup-gradle' and key: gradle-home-v1|Linux|build[620c74083efa5b88ef904c2356f72d31]-64d1279197b49aff606c4906d58c392ad6e2a179: Error: <h2>Our services aren't available right now</h2><p>We're working to restore all services as soon as possible. Please check back soon.</p>095nwaQAAAAAhRyBZdkLURbTa/y0msikbUEhYMzFFREdFMDYwOQBFZGdl
build	Post Set up Gradle	2026-04-28T11:28:55.9452685Z ##[endgroup]
build	Post Set up Gradle	2026-04-28T11:28:55.9453507Z Generating Job Summary
build	Post Set up Gradle	2026-04-28T11:28:55.9466541Z Completed post-action step
build	Post Set up JDK 17	∩╗┐2026-04-28T11:28:55.9644891Z Post job cleanup.
build	Post Checkout	∩╗┐2026-04-28T11:28:56.1383219Z Post job cleanup.
build	Post Checkout	2026-04-28T11:28:56.2362639Z [command]/usr/bin/git version
build	Post Checkout	2026-04-28T11:28:56.2397968Z git version 2.53.0
build	Post Checkout	2026-04-28T11:28:56.2440709Z Temporarily overriding HOME='/home/runner/work/_temp/41d532bf-f207-434e-bfcb-0faa80a7556c' before making global git config changes
build	Post Checkout	2026-04-28T11:28:56.2442406Z Adding repository directory to the temporary git global config as a safe directory
build	Post Checkout	2026-04-28T11:28:56.2453100Z [command]/usr/bin/git config --global --add safe.directory /home/runner/work/StockWatchdog/StockWatchdog
build	Post Checkout	2026-04-28T11:28:56.2486420Z [command]/usr/bin/git config --local --name-only --get-regexp core\.sshCommand
build	Post Checkout	2026-04-28T11:28:56.2517674Z [command]/usr/bin/git submodule foreach --recursive sh -c "git config --local --name-only --get-regexp 'core\.sshCommand' && git config --local --unset-all 'core.sshCommand' || :"
build	Post Checkout	2026-04-28T11:28:56.2737420Z [command]/usr/bin/git config --local --name-only --get-regexp http\.https\:\/\/github\.com\/\.extraheader
build	Post Checkout	2026-04-28T11:28:56.2756413Z http.https://github.com/.extraheader
build	Post Checkout	2026-04-28T11:28:56.2768344Z [command]/usr/bin/git config --local --unset-all http.https://github.com/.extraheader
build	Post Checkout	2026-04-28T11:28:56.2797570Z [command]/usr/bin/git submodule foreach --recursive sh -c "git config --local --name-only --get-regexp 'http\.https\:\/\/github\.com\/\.extraheader' && git config --local --unset-all 'http.https://github.com/.extraheader' || :"
build	Post Checkout	2026-04-28T11:28:56.3009486Z [command]/usr/bin/git config --local --name-only --get-regexp ^includeIf\.gitdir:
build	Post Checkout	2026-04-28T11:28:56.3037909Z [command]/usr/bin/git submodule foreach --recursive git config --local --show-origin --name-only --get-regexp remote.origin.url
build	Complete job	∩╗┐2026-04-28T11:28:56.3358374Z Cleaning up orphan processes
build	Complete job	2026-04-28T11:28:56.3719305Z ##[warning]Node.js 20 actions are deprecated. The following actions are running on Node.js 20 and may not work as expected: actions/checkout@v4, actions/setup-java@v4, android-actions/setup-android@v3, gradle/actions/setup-gradle@v3. Actions will be forced to run with Node.js 24 by default starting June 2nd, 2026. Node.js 20 will be removed from the runner on September 16th, 2026. Please check if updated versions of these actions are available that support Node.js 24. To opt into Node.js 24 now, set the FORCE_JAVASCRIPT_ACTIONS_TO_NODE24=true environment variable on the runner or in your workflow file. Once Node.js 24 becomes the default, you can temporarily opt out by setting ACTIONS_ALLOW_USE_UNSECURE_NODE_VERSION=true. For more information see: https://github.blog/changelog/2025-09-19-deprecation-of-node-20-on-github-actions-runners/
